Archive member included to satisfy reference by file (symbol)

C:/ST/STM32CubeIDE_1.15.0/STM32CubeIDE/plugins/com.st.stm32cube.ide.mcu.externaltools.gnu-tools-for-stm32.12.3.rel1.win32_1.0.100.202403111256/tools/bin/../lib/gcc/arm-none-eabi/12.3.1/../../../../arm-none-eabi/lib/thumb/v7e-m+fp/hard\libc_nano.a(libc_a-exit.o)
                              C:/ST/STM32CubeIDE_1.15.0/STM32CubeIDE/plugins/com.st.stm32cube.ide.mcu.externaltools.gnu-tools-for-stm32.12.3.rel1.win32_1.0.100.202403111256/tools/bin/../lib/gcc/arm-none-eabi/12.3.1/../../../../arm-none-eabi/lib/thumb/v7e-m+fp/hard/crt0.o (exit)
C:/ST/STM32CubeIDE_1.15.0/STM32CubeIDE/plugins/com.st.stm32cube.ide.mcu.externaltools.gnu-tools-for-stm32.12.3.rel1.win32_1.0.100.202403111256/tools/bin/../lib/gcc/arm-none-eabi/12.3.1/../../../../arm-none-eabi/lib/thumb/v7e-m+fp/hard\libc_nano.a(libc_a-findfp.o)
                              ./Middlewares/Third_Party/FreeRTOS/Source/tasks.o (__sf)
C:/ST/STM32CubeIDE_1.15.0/STM32CubeIDE/plugins/com.st.stm32cube.ide.mcu.externaltools.gnu-tools-for-stm32.12.3.rel1.win32_1.0.100.202403111256/tools/bin/../lib/gcc/arm-none-eabi/12.3.1/../../../../arm-none-eabi/lib/thumb/v7e-m+fp/hard\libc_nano.a(libc_a-fwalk.o)
                              C:/ST/STM32CubeIDE_1.15.0/STM32CubeIDE/plugins/com.st.stm32cube.ide.mcu.externaltools.gnu-tools-for-stm32.12.3.rel1.win32_1.0.100.202403111256/tools/bin/../lib/gcc/arm-none-eabi/12.3.1/../../../../arm-none-eabi/lib/thumb/v7e-m+fp/hard\libc_nano.a(libc_a-findfp.o) (_fwalk_sglue)
C:/ST/STM32CubeIDE_1.15.0/STM32CubeIDE/plugins/com.st.stm32cube.ide.mcu.externaltools.gnu-tools-for-stm32.12.3.rel1.win32_1.0.100.202403111256/tools/bin/../lib/gcc/arm-none-eabi/12.3.1/../../../../arm-none-eabi/lib/thumb/v7e-m+fp/hard\libc_nano.a(libc_a-printf.o)
                              ./Core/Src/BNO080.o (printf)
C:/ST/STM32CubeIDE_1.15.0/STM32CubeIDE/plugins/com.st.stm32cube.ide.mcu.externaltools.gnu-tools-for-stm32.12.3.rel1.win32_1.0.100.202403111256/tools/bin/../lib/gcc/arm-none-eabi/12.3.1/../../../../arm-none-eabi/lib/thumb/v7e-m+fp/hard\libc_nano.a(libc_a-puts.o)
                              ./Core/Src/BNO080.o (puts)
C:/ST/STM32CubeIDE_1.15.0/STM32CubeIDE/plugins/com.st.stm32cube.ide.mcu.externaltools.gnu-tools-for-stm32.12.3.rel1.win32_1.0.100.202403111256/tools/bin/../lib/gcc/arm-none-eabi/12.3.1/../../../../arm-none-eabi/lib/thumb/v7e-m+fp/hard\libc_nano.a(libc_a-stdio.o)
                              C:/ST/STM32CubeIDE_1.15.0/STM32CubeIDE/plugins/com.st.stm32cube.ide.mcu.externaltools.gnu-tools-for-stm32.12.3.rel1.win32_1.0.100.202403111256/tools/bin/../lib/gcc/arm-none-eabi/12.3.1/../../../../arm-none-eabi/lib/thumb/v7e-m+fp/hard\libc_nano.a(libc_a-findfp.o) (__sread)
C:/ST/STM32CubeIDE_1.15.0/STM32CubeIDE/plugins/com.st.stm32cube.ide.mcu.externaltools.gnu-tools-for-stm32.12.3.rel1.win32_1.0.100.202403111256/tools/bin/../lib/gcc/arm-none-eabi/12.3.1/../../../../arm-none-eabi/lib/thumb/v7e-m+fp/hard\libc_nano.a(libc_a-wbuf.o)
                              C:/ST/STM32CubeIDE_1.15.0/STM32CubeIDE/plugins/com.st.stm32cube.ide.mcu.externaltools.gnu-tools-for-stm32.12.3.rel1.win32_1.0.100.202403111256/tools/bin/../lib/gcc/arm-none-eabi/12.3.1/../../../../arm-none-eabi/lib/thumb/v7e-m+fp/hard\libc_nano.a(libc_a-puts.o) (__swbuf_r)
C:/ST/STM32CubeIDE_1.15.0/STM32CubeIDE/plugins/com.st.stm32cube.ide.mcu.externaltools.gnu-tools-for-stm32.12.3.rel1.win32_1.0.100.202403111256/tools/bin/../lib/gcc/arm-none-eabi/12.3.1/../../../../arm-none-eabi/lib/thumb/v7e-m+fp/hard\libc_nano.a(libc_a-wsetup.o)
                              C:/ST/STM32CubeIDE_1.15.0/STM32CubeIDE/plugins/com.st.stm32cube.ide.mcu.externaltools.gnu-tools-for-stm32.12.3.rel1.win32_1.0.100.202403111256/tools/bin/../lib/gcc/arm-none-eabi/12.3.1/../../../../arm-none-eabi/lib/thumb/v7e-m+fp/hard\libc_nano.a(libc_a-puts.o) (__swsetup_r)
C:/ST/STM32CubeIDE_1.15.0/STM32CubeIDE/plugins/com.st.stm32cube.ide.mcu.externaltools.gnu-tools-for-stm32.12.3.rel1.win32_1.0.100.202403111256/tools/bin/../lib/gcc/arm-none-eabi/12.3.1/../../../../arm-none-eabi/lib/thumb/v7e-m+fp/hard\libc_nano.a(libc_a-memset.o)
                              C:/ST/STM32CubeIDE_1.15.0/STM32CubeIDE/plugins/com.st.stm32cube.ide.mcu.externaltools.gnu-tools-for-stm32.12.3.rel1.win32_1.0.100.202403111256/tools/bin/../lib/gcc/arm-none-eabi/12.3.1/../../../../arm-none-eabi/lib/thumb/v7e-m+fp/hard/crt0.o (memset)
C:/ST/STM32CubeIDE_1.15.0/STM32CubeIDE/plugins/com.st.stm32cube.ide.mcu.externaltools.gnu-tools-for-stm32.12.3.rel1.win32_1.0.100.202403111256/tools/bin/../lib/gcc/arm-none-eabi/12.3.1/../../../../arm-none-eabi/lib/thumb/v7e-m+fp/hard\libc_nano.a(libc_a-closer.o)
                              C:/ST/STM32CubeIDE_1.15.0/STM32CubeIDE/plugins/com.st.stm32cube.ide.mcu.externaltools.gnu-tools-for-stm32.12.3.rel1.win32_1.0.100.202403111256/tools/bin/../lib/gcc/arm-none-eabi/12.3.1/../../../../arm-none-eabi/lib/thumb/v7e-m+fp/hard\libc_nano.a(libc_a-stdio.o) (_close_r)
[...]
Memory Configuration

Name             Origin             Length             Attributes
CCMRAM           0x10000000         0x00010000         xrw
RAM              0x20000000         0x00020000         xrw
FLASH            0x08000000         0x00100000         xr
*default*        0x00000000         0xffffffff

Linker script and memory map

LOAD C:/ST/STM32CubeIDE_1.15.0/STM32CubeIDE/plugins/com.st.stm32cube.ide.mcu.externaltools.gnu-tools-for-stm32.12.3.rel1.win32_1.0.100.202403111256/tools/bin/../lib/gcc/arm-none-eabi/12.3.1/thumb/v7e-m+fp/hard/crti.o
LOAD C:/ST/STM32CubeIDE_1.15.0/STM32CubeIDE/plugins/com.st.stm32cube.ide.mcu.externaltools.gnu-tools-for-stm32.12.3.rel1.win32_1.0.100.202403111256/tools/bin/../lib/gcc/arm-none-eabi/12.3.1/thumb/v7e-m+fp/hard/crtbegin.o
LOAD C:/ST/STM32CubeIDE_1.15.0/STM32CubeIDE/plugins/com.st.stm32cube.ide.mcu.externaltools.gnu-tools-for-stm32.12.3.rel1.win32_1.0.100.202403111256/tools/bin/../lib/gcc/arm-none-eabi/12.3.1/../../../../arm-none-eabi/lib/thumb/v7e-m+fp/hard/crt0.o
LOAD ./Core/Src/BNO080.o
LOAD ./Core/Src/Quaternion.o
LOAD ./Core/Src/freertos.o
LOAD ./Core/Src/main.o
LOAD ./Core/Src/stm32f4xx_hal_msp.o
LOAD ./Core/Src/stm32f4xx_hal_timebase_tim.o
LOAD ./Core/Src/stm32f4xx_it.o
LOAD ./Core/Src/syscalls.o
LOAD ./Core/Src/sysmem.o
LOAD ./Core/Src/system_stm32f4xx.o
LOAD ./Core/Startup/startup_stm32f405rgtx.o
LOAD ./Drivers/STM32F4xx_HAL_Driver/Src/stm32f4xx_hal.o
LOAD ./Drivers/STM32F4xx_HAL_Driver/Src/stm32f4xx_hal_cortex.o
LOAD ./Drivers/STM32F4xx_HAL_Driver/Src/stm32f4xx_hal_dma.o
LOAD ./Drivers/STM32F4xx_HAL_Driver/Src/stm32f4xx_hal_dma_ex.o
LOAD ./Drivers/STM32F4xx_HAL_Driver/Src/stm32f4xx_hal_exti.o
LOAD ./Drivers/STM32F4xx_HAL_Driver/Src/stm32f4xx_hal_flash.o
LOAD ./Drivers/STM32F4xx_HAL_Driver/Src/stm32f4xx_hal_flash_ex.o
LOAD ./Drivers/STM32F4xx_HAL_Driver/Src/stm32f4xx_hal_flash_ramfunc.o
LOAD ./Drivers/STM32F4xx_HAL_Driver/Src/stm32f4xx_hal_gpio.o
LOAD ./Drivers/STM32F4xx_HAL_Driver/Src/stm32f4xx_hal_pcd.o
LOAD ./Drivers/STM32F4xx_HAL_Driver/Src/stm32f4xx_hal_pcd_ex.o
LOAD ./Drivers/STM32F4xx_HAL_Driver/Src/stm32f4xx_hal_pwr.o
LOAD ./Drivers/STM32F4xx_HAL_Driver/Src/stm32f4xx_hal_pwr_ex.o
LOAD ./Drivers/STM32F4xx_HAL_Driver/Src/stm32f4xx_hal_rcc.o
LOAD ./Drivers/STM32F4xx_HAL_Driver/Src/stm32f4xx_hal_rcc_ex.o
LOAD ./Drivers/STM32F4xx_HAL_Driver/Src/stm32f4xx_hal_spi.o
LOAD ./Drivers/STM32F4xx_HAL_Driver/Src/stm32f4xx_hal_tim.o
LOAD ./Drivers/STM32F4xx_HAL_Driver/Src/stm32f4xx_hal_tim_ex.o
LOAD ./Drivers/STM32F4xx_HAL_Driver/Src/stm32f4xx_ll_usb.o
LOAD ./Middlewares/ST/STM32_USB_Device_Library/Class/CDC/Src/usbd_cdc.o
LOAD ./Middlewares/ST/STM32_USB_Device_Library/Core/Src/usbd_core.o
LOAD ./Middlewares/ST/STM32_USB_Device_Library/Core/Src/usbd_ctlreq.o
LOAD ./Middlewares/ST/STM32_USB_Device_Library/Core/Src/usbd_ioreq.o
LOAD ./Middlewares/Third_Party/FreeRTOS/Source/CMSIS_RTOS_V2/cmsis_os2.o
LOAD ./Middlewares/Third_Party/FreeRTOS/Source/croutine.o
LOAD ./Middlewares/Third_Party/FreeRTOS/Source/event_groups.o
LOAD ./Middlewares/Third_Party/FreeRTOS/Source/list.o
LOAD ./Middlewares/Third_Party/FreeRTOS/Source/queue.o
LOAD ./Middlewares/Third_Party/FreeRTOS/Source/stream_buffer.o
LOAD ./Middlewares/Third_Party/FreeRTOS/Source/tasks.o
LOAD ./Middlewares/Third_Party/FreeRTOS/Source/timers.o
LOAD ./Middlewares/Third_Party/FreeRTOS/Source/portable/GCC/ARM_CM4F/port.o
LOAD ./Middlewares/Third_Party/FreeRTOS/Source/portable/MemMang/heap_4.o
LOAD ./USB_DEVICE/App/usb_device.o
LOAD ./USB_DEVICE/App/usbd_cdc_if.o
LOAD ./USB_DEVICE/App/usbd_desc.o
LOAD ./USB_DEVICE/Target/usbd_conf.o
START GROUP
LOAD C:/ST/STM32CubeIDE_1.15.0/STM32CubeIDE/plugins/com.st.stm32cube.ide.mcu.externaltools.gnu-tools-for-stm32.12.3.rel1.win32_1.0.100.202403111256/tools/bin/../lib/gcc/arm-none-eabi/12.3.1/../../../../arm-none-eabi/lib/thumb/v7e-m+fp/hard\libc_nano.a
LOAD C:/ST/STM32CubeIDE_1.15.0/STM32CubeIDE/plugins/com.st.stm32cube.ide.mcu.externaltools.gnu-tools-for-stm32.12.3.rel1.win32_1.0.100.202403111256/tools/bin/../lib/gcc/arm-none-eabi/12.3.1/../../../../arm-none-eabi/lib/thumb/v7e-m+fp/hard\libm.a
END GROUP
START GROUP
LOAD C:/ST/STM32CubeIDE_1.15.0/STM32CubeIDE/plugins/com.st.stm32cube.ide.mcu.externaltools.gnu-tools-for-stm32.12.3.rel1.win32_1.0.100.202403111256/tools/bin/../lib/gcc/arm-none-eabi/12.3.1/thumb/v7e-m+fp/hard\libgcc.a
LOAD C:/ST/STM32CubeIDE_1.15.0/STM32CubeIDE/plugins/com.st.stm32cube.ide.mcu.externaltools.gnu-tools-for-stm32.12.3.rel1.win32_1.0.100.202403111256/tools/bin/../lib/gcc/arm-none-eabi/12.3.1/../../../../arm-none-eabi/lib/thumb/v7e-m+fp/hard\libc_nano.a
END GROUP
START GROUP
LOAD C:/ST/STM32CubeIDE_1.15.0/STM32CubeIDE/plugins/com.st.stm32cube.ide.mcu.externaltools.gnu-tools-for-stm32.12.3.rel1.win32_1.0.100.202403111256/tools/bin/../lib/gcc/arm-none-eabi/12.3.1/thumb/v7e-m+fp/hard\libgcc.a
LOAD C:/ST/STM32CubeIDE_1.15.0/STM32CubeIDE/plugins/com.st.stm32cube.ide.mcu.externaltools.gnu-tools-for-stm32.12.3.rel1.win32_1.0.100.202403111256/tools/bin/../lib/gcc/arm-none-eabi/12.3.1/../../../../arm-none-eabi/lib/thumb/v7e-m+fp/hard\libc_nano.a
LOAD C:/ST/STM32CubeIDE_1.15.0/STM32CubeIDE/plugins/com.st.stm32cube.ide.mcu.externaltools.gnu-tools-for-stm32.12.3.rel1.win32_1.0.100.202403111256/tools/bin/../lib/gcc/arm-none-eabi/12.3.1/../../../../arm-none-eabi/lib/thumb/v7e-m+fp/hard\libnosys.a
END GROUP
START GROUP
LOAD C:/ST/STM32CubeIDE_1.15.0/STM32CubeIDE/plugins/com.st.stm32cube.ide.mcu.externaltools.gnu-tools-for-stm32.12.3.rel1.win32_1.0.100.202403111256/tools/bin/../lib/gcc/arm-none-eabi/12.3.1/thumb/v7e-m+fp/hard\libgcc.a
LOAD C:/ST/STM32CubeIDE_1.15.0/STM32CubeIDE/plugins/com.st.stm32cube.ide.mcu.externaltools.gnu-tools-for-stm32.12.3.rel1.win32_1.0.100.202403111256/tools/bin/../lib/gcc/arm-none-eabi/12.3.1/../../../../arm-none-eabi/lib/thumb/v7e-m+fp/hard\libc_nano.a
LOAD C:/ST/STM32CubeIDE_1.15.0/STM32CubeIDE/plugins/com.st.stm32cube.ide.mcu.externaltools.gnu-tools-for-stm32.12.3.rel1.win32_1.0.100.202403111256/tools/bin/../lib/gcc/arm-none-eabi/12.3.1/../../../../arm-none-eabi/lib/thumb/v7e-m+fp/hard\libnosys.a
END GROUP
LOAD C:/ST/STM32CubeIDE_1.15.0/STM32CubeIDE/plugins/com.st.stm32cube.ide.mcu.externaltools.gnu-tools-for-stm32.12.3.rel1.win32_1.0.100.202403111256/tools/bin/../lib/gcc/arm-none-eabi/12.3.1/thumb/v7e-m+fp/hard/crtend.o
LOAD C:/ST/STM32CubeIDE_1.15.0/STM32CubeIDE/plugins/com.st.stm32cube.ide.mcu.externaltools.gnu-tools-for-stm32.12.3.rel1.win32_1.0.100.202403111256/tools/bin/../lib/gcc/arm-none-eabi/12.3.1/thumb/v7e-m+fp/hard/crtn.o
                0x20020000                        _estack = (ORIGIN (RAM) + LENGTH (RAM))
                0x00000200                        _Min_Heap_Size = 0x200
                0x00000400                        _Min_Stack_Size = 0x400

.isr_vector     0x08000000      0x188
                0x08000000                        . = ALIGN (0x4)
 *(.isr_vector)
 .isr_vector    0x08000000      0x188 ./Core/Startup/startup_stm32f405rgtx.o
                0x08000000                g_pfnVectors
                0x08000188                        . = ALIGN (0x4)

.text           0x08000190     0xd828
                0x08000190                        . = ALIGN (0x4)
 *(.text)
 .text          0x08000190       0x40 C:/ST/STM32CubeIDE_1.15.0/STM32CubeIDE/plugins/com.st.stm32cube.ide.mcu.externaltools.gnu-tools-for-stm32.12.3.rel1.win32_1.0.100.202403111256/tools/bin/../lib/gcc/arm-none-eabi/12.3.1/thumb/v7e-m+fp/hard/crtbegin.o
 .text          0x080001d0       0xa0 C:/ST/STM32CubeIDE_1.15.0/STM32CubeIDE/plugins/com.st.stm32cube.ide.mcu.externaltools.gnu-tools-for-stm32.12.3.rel1.win32_1.0.100.202403111256/tools/bin/../lib/gcc/arm-none-eabi/12.3.1/../../../../arm-none-eabi/lib/thumb/v7e-m+fp/hard\libc_nano.a(libc_a-memchr.o)
                0x080001d0                memchr
 .text          0x08000270       0x30 C:/ST/STM32CubeIDE_1.15.0/STM32CubeIDE/plugins/com.st.stm32cube.ide.mcu.externaltools.gnu-tools-for-stm32.12.3.rel1.win32_1.0.100.202403111256/tools/bin/../lib/gcc/arm-none-eabi/12.3.1/thumb/v7e-m+fp/hard\libgcc.a(_aeabi_uldivmod.o)
                0x08000270                __aeabi_uldivmod
 .text          0x080002a0      0x2bc C:/ST/STM32CubeIDE_1.15.0/STM32CubeIDE/plugins/com.st.stm32cube.ide.mcu.externaltools.gnu-tools-for-stm32.12.3.rel1.win32_1.0.100.202403111256/tools/bin/../lib/gcc/arm-none-eabi/12.3.1/thumb/v7e-m+fp/hard\libgcc.a(_udivmoddi4.o)
                0x080002a0                __udivmoddi4
 .text          0x0800055c        0x4 C:/ST/STM32CubeIDE_1.15.0/STM32CubeIDE/plugins/com.st.stm32cube.ide.mcu.externaltools.gnu-tools-for-stm32.12.3.rel1.win32_1.0.100.202403111256/tools/bin/../lib/gcc/arm-none-eabi/12.3.1/thumb/v7e-m+fp/hard\libgcc.a(_dvmd_tls.o)
                0x0800055c                __aeabi_idiv0
                0x0800055c                __aeabi_ldiv0
 *(.text*)
 .text.BNO080_GPIO_SPI_Initialization
                0x08000560       0x50 ./Core/Src/BNO080.o
                0x08000560                BNO080_GPIO_SPI_Initialization
 .text.BNO080_Initialization
                0x080005b0       0xe4 ./Core/Src/BNO080.o
                0x080005b0                BNO080_Initialization
 .text.SPI2_SendByte
                0x08000694       0x2c ./Core/Src/BNO080.o
                0x08000694                SPI2_SendByte
 .text.BNO080_dataAvailable
                0x080006c0       0x5c ./Core/Src/BNO080.o
                0x080006c0                BNO080_dataAvailable
 .text.BNO080_parseCommandReport
                0x0800071c       0x38 ./Core/Src/BNO080.o
                0x0800071c                BNO080_parseCommandReport
 .text.BNO080_parseInputReport
                0x08000754      0x2e0 ./Core/Src/BNO080.o
                0x08000754                BNO080_parseInputReport
 .text.BNO080_getQuatI
                0x08000a34       0x2c ./Core/Src/BNO080.o
                0x08000a34                BNO080_getQuatI
 .text.BNO080_getQuatJ
                0x08000a60       0x2c ./Core/Src/BNO080.o
                0x08000a60                BNO080_getQuatJ
 .text.BNO080_getQuatK
                0x08000a8c       0x2c ./Core/Src/BNO080.o
                0x08000a8c                BNO080_getQuatK
 .text.BNO080_getQuatReal
                0x08000ab8       0x2c ./Core/Src/BNO080.o
                0x08000ab8                BNO080_getQuatReal
 .text.BNO080_getQuatRadianAccuracy
                0x08000ae4       0x2c ./Core/Src/BNO080.o
                0x08000ae4                BNO080_getQuatRadianAccuracy
 .text.BNO080_qToFloat
                0x08000b10       0x4e ./Core/Src/BNO080.o
                0x08000b10                BNO080_qToFloat
 .text.BNO080_enableRotationVector
                0x08000b5e       0x1e ./Core/Src/BNO080.o
                0x08000b5e                BNO080_enableRotationVector
 .text.BNO080_setFeatureCommand
                0x08000b7c       0xa4 ./Core/Src/BNO080.o
                0x08000b7c                BNO080_setFeatureCommand
 .text.BNO080_waitForSPI
                0x08000c20       0x44 ./Core/Src/BNO080.o
                0x08000c20                BNO080_waitForSPI
 .text.BNO080_receivePacket
                0x08000c64       0xe4 ./Core/Src/BNO080.o
                0x08000c64                BNO080_receivePacket
 .text.BNO080_sendPacket
                0x08000d48       0xa4 ./Core/Src/BNO080.o
                0x08000d48                BNO080_sendPacket
 .text.Quaternion_Update
                0x08000dec      0x284 ./Core/Src/Quaternion.o
                0x08000dec                Quaternion_Update
 .text.invSqrt  0x08001070       0x78 ./Core/Src/Quaternion.o
                0x08001070                invSqrt
 .text.HAL_GPIO_EXTI_Callback
                0x080010e8       0x38 ./Core/Src/main.o
                0x080010e8                HAL_GPIO_EXTI_Callback
 .text.main     0x08001120      0x138 ./Core/Src/main.o
                0x08001120                main
 .text.SystemClock_Config
                0x08001258       0xd0 ./Core/Src/main.o
                0x08001258                SystemClock_Config
 .text.MX_SPI2_Init
                0x08001328       0x6c ./Core/Src/main.o
 .text.MX_GPIO_Init
                0x08001394      0x118 ./Core/Src/main.o
 .text.StartDefaultTask
                0x080014ac       0x24 ./Core/Src/main.o
                0x080014ac                StartDefaultTask
 .text.StartTask02
                0x080014d0       0x74 ./Core/Src/main.o
                0x080014d0                StartTask02
 .text.HAL_TIM_PeriodElapsedCallback
                0x08001544       0x24 ./Core/Src/main.o
                0x08001544                HAL_TIM_PeriodElapsedCallback
 .text.Error_Handler
                0x08001568        0xc ./Core/Src/main.o
                0x08001568                Error_Handler
 .text.HAL_MspInit
                0x08001574       0x58 ./Core/Src/stm32f4xx_hal_msp.o
                0x08001574                HAL_MspInit
 .text.HAL_SPI_MspInit
                0x080015cc       0xa0 ./Core/Src/stm32f4xx_hal_msp.o
                0x080015cc                HAL_SPI_MspInit
 .text.HAL_InitTick
                0x0800166c       0xe4 ./Core/Src/stm32f4xx_hal_timebase_tim.o
                0x0800166c                HAL_InitTick
 .text.NMI_Handler
                0x08001750        0x8 ./Core/Src/stm32f4xx_it.o
                0x08001750                NMI_Handler
 .text.HardFault_Handler
                0x08001758        0x8 ./Core/Src/stm32f4xx_it.o
                0x08001758                HardFault_Handler
 .text.MemManage_Handler
                0x08001760        0x8 ./Core/Src/stm32f4xx_it.o
                0x08001760                MemManage_Handler
 .text.BusFault_Handler
                0x08001768        0x8 ./Core/Src/stm32f4xx_it.o
                0x08001768                BusFault_Handler
 .text.UsageFault_Handler
                0x08001770        0x8 ./Core/Src/stm32f4xx_it.o
                0x08001770                UsageFault_Handler
 .text.DebugMon_Handler
                0x08001778        0xe ./Core/Src/stm32f4xx_it.o
                0x08001778                DebugMon_Handler
 .text.EXTI4_IRQHandler
                0x08001786        0xe ./Core/Src/stm32f4xx_it.o
                0x08001786                EXTI4_IRQHandler
 .text.TIM1_UP_TIM10_IRQHandler
                0x08001794       0x14 ./Core/Src/stm32f4xx_it.o
                0x08001794                TIM1_UP_TIM10_IRQHandler
 .text.SPI2_IRQHandler
                0x080017a8       0x14 ./Core/Src/stm32f4xx_it.o
                0x080017a8                SPI2_IRQHandler
 .text.OTG_FS_IRQHandler
                0x080017bc       0x14 ./Core/Src/stm32f4xx_it.o
                0x080017bc                OTG_FS_IRQHandler
 .text._read    0x080017d0       0x3a ./Core/Src/syscalls.o
                0x080017d0                _read
 .text._write   0x0800180a       0x38 ./Core/Src/syscalls.o
                0x0800180a                _write
 .text._close   0x08001842       0x18 ./Core/Src/syscalls.o
                0x08001842                _close
 .text._fstat   0x0800185a       0x20 ./Core/Src/syscalls.o
                0x0800185a                _fstat
 .text._isatty  0x0800187a       0x16 ./Core/Src/syscalls.o
                0x0800187a                _isatty
 .text._lseek   0x08001890       0x1a ./Core/Src/syscalls.o
                0x08001890                _lseek
 *fill*         0x080018aa        0x2 
 .text._sbrk    0x080018ac       0x6c ./Core/Src/sysmem.o
                0x080018ac                _sbrk
 .text.SystemInit
                0x08001918       0x24 ./Core/Src/system_stm32f4xx.o
                0x08001918                SystemInit
 .text.Reset_Handler
                0x0800193c       0x50 ./Core/Startup/startup_stm32f405rgtx.o
                0x0800193c                Reset_Handler
 .text.Default_Handler
                0x0800198c        0x2 ./Core/Startup/startup_stm32f405rgtx.o
                0x0800198c                RTC_Alarm_IRQHandler
                0x0800198c                HASH_RNG_IRQHandler
                0x0800198c                EXTI2_IRQHandler
                0x0800198c                TIM8_CC_IRQHandler
                0x0800198c                TIM1_CC_IRQHandler
                0x0800198c                DMA2_Stream5_IRQHandler
                0x0800198c                DMA1_Stream5_IRQHandler
                0x0800198c                PVD_IRQHandler
                0x0800198c                SDIO_IRQHandler
                0x0800198c                TAMP_STAMP_IRQHandler
                0x0800198c                CAN2_RX1_IRQHandler
                0x0800198c                EXTI3_IRQHandler
                0x0800198c                TIM8_TRG_COM_TIM14_IRQHandler
                0x0800198c                TIM8_UP_TIM13_IRQHandler
                0x0800198c                I2C3_ER_IRQHandler
                0x0800198c                EXTI0_IRQHandler
                0x0800198c                I2C2_EV_IRQHandler
                0x0800198c                DMA1_Stream2_IRQHandler
                0x0800198c                CAN1_RX0_IRQHandler
                0x0800198c                FPU_IRQHandler
                0x0800198c                OTG_HS_WKUP_IRQHandler
                0x0800198c                CAN2_SCE_IRQHandler
                0x0800198c                DMA2_Stream2_IRQHandler
                0x0800198c                SPI1_IRQHandler
                0x0800198c                TIM6_DAC_IRQHandler
                0x0800198c                TIM1_BRK_TIM9_IRQHandler
                0x0800198c                CAN2_RX0_IRQHandler
                0x0800198c                DMA2_Stream3_IRQHandler
                0x0800198c                USART6_IRQHandler
                0x0800198c                USART3_IRQHandler
                0x0800198c                CAN1_RX1_IRQHandler
                0x0800198c                UART5_IRQHandler
                0x0800198c                DMA2_Stream0_IRQHandler
                0x0800198c                TIM4_IRQHandler
                0x0800198c                I2C1_EV_IRQHandler
                0x0800198c                DMA1_Stream6_IRQHandler
                0x0800198c                DMA1_Stream1_IRQHandler
                0x0800198c                UART4_IRQHandler
                0x0800198c                TIM3_IRQHandler
                0x0800198c                RCC_IRQHandler
                0x0800198c                TIM8_BRK_TIM12_IRQHandler
                0x0800198c                Default_Handler
                0x0800198c                EXTI15_10_IRQHandler
                0x0800198c                ADC_IRQHandler
                0x0800198c                DMA1_Stream7_IRQHandler
                0x0800198c                TIM7_IRQHandler
                0x0800198c                CAN2_TX_IRQHandler
                0x0800198c                TIM5_IRQHandler
                0x0800198c                DMA2_Stream7_IRQHandler
                0x0800198c                I2C3_EV_IRQHandler
                0x0800198c                EXTI9_5_IRQHandler
                0x0800198c                RTC_WKUP_IRQHandler
                0x0800198c                OTG_HS_EP1_IN_IRQHandler
                0x0800198c                DMA1_Stream0_IRQHandler
                0x0800198c                CAN1_TX_IRQHandler
                0x0800198c                FSMC_IRQHandler
                0x0800198c                OTG_HS_EP1_OUT_IRQHandler
                0x0800198c                WWDG_IRQHandler
                0x0800198c                TIM2_IRQHandler
                0x0800198c                OTG_FS_WKUP_IRQHandler
                0x0800198c                TIM1_TRG_COM_TIM11_IRQHandler
                0x0800198c                OTG_HS_IRQHandler
                0x0800198c                EXTI1_IRQHandler
                0x0800198c                USART2_IRQHandler
                0x0800198c                I2C2_ER_IRQHandler
                0x0800198c                DMA2_Stream1_IRQHandler
                0x0800198c                CAN1_SCE_IRQHandler
                0x0800198c                FLASH_IRQHandler
                0x0800198c                DMA2_Stream4_IRQHandler
                0x0800198c                USART1_IRQHandler
                0x0800198c                SPI3_IRQHandler
                0x0800198c                DMA1_Stream4_IRQHandler
                0x0800198c                I2C1_ER_IRQHandler
                0x0800198c                DMA2_Stream6_IRQHandler
                0x0800198c                DMA1_Stream3_IRQHandler
 *fill*         0x0800198e        0x2 
 .text.HAL_Init
                0x08001990       0x44 ./Drivers/STM32F4xx_HAL_Driver/Src/stm32f4xx_hal.o
                0x08001990                HAL_Init
 .text.HAL_IncTick
                0x080019d4       0x28 ./Drivers/STM32F4xx_HAL_Driver/Src/stm32f4xx_hal.o
                0x080019d4                HAL_IncTick
 .text.HAL_GetTick
                0x080019fc       0x18 ./Drivers/STM32F4xx_HAL_Driver/Src/stm32f4xx_hal.o
                0x080019fc                HAL_GetTick
 .text.HAL_Delay
                0x08001a14       0x48 ./Drivers/STM32F4xx_HAL_Driver/Src/stm32f4xx_hal.o
                0x08001a14                HAL_Delay
 .text.__NVIC_SetPriorityGrouping
                0x08001a5c       0x48 ./Drivers/STM32F4xx_HAL_Driver/Src/stm32f4xx_hal_cortex.o
 .text.__NVIC_GetPriorityGrouping
                0x08001aa4       0x1c ./Drivers/STM32F4xx_HAL_Driver/Src/stm32f4xx_hal_cortex.o
 .text.__NVIC_EnableIRQ
                0x08001ac0       0x3c ./Drivers/STM32F4xx_HAL_Driver/Src/stm32f4xx_hal_cortex.o
 .text.__NVIC_SetPriority
                0x08001afc       0x54 ./Drivers/STM32F4xx_HAL_Driver/Src/stm32f4xx_hal_cortex.o
 .text.NVIC_EncodePriority
                0x08001b50       0x66 ./Drivers/STM32F4xx_HAL_Driver/Src/stm32f4xx_hal_cortex.o
 .text.HAL_NVIC_SetPriorityGrouping
                0x08001bb6       0x16 ./Drivers/STM32F4xx_HAL_Driver/Src/stm32f4xx_hal_cortex.o
                0x08001bb6                HAL_NVIC_SetPriorityGrouping
 .text.HAL_NVIC_SetPriority
                0x08001bcc       0x38 ./Drivers/STM32F4xx_HAL_Driver/Src/stm32f4xx_hal_cortex.o
                0x08001bcc                HAL_NVIC_SetPriority
 .text.HAL_NVIC_EnableIRQ
                0x08001c04       0x1c ./Drivers/STM32F4xx_HAL_Driver/Src/stm32f4xx_hal_cortex.o
                0x08001c04                HAL_NVIC_EnableIRQ
 .text.HAL_DMA_Abort_IT
                0x08001c20       0x44 ./Drivers/STM32F4xx_HAL_Driver/Src/stm32f4xx_hal_dma.o
                0x08001c20                HAL_DMA_Abort_IT
 .text.HAL_GPIO_Init
                0x08001c64      0x338 ./Drivers/STM32F4xx_HAL_Driver/Src/stm32f4xx_hal_gpio.o
                0x08001c64                HAL_GPIO_Init
 .text.HAL_GPIO_ReadPin
                0x08001f9c       0x30 ./Drivers/STM32F4xx_HAL_Driver/Src/stm32f4xx_hal_gpio.o
                0x08001f9c                HAL_GPIO_ReadPin
 .text.HAL_GPIO_WritePin
                0x08001fcc       0x32 ./Drivers/STM32F4xx_HAL_Driver/Src/stm32f4xx_hal_gpio.o
                0x08001fcc                HAL_GPIO_WritePin
 .text.HAL_GPIO_TogglePin
                0x08001ffe       0x34 ./Drivers/STM32F4xx_HAL_Driver/Src/stm32f4xx_hal_gpio.o
                0x08001ffe                HAL_GPIO_TogglePin
 *fill*         0x08002032        0x2 
 .text.HAL_GPIO_EXTI_IRQHandler
                0x08002034       0x30 ./Drivers/STM32F4xx_HAL_Driver/Src/stm32f4xx_hal_gpio.o
                0x08002034                HAL_GPIO_EXTI_IRQHandler
 .text.HAL_PCD_Init
                0x08002064      0x21e ./Drivers/STM32F4xx_HAL_Driver/Src/stm32f4xx_hal_pcd.o
                0x08002064                HAL_PCD_Init
 .text.HAL_PCD_Start
                0x08002282       0x6a ./Drivers/STM32F4xx_HAL_Driver/Src/stm32f4xx_hal_pcd.o
                0x08002282                HAL_PCD_Start
 .text.HAL_PCD_IRQHandler
                0x080022ec      0x942 ./Drivers/STM32F4xx_HAL_Driver/Src/stm32f4xx_hal_pcd.o
                0x080022ec                HAL_PCD_IRQHandler
 .text.HAL_PCD_SetAddress
                0x08002c2e       0x48 ./Drivers/STM32F4xx_HAL_Driver/Src/stm32f4xx_hal_pcd.o
                0x08002c2e                HAL_PCD_SetAddress
 .text.HAL_PCD_EP_Open
                0x08002c76       0xd0 ./Drivers/STM32F4xx_HAL_Driver/Src/stm32f4xx_hal_pcd.o
                0x08002c76                HAL_PCD_EP_Open
 .text.HAL_PCD_EP_Close
                0x08002d46       0x94 ./Drivers/STM32F4xx_HAL_Driver/Src/stm32f4xx_hal_pcd.o
                0x08002d46                HAL_PCD_EP_Close
 .text.HAL_PCD_EP_Receive
                0x08002dda       0x76 ./Drivers/STM32F4xx_HAL_Driver/Src/stm32f4xx_hal_pcd.o
                0x08002dda                HAL_PCD_EP_Receive
 .text.HAL_PCD_EP_GetRxCount
                0x08002e50       0x30 ./Drivers/STM32F4xx_HAL_Driver/Src/stm32f4xx_hal_pcd.o
                0x08002e50                HAL_PCD_EP_GetRxCount
 .text.HAL_PCD_EP_Transmit
                0x08002e80       0x74 ./Drivers/STM32F4xx_HAL_Driver/Src/stm32f4xx_hal_pcd.o
                0x08002e80                HAL_PCD_EP_Transmit
 .text.HAL_PCD_EP_SetStall
                0x08002ef4       0xc6 ./Drivers/STM32F4xx_HAL_Driver/Src/stm32f4xx_hal_pcd.o
                0x08002ef4                HAL_PCD_EP_SetStall
 .text.HAL_PCD_EP_ClrStall
                0x08002fba       0xac ./Drivers/STM32F4xx_HAL_Driver/Src/stm32f4xx_hal_pcd.o
                0x08002fba                HAL_PCD_EP_ClrStall
 .text.HAL_PCD_EP_Abort
                0x08003066       0x62 ./Drivers/STM32F4xx_HAL_Driver/Src/stm32f4xx_hal_pcd.o
                0x08003066                HAL_PCD_EP_Abort
 .text.PCD_WriteEmptyTxFifo
                0x080030c8      0x118 ./Drivers/STM32F4xx_HAL_Driver/Src/stm32f4xx_hal_pcd.o
 .text.PCD_EP_OutXfrComplete_int
                0x080031e0      0x1d0 ./Drivers/STM32F4xx_HAL_Driver/Src/stm32f4xx_hal_pcd.o
 .text.PCD_EP_OutSetupPacket_int
                0x080033b0       0x8c ./Drivers/STM32F4xx_HAL_Driver/Src/stm32f4xx_hal_pcd.o
 .text.HAL_PCDEx_SetTxFiFo
                0x0800343c       0x8e ./Drivers/STM32F4xx_HAL_Driver/Src/stm32f4xx_hal_pcd_ex.o
                0x0800343c                HAL_PCDEx_SetTxFiFo
 .text.HAL_PCDEx_SetRxFiFo
                0x080034ca       0x22 ./Drivers/STM32F4xx_HAL_Driver/Src/stm32f4xx_hal_pcd_ex.o
                0x080034ca                HAL_PCDEx_SetRxFiFo
 .text.HAL_PCDEx_LPM_Callback
                0x080034ec       0x18 ./Drivers/STM32F4xx_HAL_Driver/Src/stm32f4xx_hal_pcd_ex.o
                0x080034ec                HAL_PCDEx_LPM_Callback
 .text.HAL_RCC_OscConfig
                0x08003504      0x4f0 ./Drivers/STM32F4xx_HAL_Driver/Src/stm32f4xx_hal_rcc.o
                0x08003504                HAL_RCC_OscConfig
 .text.HAL_RCC_ClockConfig
                0x080039f4      0x1cc ./Drivers/STM32F4xx_HAL_Driver/Src/stm32f4xx_hal_rcc.o
                0x080039f4                HAL_RCC_ClockConfig
 .text.HAL_RCC_GetSysClockFreq
                0x08003bc0      0x20c ./Drivers/STM32F4xx_HAL_Driver/Src/stm32f4xx_hal_rcc.o
                0x08003bc0                HAL_RCC_GetSysClockFreq
 .text.HAL_RCC_GetHCLKFreq
                0x08003dcc       0x18 ./Drivers/STM32F4xx_HAL_Driver/Src/stm32f4xx_hal_rcc.o
                0x08003dcc                HAL_RCC_GetHCLKFreq
 .text.HAL_RCC_GetPCLK2Freq
                0x08003de4       0x28 ./Drivers/STM32F4xx_HAL_Driver/Src/stm32f4xx_hal_rcc.o
                0x08003de4                HAL_RCC_GetPCLK2Freq
 .text.HAL_RCC_GetClockConfig
                0x08003e0c       0x64 ./Drivers/STM32F4xx_HAL_Driver/Src/stm32f4xx_hal_rcc.o
                0x08003e0c                HAL_RCC_GetClockConfig
 .text.HAL_SPI_Init
                0x08003e70      0x112 ./Drivers/STM32F4xx_HAL_Driver/Src/stm32f4xx_hal_spi.o
                0x08003e70                HAL_SPI_Init
 .text.HAL_SPI_TransmitReceive
                0x08003f82      0x360 ./Drivers/STM32F4xx_HAL_Driver/Src/stm32f4xx_hal_spi.o
                0x08003f82                HAL_SPI_TransmitReceive
 *fill*         0x080042e2        0x2 
 .text.HAL_SPI_IRQHandler
                0x080042e4      0x1e8 ./Drivers/STM32F4xx_HAL_Driver/Src/stm32f4xx_hal_spi.o
                0x080042e4                HAL_SPI_IRQHandler
 .text.HAL_SPI_ErrorCallback
                0x080044cc       0x14 ./Drivers/STM32F4xx_HAL_Driver/Src/stm32f4xx_hal_spi.o
                0x080044cc                HAL_SPI_ErrorCallback
 .text.SPI_DMAAbortOnError
                0x080044e0       0x28 ./Drivers/STM32F4xx_HAL_Driver/Src/stm32f4xx_hal_spi.o
 .text.SPI_WaitFlagStateUntilTimeout
                0x08004508      0x110 ./Drivers/STM32F4xx_HAL_Driver/Src/stm32f4xx_hal_spi.o
 .text.SPI_EndRxTxTransaction
                0x08004618       0xa8 ./Drivers/STM32F4xx_HAL_Driver/Src/stm32f4xx_hal_spi.o
 .text.HAL_TIM_Base_Init
                0x080046c0       0x9e ./Drivers/STM32F4xx_HAL_Driver/Src/stm32f4xx_hal_tim.o
                0x080046c0                HAL_TIM_Base_Init
 .text.HAL_TIM_Base_MspInit
                0x0800475e       0x14 ./Drivers/STM32F4xx_HAL_Driver/Src/stm32f4xx_hal_tim.o
                0x0800475e                HAL_TIM_Base_MspInit
 *fill*         0x08004772        0x2 
 .text.HAL_TIM_Base_Start_IT
                0x08004774       0xe0 ./Drivers/STM32F4xx_HAL_Driver/Src/stm32f4xx_hal_tim.o
                0x08004774                HAL_TIM_Base_Start_IT
 .text.HAL_TIM_IRQHandler
                0x08004854      0x1e0 ./Drivers/STM32F4xx_HAL_Driver/Src/stm32f4xx_hal_tim.o
                0x08004854                HAL_TIM_IRQHandler
 .text.HAL_TIM_OC_DelayElapsedCallback
                0x08004a34       0x14 ./Drivers/STM32F4xx_HAL_Driver/Src/stm32f4xx_hal_tim.o
                0x08004a34                HAL_TIM_OC_DelayElapsedCallback
 .text.HAL_TIM_IC_CaptureCallback
                0x08004a48       0x14 ./Drivers/STM32F4xx_HAL_Driver/Src/stm32f4xx_hal_tim.o
                0x08004a48                HAL_TIM_IC_CaptureCallback
 .text.HAL_TIM_PWM_PulseFinishedCallback
                0x08004a5c       0x14 ./Drivers/STM32F4xx_HAL_Driver/Src/stm32f4xx_hal_tim.o
                0x08004a5c                HAL_TIM_PWM_PulseFinishedCallback
 .text.HAL_TIM_TriggerCallback
                0x08004a70       0x14 ./Drivers/STM32F4xx_HAL_Driver/Src/stm32f4xx_hal_tim.o
                0x08004a70                HAL_TIM_TriggerCallback
 .text.TIM_Base_SetConfig
                0x08004a84      0x158 ./Drivers/STM32F4xx_HAL_Driver/Src/stm32f4xx_hal_tim.o
                0x08004a84                TIM_Base_SetConfig
 .text.HAL_TIMEx_CommutCallback
                0x08004bdc       0x14 ./Drivers/STM32F4xx_HAL_Driver/Src/stm32f4xx_hal_tim_ex.o
                0x08004bdc                HAL_TIMEx_CommutCallback
 .text.HAL_TIMEx_BreakCallback
                0x08004bf0       0x14 ./Drivers/STM32F4xx_HAL_Driver/Src/stm32f4xx_hal_tim_ex.o
                0x08004bf0                HAL_TIMEx_BreakCallback
 .text.USB_CoreInit
                0x08004c04       0xc8 ./Drivers/STM32F4xx_HAL_Driver/Src/stm32f4xx_ll_usb.o
                0x08004c04                USB_CoreInit
 .text.USB_SetTurnaroundTime
                0x08004ccc      0x144 ./Drivers/STM32F4xx_HAL_Driver/Src/stm32f4xx_ll_usb.o
                0x08004ccc                USB_SetTurnaroundTime
 .text.USB_EnableGlobalInt
                0x08004e10       0x22 ./Drivers/STM32F4xx_HAL_Driver/Src/stm32f4xx_ll_usb.o
                0x08004e10                USB_EnableGlobalInt
 .text.USB_DisableGlobalInt
                0x08004e32       0x22 ./Drivers/STM32F4xx_HAL_Driver/Src/stm32f4xx_ll_usb.o
                0x08004e32                USB_DisableGlobalInt
 .text.USB_SetCurrentMode
                0x08004e54       0x98 ./Drivers/STM32F4xx_HAL_Driver/Src/stm32f4xx_ll_usb.o
                0x08004e54                USB_SetCurrentMode
 .text.USB_DevInit
                0x08004eec      0x2c8 ./Drivers/STM32F4xx_HAL_Driver/Src/stm32f4xx_ll_usb.o
                0x08004eec                USB_DevInit
 .text.USB_FlushTxFifo
                0x080051b4       0x64 ./Drivers/STM32F4xx_HAL_Driver/Src/stm32f4xx_ll_usb.o
                0x080051b4                USB_FlushTxFifo
 .text.USB_FlushRxFifo
                0x08005218       0x5c ./Drivers/STM32F4xx_HAL_Driver/Src/stm32f4xx_ll_usb.o
                0x08005218                USB_FlushRxFifo
 .text.USB_SetDevSpeed
                0x08005274       0x32 ./Drivers/STM32F4xx_HAL_Driver/Src/stm32f4xx_ll_usb.o
                0x08005274                USB_SetDevSpeed
 .text.USB_GetDevSpeed
                0x080052a6       0x4a ./Drivers/STM32F4xx_HAL_Driver/Src/stm32f4xx_ll_usb.o
                0x080052a6                USB_GetDevSpeed
 .text.USB_ActivateEndpoint
                0x080052f0      0x10e ./Drivers/STM32F4xx_HAL_Driver/Src/stm32f4xx_ll_usb.o
                0x080052f0                USB_ActivateEndpoint
 *fill*         0x080053fe        0x2 
 .text.USB_DeactivateEndpoint
                0x08005400      0x1b8 ./Drivers/STM32F4xx_HAL_Driver/Src/stm32f4xx_ll_usb.o
                0x08005400                USB_DeactivateEndpoint
 .text.USB_EPStartXfer
                0x080055b8      0x530 ./Drivers/STM32F4xx_HAL_Driver/Src/stm32f4xx_ll_usb.o
                0x080055b8                USB_EPStartXfer
 .text.USB_EPStopXfer
                0x08005ae8      0x154 ./Drivers/STM32F4xx_HAL_Driver/Src/stm32f4xx_ll_usb.o
                0x08005ae8                USB_EPStopXfer
 .text.USB_WritePacket
                0x08005c3c       0x7c ./Drivers/STM32F4xx_HAL_Driver/Src/stm32f4xx_ll_usb.o
                0x08005c3c                USB_WritePacket
 .text.USB_ReadPacket
                0x08005cb8       0xb0 ./Drivers/STM32F4xx_HAL_Driver/Src/stm32f4xx_ll_usb.o
                0x08005cb8                USB_ReadPacket
 .text.USB_EPSetStall
                0x08005d68       0xdc ./Drivers/STM32F4xx_HAL_Driver/Src/stm32f4xx_ll_usb.o
                0x08005d68                USB_EPSetStall
 .text.USB_EPClearStall
                0x08005e44       0xcc ./Drivers/STM32F4xx_HAL_Driver/Src/stm32f4xx_ll_usb.o
                0x08005e44                USB_EPClearStall
 .text.USB_SetDevAddress
                0x08005f10       0x4c ./Drivers/STM32F4xx_HAL_Driver/Src/stm32f4xx_ll_usb.o
                0x08005f10                USB_SetDevAddress
 .text.USB_DevConnect
                0x08005f5c       0x42 ./Drivers/STM32F4xx_HAL_Driver/Src/stm32f4xx_ll_usb.o
                0x08005f5c                USB_DevConnect
 .text.USB_DevDisconnect
                0x08005f9e       0x42 ./Drivers/STM32F4xx_HAL_Driver/Src/stm32f4xx_ll_usb.o
                0x08005f9e                USB_DevDisconnect
 .text.USB_ReadInterrupts
                0x08005fe0       0x26 ./Drivers/STM32F4xx_HAL_Driver/Src/stm32f4xx_ll_usb.o
                0x08005fe0                USB_ReadInterrupts
 .text.USB_ReadDevAllOutEpInterrupt
                0x08006006       0x34 ./Drivers/STM32F4xx_HAL_Driver/Src/stm32f4xx_ll_usb.o
                0x08006006                USB_ReadDevAllOutEpInterrupt
 .text.USB_ReadDevAllInEpInterrupt
                0x0800603a       0x34 ./Drivers/STM32F4xx_HAL_Driver/Src/stm32f4xx_ll_usb.o
                0x0800603a                USB_ReadDevAllInEpInterrupt
 .text.USB_ReadDevOutEPInterrupt
                0x0800606e       0x3c ./Drivers/STM32F4xx_HAL_Driver/Src/stm32f4xx_ll_usb.o
                0x0800606e                USB_ReadDevOutEPInterrupt
 .text.USB_ReadDevInEPInterrupt
                0x080060aa       0x5c ./Drivers/STM32F4xx_HAL_Driver/Src/stm32f4xx_ll_usb.o
                0x080060aa                USB_ReadDevInEPInterrupt
 .text.USB_GetMode
                0x08006106       0x1c ./Drivers/STM32F4xx_HAL_Driver/Src/stm32f4xx_ll_usb.o
                0x08006106                USB_GetMode
 .text.USB_ActivateSetup
                0x08006122       0x46 ./Drivers/STM32F4xx_HAL_Driver/Src/stm32f4xx_ll_usb.o
                0x08006122                USB_ActivateSetup
 .text.USB_EP0_OutStart
                0x08006168       0xbc ./Drivers/STM32F4xx_HAL_Driver/Src/stm32f4xx_ll_usb.o
                0x08006168                USB_EP0_OutStart
 .text.USB_CoreReset
                0x08006224       0x62 ./Drivers/STM32F4xx_HAL_Driver/Src/stm32f4xx_ll_usb.o
 *fill*         0x08006286        0x2 
 .text.USBD_CDC_Init
                0x08006288      0x1f0 ./Middlewares/ST/STM32_USB_Device_Library/Class/CDC/Src/usbd_cdc.o
 .text.USBD_CDC_DeInit
                0x08006478      0x104 ./Middlewares/ST/STM32_USB_Device_Library/Class/CDC/Src/usbd_cdc.o
 .text.USBD_CDC_Setup
                0x0800657c      0x1b8 ./Middlewares/ST/STM32_USB_Device_Library/Class/CDC/Src/usbd_cdc.o
 .text.USBD_CDC_DataIn
                0x08006734       0xfe ./Middlewares/ST/STM32_USB_Device_Library/Class/CDC/Src/usbd_cdc.o
 .text.USBD_CDC_DataOut
                0x08006832       0x70 ./Middlewares/ST/STM32_USB_Device_Library/Class/CDC/Src/usbd_cdc.o
 .text.USBD_CDC_EP0_RxReady
                0x080068a2       0x74 ./Middlewares/ST/STM32_USB_Device_Library/Class/CDC/Src/usbd_cdc.o
 *fill*         0x08006916        0x2 
 .text.USBD_CDC_GetFSCfgDesc
                0x08006918       0x70 ./Middlewares/ST/STM32_USB_Device_Library/Class/CDC/Src/usbd_cdc.o
 .text.USBD_CDC_GetHSCfgDesc
                0x08006988       0x70 ./Middlewares/ST/STM32_USB_Device_Library/Class/CDC/Src/usbd_cdc.o
 .text.USBD_CDC_GetOtherSpeedCfgDesc
                0x080069f8       0x70 ./Middlewares/ST/STM32_USB_Device_Library/Class/CDC/Src/usbd_cdc.o
 .text.USBD_CDC_GetDeviceQualifierDescriptor
                0x08006a68       0x20 ./Middlewares/ST/STM32_USB_Device_Library/Class/CDC/Src/usbd_cdc.o
                0x08006a68                USBD_CDC_GetDeviceQualifierDescriptor
 .text.USBD_CDC_RegisterInterface
                0x08006a88       0x34 ./Middlewares/ST/STM32_USB_Device_Library/Class/CDC/Src/usbd_cdc.o
                0x08006a88                USBD_CDC_RegisterInterface
 .text.USBD_CDC_SetTxBuffer
                0x08006abc       0x44 ./Middlewares/ST/STM32_USB_Device_Library/Class/CDC/Src/usbd_cdc.o
                0x08006abc                USBD_CDC_SetTxBuffer
 .text.USBD_CDC_SetRxBuffer
                0x08006b00       0x3a ./Middlewares/ST/STM32_USB_Device_Library/Class/CDC/Src/usbd_cdc.o
                0x08006b00                USBD_CDC_SetRxBuffer
 *fill*         0x08006b3a        0x2 
 .text.USBD_CDC_ReceivePacket
                0x08006b3c       0x6c ./Middlewares/ST/STM32_USB_Device_Library/Class/CDC/Src/usbd_cdc.o
                0x08006b3c                USBD_CDC_ReceivePacket
 .text.USBD_Init
                0x08006ba8       0x60 ./Middlewares/ST/STM32_USB_Device_Library/Core/Src/usbd_core.o
                0x08006ba8                USBD_Init
 .text.USBD_RegisterClass
                0x08006c08       0x6c ./Middlewares/ST/STM32_USB_Device_Library/Core/Src/usbd_core.o
                0x08006c08                USBD_RegisterClass
 .text.USBD_Start
                0x08006c74       0x18 ./Middlewares/ST/STM32_USB_Device_Library/Core/Src/usbd_core.o
                0x08006c74                USBD_Start
 .text.USBD_RunTestMode
                0x08006c8c       0x16 ./Middlewares/ST/STM32_USB_Device_Library/Core/Src/usbd_core.o
                0x08006c8c                USBD_RunTestMode
 .text.USBD_SetClassConfig
                0x08006ca2       0x38 ./Middlewares/ST/STM32_USB_Device_Library/Core/Src/usbd_core.o
                0x08006ca2                USBD_SetClassConfig
 .text.USBD_ClrClassConfig
                0x08006cda       0x34 ./Middlewares/ST/STM32_USB_Device_Library/Core/Src/usbd_core.o
                0x08006cda                USBD_ClrClassConfig
 .text.USBD_LL_SetupStage
                0x08006d0e       0xaa ./Middlewares/ST/STM32_USB_Device_Library/Core/Src/usbd_core.o
                0x08006d0e                USBD_LL_SetupStage
 .text.USBD_LL_DataOutStage
                0x08006db8      0x166 ./Middlewares/ST/STM32_USB_Device_Library/Core/Src/usbd_core.o
                0x08006db8                USBD_LL_DataOutStage
 .text.USBD_LL_DataInStage
                0x08006f1e      0x164 ./Middlewares/ST/STM32_USB_Device_Library/Core/Src/usbd_core.o
                0x08006f1e                USBD_LL_DataInStage
 .text.USBD_LL_Reset
                0x08007082       0xa4 ./Middlewares/ST/STM32_USB_Device_Library/Core/Src/usbd_core.o
                0x08007082                USBD_LL_Reset
 .text.USBD_LL_SetSpeed
                0x08007126       0x20 ./Middlewares/ST/STM32_USB_Device_Library/Core/Src/usbd_core.o
                0x08007126                USBD_LL_SetSpeed
 .text.USBD_LL_Suspend
                0x08007146       0x38 ./Middlewares/ST/STM32_USB_Device_Library/Core/Src/usbd_core.o
                0x08007146                USBD_LL_Suspend
 .text.USBD_LL_Resume
                0x0800717e       0x30 ./Middlewares/ST/STM32_USB_Device_Library/Core/Src/usbd_core.o
                0x0800717e                USBD_LL_Resume
 .text.USBD_LL_SOF
                0x080071ae       0x40 ./Middlewares/ST/STM32_USB_Device_Library/Core/Src/usbd_core.o
                0x080071ae                USBD_LL_SOF
 .text.USBD_LL_IsoINIncomplete
                0x080071ee       0x64 ./Middlewares/ST/STM32_USB_Device_Library/Core/Src/usbd_core.o
                0x080071ee                USBD_LL_IsoINIncomplete
 .text.USBD_LL_IsoOUTIncomplete
                0x08007252       0x64 ./Middlewares/ST/STM32_USB_Device_Library/Core/Src/usbd_core.o
                0x08007252                USBD_LL_IsoOUTIncomplete
 .text.USBD_LL_DevConnected
                0x080072b6       0x16 ./Middlewares/ST/STM32_USB_Device_Library/Core/Src/usbd_core.o
                0x080072b6                USBD_LL_DevConnected
 .text.USBD_LL_DevDisconnected
                0x080072cc       0x46 ./Middlewares/ST/STM32_USB_Device_Library/Core/Src/usbd_core.o
                0x080072cc                USBD_LL_DevDisconnected
 .text.USBD_CoreFindIF
                0x08007312       0x1a ./Middlewares/ST/STM32_USB_Device_Library/Core/Src/usbd_core.o
                0x08007312                USBD_CoreFindIF
 .text.USBD_CoreFindEP
                0x0800732c       0x1a ./Middlewares/ST/STM32_USB_Device_Library/Core/Src/usbd_core.o
                0x0800732c                USBD_CoreFindEP
 .text.USBD_GetEpDesc
                0x08007346       0x70 ./Middlewares/ST/STM32_USB_Device_Library/Core/Src/usbd_core.o
                0x08007346                USBD_GetEpDesc
 .text.USBD_GetNextDesc
                0x080073b6       0x38 ./Middlewares/ST/STM32_USB_Device_Library/Core/Src/usbd_core.o
                0x080073b6                USBD_GetNextDesc
 .text.SWAPBYTE
                0x080073ee       0x3c ./Middlewares/ST/STM32_USB_Device_Library/Core/Src/usbd_ctlreq.o
 *fill*         0x0800742a        0x2 
 .text.USBD_StdDevReq
                0x0800742c       0xe4 ./Middlewares/ST/STM32_USB_Device_Library/Core/Src/usbd_ctlreq.o
                0x0800742c                USBD_StdDevReq
 .text.USBD_StdItfReq
                0x08007510       0xd8 ./Middlewares/ST/STM32_USB_Device_Library/Core/Src/usbd_ctlreq.o
                0x08007510                USBD_StdItfReq
 .text.USBD_StdEPReq
                0x080075e8      0x33a ./Middlewares/ST/STM32_USB_Device_Library/Core/Src/usbd_ctlreq.o
                0x080075e8                USBD_StdEPReq
 *fill*         0x08007922        0x2 
 .text.USBD_GetDescriptor
                0x08007924      0x2d4 ./Middlewares/ST/STM32_USB_Device_Library/Core/Src/usbd_ctlreq.o
 .text.USBD_SetAddress
                0x08007bf8       0x88 ./Middlewares/ST/STM32_USB_Device_Library/Core/Src/usbd_ctlreq.o
 .text.USBD_SetConfig
                0x08007c80      0x154 ./Middlewares/ST/STM32_USB_Device_Library/Core/Src/usbd_ctlreq.o
 .text.USBD_GetConfig
                0x08007dd4       0x6c ./Middlewares/ST/STM32_USB_Device_Library/Core/Src/usbd_ctlreq.o
 .text.USBD_GetStatus
                0x08007e40       0x68 ./Middlewares/ST/STM32_USB_Device_Library/Core/Src/usbd_ctlreq.o
 .text.USBD_SetFeature
                0x08007ea8       0x52 ./Middlewares/ST/STM32_USB_Device_Library/Core/Src/usbd_ctlreq.o
 .text.USBD_ClrFeature
                0x08007efa       0x44 ./Middlewares/ST/STM32_USB_Device_Library/Core/Src/usbd_ctlreq.o
 .text.USBD_ParseSetupRequest
                0x08007f3e       0x74 ./Middlewares/ST/STM32_USB_Device_Library/Core/Src/usbd_ctlreq.o
                0x08007f3e                USBD_ParseSetupRequest
 .text.USBD_CtlError
                0x08007fb2       0x22 ./Middlewares/ST/STM32_USB_Device_Library/Core/Src/usbd_ctlreq.o
                0x08007fb2                USBD_CtlError
 .text.USBD_GetString
                0x08007fd4       0x8c ./Middlewares/ST/STM32_USB_Device_Library/Core/Src/usbd_ctlreq.o
                0x08007fd4                USBD_GetString
 .text.USBD_GetLen
                0x08008060       0x34 ./Middlewares/ST/STM32_USB_Device_Library/Core/Src/usbd_ctlreq.o
 .text.USBD_CtlSendData
                0x08008094       0x36 ./Middlewares/ST/STM32_USB_Device_Library/Core/Src/usbd_ioreq.o
                0x08008094                USBD_CtlSendData
 .text.USBD_CtlContinueSendData
                0x080080ca       0x22 ./Middlewares/ST/STM32_USB_Device_Library/Core/Src/usbd_ioreq.o
                0x080080ca                USBD_CtlContinueSendData
 .text.USBD_CtlPrepareRx
                0x080080ec       0x3a ./Middlewares/ST/STM32_USB_Device_Library/Core/Src/usbd_ioreq.o
                0x080080ec                USBD_CtlPrepareRx
 .text.USBD_CtlContinueRx
                0x08008126       0x22 ./Middlewares/ST/STM32_USB_Device_Library/Core/Src/usbd_ioreq.o
                0x08008126                USBD_CtlContinueRx
 .text.USBD_CtlSendStatus
                0x08008148       0x26 ./Middlewares/ST/STM32_USB_Device_Library/Core/Src/usbd_ioreq.o
                0x08008148                USBD_CtlSendStatus
 .text.USBD_CtlReceiveStatus
                0x0800816e       0x26 ./Middlewares/ST/STM32_USB_Device_Library/Core/Src/usbd_ioreq.o
                0x0800816e                USBD_CtlReceiveStatus
 .text.__NVIC_SetPriority
                0x08008194       0x54 ./Middlewares/Third_Party/FreeRTOS/Source/CMSIS_RTOS_V2/cmsis_os2.o
 .text.SysTick_Handler
                0x080081e8       0x20 ./Middlewares/Third_Party/FreeRTOS/Source/CMSIS_RTOS_V2/cmsis_os2.o
                0x080081e8                SysTick_Handler
 .text.SVC_Setup
                0x08008208       0x12 ./Middlewares/Third_Party/FreeRTOS/Source/CMSIS_RTOS_V2/cmsis_os2.o
 *fill*         0x0800821a        0x2 
 .text.osKernelInitialize
                0x0800821c       0x48 ./Middlewares/Third_Party/FreeRTOS/Source/CMSIS_RTOS_V2/cmsis_os2.o
                0x0800821c                osKernelInitialize
 .text.osKernelStart
                0x08008264       0x4c ./Middlewares/Third_Party/FreeRTOS/Source/CMSIS_RTOS_V2/cmsis_os2.o
                0x08008264                osKernelStart
 .text.osThreadNew
                0x080082b0      0x124 ./Middlewares/Third_Party/FreeRTOS/Source/CMSIS_RTOS_V2/cmsis_os2.o
                0x080082b0                osThreadNew
 .text.osThreadFlagsSet
                0x080083d4       0x9c ./Middlewares/Third_Party/FreeRTOS/Source/CMSIS_RTOS_V2/cmsis_os2.o
                0x080083d4                osThreadFlagsSet
 .text.osThreadFlagsWait
                0x08008470      0x102 ./Middlewares/Third_Party/FreeRTOS/Source/CMSIS_RTOS_V2/cmsis_os2.o
                0x08008470                osThreadFlagsWait
 .text.osDelay  0x08008572       0x36 ./Middlewares/Third_Party/FreeRTOS/Source/CMSIS_RTOS_V2/cmsis_os2.o
                0x08008572                osDelay
 .text.vApplicationGetIdleTaskMemory
                0x080085a8       0x34 ./Middlewares/Third_Party/FreeRTOS/Source/CMSIS_RTOS_V2/cmsis_os2.o
                0x080085a8                vApplicationGetIdleTaskMemory
 .text.vApplicationGetTimerTaskMemory
                0x080085dc       0x34 ./Middlewares/Third_Party/FreeRTOS/Source/CMSIS_RTOS_V2/cmsis_os2.o
                0x080085dc                vApplicationGetTimerTaskMemory
 .text.vListInitialise
                0x08008610       0x40 ./Middlewares/Third_Party/FreeRTOS/Source/list.o
                0x08008610                vListInitialise
 .text.vListInitialiseItem
                0x08008650       0x1a ./Middlewares/Third_Party/FreeRTOS/Source/list.o
                0x08008650                vListInitialiseItem
 .text.vListInsertEnd
                0x0800866a       0x48 ./Middlewares/Third_Party/FreeRTOS/Source/list.o
                0x0800866a                vListInsertEnd
 .text.vListInsert
                0x080086b2       0x72 ./Middlewares/Third_Party/FreeRTOS/Source/list.o
                0x080086b2                vListInsert
 .text.uxListRemove
                0x08008724       0x54 ./Middlewares/Third_Party/FreeRTOS/Source/list.o
                0x08008724                uxListRemove
 .text.xQueueGenericReset
                0x08008778       0xd4 ./Middlewares/Third_Party/FreeRTOS/Source/queue.o
                0x08008778                xQueueGenericReset
 .text.xQueueGenericCreateStatic
                0x0800884c       0xfa ./Middlewares/Third_Party/FreeRTOS/Source/queue.o
                0x0800884c                xQueueGenericCreateStatic
 .text.prvInitialiseNewQueue
                0x08008946       0x46 ./Middlewares/Third_Party/FreeRTOS/Source/queue.o
 .text.xQueueGenericSend
                0x0800898c      0x204 ./Middlewares/Third_Party/FreeRTOS/Source/queue.o
                0x0800898c                xQueueGenericSend
 .text.xQueueGenericSendFromISR
                0x08008b90      0x13c ./Middlewares/Third_Party/FreeRTOS/Source/queue.o
                0x08008b90                xQueueGenericSendFromISR
 .text.xQueueReceive
                0x08008ccc      0x1c4 ./Middlewares/Third_Party/FreeRTOS/Source/queue.o
                0x08008ccc                xQueueReceive
 .text.prvCopyDataToQueue
                0x08008e90       0xd4 ./Middlewares/Third_Party/FreeRTOS/Source/queue.o
 .text.prvCopyDataFromQueue
                0x08008f64       0x4c ./Middlewares/Third_Party/FreeRTOS/Source/queue.o
 .text.prvUnlockQueue
                0x08008fb0       0xa4 ./Middlewares/Third_Party/FreeRTOS/Source/queue.o
 .text.prvIsQueueEmpty
                0x08009054       0x2c ./Middlewares/Third_Party/FreeRTOS/Source/queue.o
 .text.prvIsQueueFull
                0x08009080       0x30 ./Middlewares/Third_Party/FreeRTOS/Source/queue.o
 .text.vQueueAddToRegistry
                0x080090b0       0x54 ./Middlewares/Third_Party/FreeRTOS/Source/queue.o
                0x080090b0                vQueueAddToRegistry
 .text.vQueueWaitForMessageRestricted
                0x08009104       0x68 ./Middlewares/Third_Party/FreeRTOS/Source/queue.o
                0x08009104                vQueueWaitForMessageRestricted
 .text.xTaskCreateStatic
                0x0800916c       0xc0 ./Middlewares/Third_Party/FreeRTOS/Source/tasks.o
                0x0800916c                xTaskCreateStatic
 .text.xTaskCreate
                0x0800922c       0x8a ./Middlewares/Third_Party/FreeRTOS/Source/tasks.o
                0x0800922c                xTaskCreate
 *fill*         0x080092b6        0x2 
 .text.prvInitialiseNewTask
                0x080092b8      0x150 ./Middlewares/Third_Party/FreeRTOS/Source/tasks.o
 .text.prvAddNewTaskToReadyList
                0x08009408       0xe0 ./Middlewares/Third_Party/FreeRTOS/Source/tasks.o
 .text.vTaskDelay
                0x080094e8       0x6c ./Middlewares/Third_Party/FreeRTOS/Source/tasks.o
                0x080094e8                vTaskDelay
 .text.vTaskStartScheduler
                0x08009554       0xe0 ./Middlewares/Third_Party/FreeRTOS/Source/tasks.o
                0x08009554                vTaskStartScheduler
 .text.vTaskSuspendAll
                0x08009634       0x1c ./Middlewares/Third_Party/FreeRTOS/Source/tasks.o
                0x08009634                vTaskSuspendAll
 .text.xTaskResumeAll
                0x08009650      0x13c ./Middlewares/Third_Party/FreeRTOS/Source/tasks.o
                0x08009650                xTaskResumeAll
 .text.xTaskGetTickCount
                0x0800978c       0x20 ./Middlewares/Third_Party/FreeRTOS/Source/tasks.o
                0x0800978c                xTaskGetTickCount
 .text.xTaskIncrementTick
                0x080097ac      0x174 ./Middlewares/Third_Party/FreeRTOS/Source/tasks.o
                0x080097ac                xTaskIncrementTick
 .text.vTaskSwitchContext
                0x08009920       0xcc ./Middlewares/Third_Party/FreeRTOS/Source/tasks.o
                0x08009920                vTaskSwitchContext
 .text.vTaskPlaceOnEventList
                0x080099ec       0x4c ./Middlewares/Third_Party/FreeRTOS/Source/tasks.o
                0x080099ec                vTaskPlaceOnEventList
 .text.vTaskPlaceOnEventListRestricted
                0x08009a38       0x58 ./Middlewares/Third_Party/FreeRTOS/Source/tasks.o
                0x08009a38                vTaskPlaceOnEventListRestricted
 .text.xTaskRemoveFromEventList
                0x08009a90       0xc8 ./Middlewares/Third_Party/FreeRTOS/Source/tasks.o
                0x08009a90                xTaskRemoveFromEventList
 .text.vTaskInternalSetTimeOutState
                0x08009b58       0x2c ./Middlewares/Third_Party/FreeRTOS/Source/tasks.o
                0x08009b58                vTaskInternalSetTimeOutState
 .text.xTaskCheckForTimeOut
                0x08009b84       0xc8 ./Middlewares/Third_Party/FreeRTOS/Source/tasks.o
                0x08009b84                xTaskCheckForTimeOut
 .text.vTaskMissedYield
                0x08009c4c       0x18 ./Middlewares/Third_Party/FreeRTOS/Source/tasks.o
                0x08009c4c                vTaskMissedYield
 .text.prvIdleTask
                0x08009c64       0x30 ./Middlewares/Third_Party/FreeRTOS/Source/tasks.o
 .text.prvInitialiseTaskLists
                0x08009c94       0x80 ./Middlewares/Third_Party/FreeRTOS/Source/tasks.o
 .text.prvCheckTasksWaitingTermination
                0x08009d14       0x5c ./Middlewares/Third_Party/FreeRTOS/Source/tasks.o
 .text.prvDeleteTCB
                0x08009d70       0x6a ./Middlewares/Third_Party/FreeRTOS/Source/tasks.o
 *fill*         0x08009dda        0x2 
 .text.prvResetNextTaskUnblockTime
                0x08009ddc       0x40 ./Middlewares/Third_Party/FreeRTOS/Source/tasks.o
 .text.xTaskGetSchedulerState
                0x08009e1c       0x3c ./Middlewares/Third_Party/FreeRTOS/Source/tasks.o
                0x08009e1c                xTaskGetSchedulerState
 .text.xTaskPriorityDisinherit
                0x08009e58       0xe0 ./Middlewares/Third_Party/FreeRTOS/Source/tasks.o
                0x08009e58                xTaskPriorityDisinherit
 .text.xTaskNotifyWait
                0x08009f38       0xc0 ./Middlewares/Third_Party/FreeRTOS/Source/tasks.o
                0x08009f38                xTaskNotifyWait
 .text.xTaskGenericNotify
                0x08009ff8      0x184 ./Middlewares/Third_Party/FreeRTOS/Source/tasks.o
                0x08009ff8                xTaskGenericNotify
 .text.xTaskGenericNotifyFromISR
                0x0800a17c      0x1cc ./Middlewares/Third_Party/FreeRTOS/Source/tasks.o
                0x0800a17c                xTaskGenericNotifyFromISR
 .text.prvAddCurrentTaskToDelayedList
                0x0800a348       0xa8 ./Middlewares/Third_Party/FreeRTOS/Source/tasks.o
 .text.xTimerCreateTimerTask
                0x0800a3f0       0x94 ./Middlewares/Third_Party/FreeRTOS/Source/timers.o
                0x0800a3f0                xTimerCreateTimerTask
 .text.xTimerGenericCommand
                0x0800a484       0x9c ./Middlewares/Third_Party/FreeRTOS/Source/timers.o
                0x0800a484                xTimerGenericCommand
 .text.prvProcessExpiredTimer
                0x0800a520       0x9c ./Middlewares/Third_Party/FreeRTOS/Source/timers.o
 .text.prvTimerTask
                0x0800a5bc       0x26 ./Middlewares/Third_Party/FreeRTOS/Source/timers.o
 *fill*         0x0800a5e2        0x2 
 .text.prvProcessTimerOrBlockTask
                0x0800a5e4       0x9c ./Middlewares/Third_Party/FreeRTOS/Source/timers.o
 .text.prvGetNextExpireTime
                0x0800a680       0x48 ./Middlewares/Third_Party/FreeRTOS/Source/timers.o
 .text.prvSampleTimeNow
                0x0800a6c8       0x40 ./Middlewares/Third_Party/FreeRTOS/Source/timers.o
 .text.prvInsertTimerInActiveList
                0x0800a708       0x84 ./Middlewares/Third_Party/FreeRTOS/Source/timers.o
 .text.prvProcessReceivedCommands
                0x0800a78c      0x1cc ./Middlewares/Third_Party/FreeRTOS/Source/timers.o
 .text.prvSwitchTimerLists
                0x0800a958       0xcc ./Middlewares/Third_Party/FreeRTOS/Source/timers.o
 .text.prvCheckForValidListAndQueue
                0x0800aa24       0x80 ./Middlewares/Third_Party/FreeRTOS/Source/timers.o
 .text.pxPortInitialiseStack
                0x0800aaa4       0x68 ./Middlewares/Third_Party/FreeRTOS/Source/portable/GCC/ARM_CM4F/port.o
                0x0800aaa4                pxPortInitialiseStack
 .text.prvTaskExitError
                0x0800ab0c       0x5c ./Middlewares/Third_Party/FreeRTOS/Source/portable/GCC/ARM_CM4F/port.o
 *fill*         0x0800ab68        0x8 
 .text.SVC_Handler
                0x0800ab70       0x28 ./Middlewares/Third_Party/FreeRTOS/Source/portable/GCC/ARM_CM4F/port.o
                0x0800ab70                SVC_Handler
 .text.prvPortStartFirstTask
                0x0800ab98       0x28 ./Middlewares/Third_Party/FreeRTOS/Source/portable/GCC/ARM_CM4F/port.o
 .text.xPortStartScheduler
                0x0800abc0      0x148 ./Middlewares/Third_Party/FreeRTOS/Source/portable/GCC/ARM_CM4F/port.o
                0x0800abc0                xPortStartScheduler
 .text.vPortEnterCritical
                0x0800ad08       0x64 ./Middlewares/Third_Party/FreeRTOS/Source/portable/GCC/ARM_CM4F/port.o
                0x0800ad08                vPortEnterCritical
 .text.vPortExitCritical
                0x0800ad6c       0x54 ./Middlewares/Third_Party/FreeRTOS/Source/portable/GCC/ARM_CM4F/port.o
                0x0800ad6c                vPortExitCritical
 .text.PendSV_Handler
                0x0800adc0       0x68 ./Middlewares/Third_Party/FreeRTOS/Source/portable/GCC/ARM_CM4F/port.o
                0x0800adc0                PendSV_Handler
 .text.xPortSysTickHandler
                0x0800ae28       0x44 ./Middlewares/Third_Party/FreeRTOS/Source/portable/GCC/ARM_CM4F/port.o
                0x0800ae28                xPortSysTickHandler
 .text.vPortSetupTimerInterrupt
                0x0800ae6c       0x48 ./Middlewares/Third_Party/FreeRTOS/Source/portable/GCC/ARM_CM4F/port.o
                0x0800ae6c                vPortSetupTimerInterrupt
 .text.vPortEnableVFP
                0x0800aeb4       0x14 ./Middlewares/Third_Party/FreeRTOS/Source/portable/GCC/ARM_CM4F/port.o
 .text.vPortValidateInterruptPriority
                0x0800aec8       0x84 ./Middlewares/Third_Party/FreeRTOS/Source/portable/GCC/ARM_CM4F/port.o
                0x0800aec8                vPortValidateInterruptPriority
 .text.pvPortMalloc
                0x0800af4c      0x19c ./Middlewares/Third_Party/FreeRTOS/Source/portable/MemMang/heap_4.o
                0x0800af4c                pvPortMalloc
 .text.vPortFree
                0x0800b0e8       0xc8 ./Middlewares/Third_Party/FreeRTOS/Source/portable/MemMang/heap_4.o
                0x0800b0e8                vPortFree
 .text.prvHeapInit
                0x0800b1b0       0xc4 ./Middlewares/Third_Party/FreeRTOS/Source/portable/MemMang/heap_4.o
 .text.prvInsertBlockIntoFreeList
                0x0800b274       0xb4 ./Middlewares/Third_Party/FreeRTOS/Source/portable/MemMang/heap_4.o
 .text.MX_USB_DEVICE_Init
                0x0800b328       0x60 ./USB_DEVICE/App/usb_device.o
                0x0800b328                MX_USB_DEVICE_Init
 .text.CDC_Init_FS
                0x0800b388       0x28 ./USB_DEVICE/App/usbd_cdc_if.o
 .text.CDC_DeInit_FS
                0x0800b3b0       0x10 ./USB_DEVICE/App/usbd_cdc_if.o
 .text.CDC_Control_FS
                0x0800b3c0       0xbc ./USB_DEVICE/App/usbd_cdc_if.o
 .text.CDC_Receive_FS
                0x0800b47c       0x28 ./USB_DEVICE/App/usbd_cdc_if.o
 .text.CDC_TransmitCplt_FS
                0x0800b4a4       0x22 ./USB_DEVICE/App/usbd_cdc_if.o
 *fill*         0x0800b4c6        0x2 
 .text.USBD_FS_DeviceDescriptor
                0x0800b4c8       0x24 ./USB_DEVICE/App/usbd_desc.o
                0x0800b4c8                USBD_FS_DeviceDescriptor
 .text.USBD_FS_LangIDStrDescriptor
                0x0800b4ec       0x24 ./USB_DEVICE/App/usbd_desc.o
                0x0800b4ec                USBD_FS_LangIDStrDescriptor
 .text.USBD_FS_ProductStrDescriptor
                0x0800b510       0x3c ./USB_DEVICE/App/usbd_desc.o
                0x0800b510                USBD_FS_ProductStrDescriptor
 .text.USBD_FS_ManufacturerStrDescriptor
                0x0800b54c       0x28 ./USB_DEVICE/App/usbd_desc.o
                0x0800b54c                USBD_FS_ManufacturerStrDescriptor
 .text.USBD_FS_SerialStrDescriptor
                0x0800b574       0x24 ./USB_DEVICE/App/usbd_desc.o
                0x0800b574                USBD_FS_SerialStrDescriptor
 .text.USBD_FS_ConfigStrDescriptor
                0x0800b598       0x3c ./USB_DEVICE/App/usbd_desc.o
                0x0800b598                USBD_FS_ConfigStrDescriptor
 .text.USBD_FS_InterfaceStrDescriptor
                0x0800b5d4       0x3c ./USB_DEVICE/App/usbd_desc.o
                0x0800b5d4                USBD_FS_InterfaceStrDescriptor
 .text.Get_SerialNum
                0x0800b610       0x58 ./USB_DEVICE/App/usbd_desc.o
 .text.IntToUnicode
                0x0800b668       0x7e ./USB_DEVICE/App/usbd_desc.o
 *fill*         0x0800b6e6        0x2 
 .text.HAL_PCD_MspInit
                0x0800b6e8       0xa8 ./USB_DEVICE/Target/usbd_conf.o
                0x0800b6e8                HAL_PCD_MspInit
 .text.HAL_PCD_SetupStageCallback
                0x0800b790       0x24 ./USB_DEVICE/Target/usbd_conf.o
                0x0800b790                HAL_PCD_SetupStageCallback
 .text.HAL_PCD_DataOutStageCallback
                0x0800b7b4       0x36 ./USB_DEVICE/Target/usbd_conf.o
                0x0800b7b4                HAL_PCD_DataOutStageCallback
 .text.HAL_PCD_DataInStageCallback
                0x0800b7ea       0x34 ./USB_DEVICE/Target/usbd_conf.o
                0x0800b7ea                HAL_PCD_DataInStageCallback
 .text.HAL_PCD_SOFCallback
                0x0800b81e       0x1c ./USB_DEVICE/Target/usbd_conf.o
                0x0800b81e                HAL_PCD_SOFCallback
 .text.HAL_PCD_ResetCallback
                0x0800b83a       0x50 ./USB_DEVICE/Target/usbd_conf.o
                0x0800b83a                HAL_PCD_ResetCallback
 *fill*         0x0800b88a        0x2 
 .text.HAL_PCD_SuspendCallback
                0x0800b88c       0x4c ./USB_DEVICE/Target/usbd_conf.o
                0x0800b88c                HAL_PCD_SuspendCallback
 .text.HAL_PCD_ResumeCallback
                0x0800b8d8       0x1c ./USB_DEVICE/Target/usbd_conf.o
                0x0800b8d8                HAL_PCD_ResumeCallback
 .text.HAL_PCD_ISOOUTIncompleteCallback
                0x0800b8f4       0x24 ./USB_DEVICE/Target/usbd_conf.o
                0x0800b8f4                HAL_PCD_ISOOUTIncompleteCallback
 .text.HAL_PCD_ISOINIncompleteCallback
                0x0800b918       0x24 ./USB_DEVICE/Target/usbd_conf.o
                0x0800b918                HAL_PCD_ISOINIncompleteCallback
 .text.HAL_PCD_ConnectCallback
                0x0800b93c       0x1c ./USB_DEVICE/Target/usbd_conf.o
                0x0800b93c                HAL_PCD_ConnectCallback
 .text.HAL_PCD_DisconnectCallback
                0x0800b958       0x1c ./USB_DEVICE/Target/usbd_conf.o
                0x0800b958                HAL_PCD_DisconnectCallback
 .text.USBD_LL_Init
                0x0800b974       0x98 ./USB_DEVICE/Target/usbd_conf.o
                0x0800b974                USBD_LL_Init
 .text.USBD_LL_Start
                0x0800ba0c       0x36 ./USB_DEVICE/Target/usbd_conf.o
                0x0800ba0c                USBD_LL_Start
 .text.USBD_LL_OpenEP
                0x0800ba42       0x4c ./USB_DEVICE/Target/usbd_conf.o
                0x0800ba42                USBD_LL_OpenEP
 .text.USBD_LL_CloseEP
                0x0800ba8e       0x3e ./USB_DEVICE/Target/usbd_conf.o
                0x0800ba8e                USBD_LL_CloseEP
 .text.USBD_LL_StallEP
                0x0800bacc       0x3e ./USB_DEVICE/Target/usbd_conf.o
                0x0800bacc                USBD_LL_StallEP
 .text.USBD_LL_ClearStallEP
                0x0800bb0a       0x3e ./USB_DEVICE/Target/usbd_conf.o
                0x0800bb0a                USBD_LL_ClearStallEP
 .text.USBD_LL_IsStallEP
                0x0800bb48       0x58 ./USB_DEVICE/Target/usbd_conf.o
                0x0800bb48                USBD_LL_IsStallEP
 .text.USBD_LL_SetUSBAddress
                0x0800bba0       0x3e ./USB_DEVICE/Target/usbd_conf.o
                0x0800bba0                USBD_LL_SetUSBAddress
 .text.USBD_LL_Transmit
                0x0800bbde       0x42 ./USB_DEVICE/Target/usbd_conf.o
                0x0800bbde                USBD_LL_Transmit
 .text.USBD_LL_PrepareReceive
                0x0800bc20       0x42 ./USB_DEVICE/Target/usbd_conf.o
                0x0800bc20                USBD_LL_PrepareReceive
 .text.USBD_LL_GetRxDataSize
                0x0800bc62       0x26 ./USB_DEVICE/Target/usbd_conf.o
                0x0800bc62                USBD_LL_GetRxDataSize
 .text.USBD_static_malloc
                0x0800bc88       0x1c ./USB_DEVICE/Target/usbd_conf.o
                0x0800bc88                USBD_static_malloc
 .text.USBD_static_free
                0x0800bca4       0x14 ./USB_DEVICE/Target/usbd_conf.o
                0x0800bca4                USBD_static_free
 .text.USBD_Get_USB_Status
                0x0800bcb8       0x58 ./USB_DEVICE/Target/usbd_conf.o
                0x0800bcb8                USBD_Get_USB_Status
 .text.std      0x0800bd10       0x6c C:/ST/STM32CubeIDE_1.15.0/STM32CubeIDE/plugins/com.st.stm32cube.ide.mcu.externaltools.gnu-tools-for-stm32.12.3.rel1.win32_1.0.100.202403111256/tools/bin/../lib/gcc/arm-none-eabi/12.3.1/../../../../arm-none-eabi/lib/thumb/v7e-m+fp/hard\libc_nano.a(libc_a-findfp.o)
 .text.stdio_exit_handler
                0x0800bd7c       0x18 C:/ST/STM32CubeIDE_1.15.0/STM32CubeIDE/plugins/com.st.stm32cube.ide.mcu.externaltools.gnu-tools-for-stm32.12.3.rel1.win32_1.0.100.202403111256/tools/bin/../lib/gcc/arm-none-eabi/12.3.1/../../../../arm-none-eabi/lib/thumb/v7e-m+fp/hard\libc_nano.a(libc_a-findfp.o)
 .text.cleanup_stdio
                0x0800bd94       0x40 C:/ST/STM32CubeIDE_1.15.0/STM32CubeIDE/plugins/com.st.stm32cube.ide.mcu.externaltools.gnu-tools-for-stm32.12.3.rel1.win32_1.0.100.202403111256/tools/bin/../lib/gcc/arm-none-eabi/12.3.1/../../../../arm-none-eabi/lib/thumb/v7e-m+fp/hard\libc_nano.a(libc_a-findfp.o)
 .text.global_stdio_init.part.0
                0x0800bdd4       0x3c C:/ST/STM32CubeIDE_1.15.0/STM32CubeIDE/plugins/com.st.stm32cube.ide.mcu.externaltools.gnu-tools-for-stm32.12.3.rel1.win32_1.0.100.202403111256/tools/bin/../lib/gcc/arm-none-eabi/12.3.1/../../../../arm-none-eabi/lib/thumb/v7e-m+fp/hard\libc_nano.a(libc_a-findfp.o)
 .text.__sfp_lock_acquire
                0x0800be10        0xc C:/ST/STM32CubeIDE_1.15.0/STM32CubeIDE/plugins/com.st.stm32cube.ide.mcu.externaltools.gnu-tools-for-stm32.12.3.rel1.win32_1.0.100.202403111256/tools/bin/../lib/gcc/arm-none-eabi/12.3.1/../../../../arm-none-eabi/lib/thumb/v7e-m+fp/hard\libc_nano.a(libc_a-findfp.o)
                0x0800be10                __sfp_lock_acquire
 .text.__sfp_lock_release
                0x0800be1c        0xc C:/ST/STM32CubeIDE_1.15.0/STM32CubeIDE/plugins/com.st.stm32cube.ide.mcu.externaltools.gnu-tools-for-stm32.12.3.rel1.win32_1.0.100.202403111256/tools/bin/../lib/gcc/arm-none-eabi/12.3.1/../../../../arm-none-eabi/lib/thumb/v7e-m+fp/hard\libc_nano.a(libc_a-findfp.o)
                0x0800be1c                __sfp_lock_release
 .text.__sinit  0x0800be28       0x30 C:/ST/STM32CubeIDE_1.15.0/STM32CubeIDE/plugins/com.st.stm32cube.ide.mcu.externaltools.gnu-tools-for-stm32.12.3.rel1.win32_1.0.100.202403111256/tools/bin/../lib/gcc/arm-none-eabi/12.3.1/../../../../arm-none-eabi/lib/thumb/v7e-m+fp/hard\libc_nano.a(libc_a-findfp.o)
                0x0800be28                __sinit
 .text._fwalk_sglue
                0x0800be58       0x3c C:/ST/STM32CubeIDE_1.15.0/STM32CubeIDE/plugins/com.st.stm32cube.ide.mcu.externaltools.gnu-tools-for-stm32.12.3.rel1.win32_1.0.100.202403111256/tools/bin/../lib/gcc/arm-none-eabi/12.3.1/../../../../arm-none-eabi/lib/thumb/v7e-m+fp/hard\libc_nano.a(libc_a-fwalk.o)
                0x0800be58                _fwalk_sglue
 .text.printf   0x0800be94       0x24 C:/ST/STM32CubeIDE_1.15.0/STM32CubeIDE/plugins/com.st.stm32cube.ide.mcu.externaltools.gnu-tools-for-stm32.12.3.rel1.win32_1.0.100.202403111256/tools/bin/../lib/gcc/arm-none-eabi/12.3.1/../../../../arm-none-eabi/lib/thumb/v7e-m+fp/hard\libc_nano.a(libc_a-printf.o)
                0x0800be94                iprintf
                0x0800be94                printf
 .text._puts_r  0x0800beb8       0xaa C:/ST/STM32CubeIDE_1.15.0/STM32CubeIDE/plugins/com.st.stm32cube.ide.mcu.externaltools.gnu-tools-for-stm32.12.3.rel1.win32_1.0.100.202403111256/tools/bin/../lib/gcc/arm-none-eabi/12.3.1/../../../../arm-none-eabi/lib/thumb/v7e-m+fp/hard\libc_nano.a(libc_a-puts.o)
                0x0800beb8                _puts_r
 *fill*         0x0800bf62        0x2 
 .text.puts     0x0800bf64       0x10 C:/ST/STM32CubeIDE_1.15.0/STM32CubeIDE/plugins/com.st.stm32cube.ide.mcu.externaltools.gnu-tools-for-stm32.12.3.rel1.win32_1.0.100.202403111256/tools/bin/../lib/gcc/arm-none-eabi/12.3.1/../../../../arm-none-eabi/lib/thumb/v7e-m+fp/hard\libc_nano.a(libc_a-puts.o)
                0x0800bf64                puts
 .text.__sread  0x0800bf74       0x22 C:/ST/STM32CubeIDE_1.15.0/STM32CubeIDE/plugins/com.st.stm32cube.ide.mcu.externaltools.gnu-tools-for-stm32.12.3.rel1.win32_1.0.100.202403111256/tools/bin/../lib/gcc/arm-none-eabi/12.3.1/../../../../arm-none-eabi/lib/thumb/v7e-m+fp/hard\libc_nano.a(libc_a-stdio.o)
                0x0800bf74                __sread
 .text.__swrite
                0x0800bf96       0x38 C:/ST/STM32CubeIDE_1.15.0/STM32CubeIDE/plugins/com.st.stm32cube.ide.mcu.externaltools.gnu-tools-for-stm32.12.3.rel1.win32_1.0.100.202403111256/tools/bin/../lib/gcc/arm-none-eabi/12.3.1/../../../../arm-none-eabi/lib/thumb/v7e-m+fp/hard\libc_nano.a(libc_a-stdio.o)
                0x0800bf96                __swrite
 .text.__sseek  0x0800bfce       0x24 C:/ST/STM32CubeIDE_1.15.0/STM32CubeIDE/plugins/com.st.stm32cube.ide.mcu.externaltools.gnu-tools-for-stm32.12.3.rel1.win32_1.0.100.202403111256/tools/bin/../lib/gcc/arm-none-eabi/12.3.1/../../../../arm-none-eabi/lib/thumb/v7e-m+fp/hard\libc_nano.a(libc_a-stdio.o)
                0x0800bfce                __sseek
 .text.__sclose
                0x0800bff2        0x8 C:/ST/STM32CubeIDE_1.15.0/STM32CubeIDE/plugins/com.st.stm32cube.ide.mcu.externaltools.gnu-tools-for-stm32.12.3.rel1.win32_1.0.100.202403111256/tools/bin/../lib/gcc/arm-none-eabi/12.3.1/../../../../arm-none-eabi/lib/thumb/v7e-m+fp/hard\libc_nano.a(libc_a-stdio.o)
                0x0800bff2                __sclose
 .text.__swbuf_r
                0x0800bffa       0x7c C:/ST/STM32CubeIDE_1.15.0/STM32CubeIDE/plugins/com.st.stm32cube.ide.mcu.externaltools.gnu-tools-for-stm32.12.3.rel1.win32_1.0.100.202403111256/tools/bin/../lib/gcc/arm-none-eabi/12.3.1/../../../../arm-none-eabi/lib/thumb/v7e-m+fp/hard\libc_nano.a(libc_a-wbuf.o)
                0x0800bffa                __swbuf_r
 *fill*         0x0800c076        0x2 
 .text.__swsetup_r
                0x0800c078       0xac C:/ST/STM32CubeIDE_1.15.0/STM32CubeIDE/plugins/com.st.stm32cube.ide.mcu.externaltools.gnu-tools-for-stm32.12.3.rel1.win32_1.0.100.202403111256/tools/bin/../lib/gcc/arm-none-eabi/12.3.1/../../../../arm-none-eabi/lib/thumb/v7e-m+fp/hard\libc_nano.a(libc_a-wsetup.o)
                0x0800c078                __swsetup_r
 .text.memset   0x0800c124       0x10 C:/ST/STM32CubeIDE_1.15.0/STM32CubeIDE/plugins/com.st.stm32cube.ide.mcu.externaltools.gnu-tools-for-stm32.12.3.rel1.win32_1.0.100.202403111256/tools/bin/../lib/gcc/arm-none-eabi/12.3.1/../../../../arm-none-eabi/lib/thumb/v7e-m+fp/hard\libc_nano.a(libc_a-memset.o)
                0x0800c124                memset
 .text._close_r
                0x0800c134       0x20 C:/ST/STM32CubeIDE_1.15.0/STM32CubeIDE/plugins/com.st.stm32cube.ide.mcu.externaltools.gnu-tools-for-stm32.12.3.rel1.win32_1.0.100.202403111256/tools/bin/../lib/gcc/arm-none-eabi/12.3.1/../../../../arm-none-eabi/lib/thumb/v7e-m+fp/hard\libc_nano.a(libc_a-closer.o)
                0x0800c134                _close_r
 .text._reclaim_reent
                0x0800c154       0xac C:/ST/STM32CubeIDE_1.15.0/STM32CubeIDE/plugins/com.st.stm32cube.ide.mcu.externaltools.gnu-tools-for-stm32.12.3.rel1.win32_1.0.100.202403111256/tools/bin/../lib/gcc/arm-none-eabi/12.3.1/../../../../arm-none-eabi/lib/thumb/v7e-m+fp/hard\libc_nano.a(libc_a-reent.o)
                0x0800c154                _reclaim_reent
 .text._lseek_r
                0x0800c200       0x24 C:/ST/STM32CubeIDE_1.15.0/STM32CubeIDE/plugins/com.st.stm32cube.ide.mcu.externaltools.gnu-tools-for-stm32.12.3.rel1.win32_1.0.100.202403111256/tools/bin/../lib/gcc/arm-none-eabi/12.3.1/../../../../arm-none-eabi/lib/thumb/v7e-m+fp/hard\libc_nano.a(libc_a-lseekr.o)
                0x0800c200                _lseek_r
 .text._read_r  0x0800c224       0x24 C:/ST/STM32CubeIDE_1.15.0/STM32CubeIDE/plugins/com.st.stm32cube.ide.mcu.externaltools.gnu-tools-for-stm32.12.3.rel1.win32_1.0.100.202403111256/tools/bin/../lib/gcc/arm-none-eabi/12.3.1/../../../../arm-none-eabi/lib/thumb/v7e-m+fp/hard\libc_nano.a(libc_a-readr.o)
                0x0800c224                _read_r
 .text._write_r
                0x0800c248       0x24 C:/ST/STM32CubeIDE_1.15.0/STM32CubeIDE/plugins/com.st.stm32cube.ide.mcu.externaltools.gnu-tools-for-stm32.12.3.rel1.win32_1.0.100.202403111256/tools/bin/../lib/gcc/arm-none-eabi/12.3.1/../../../../arm-none-eabi/lib/thumb/v7e-m+fp/hard\libc_nano.a(libc_a-writer.o)
                0x0800c248                _write_r
 .text.__errno  0x0800c26c        0xc C:/ST/STM32CubeIDE_1.15.0/STM32CubeIDE/plugins/com.st.stm32cube.ide.mcu.externaltools.gnu-tools-for-stm32.12.3.rel1.win32_1.0.100.202403111256/tools/bin/../lib/gcc/arm-none-eabi/12.3.1/../../../../arm-none-eabi/lib/thumb/v7e-m+fp/hard\libc_nano.a(libc_a-errno.o)
                0x0800c26c                __errno
 .text.__libc_init_array
                0x0800c278       0x48 C:/ST/STM32CubeIDE_1.15.0/STM32CubeIDE/plugins/com.st.stm32cube.ide.mcu.externaltools.gnu-tools-for-stm32.12.3.rel1.win32_1.0.100.202403111256/tools/bin/../lib/gcc/arm-none-eabi/12.3.1/../../../../arm-none-eabi/lib/thumb/v7e-m+fp/hard\libc_nano.a(libc_a-init.o)
                0x0800c278                __libc_init_array
 .text.__retarget_lock_init_recursive
                0x0800c2c0        0x2 C:/ST/STM32CubeIDE_1.15.0/STM32CubeIDE/plugins/com.st.stm32cube.ide.mcu.externaltools.gnu-tools-for-stm32.12.3.rel1.win32_1.0.100.202403111256/tools/bin/../lib/gcc/arm-none-eabi/12.3.1/../../../../arm-none-eabi/lib/thumb/v7e-m+fp/hard\libc_nano.a(libc_a-lock.o)
                0x0800c2c0                __retarget_lock_init_recursive
 .text.__retarget_lock_acquire_recursive
                0x0800c2c2        0x2 C:/ST/STM32CubeIDE_1.15.0/STM32CubeIDE/plugins/com.st.stm32cube.ide.mcu.externaltools.gnu-tools-for-stm32.12.3.rel1.win32_1.0.100.202403111256/tools/bin/../lib/gcc/arm-none-eabi/12.3.1/../../../../arm-none-eabi/lib/thumb/v7e-m+fp/hard\libc_nano.a(libc_a-lock.o)
                0x0800c2c2                __retarget_lock_acquire_recursive
 .text.__retarget_lock_release_recursive
                0x0800c2c4        0x2 C:/ST/STM32CubeIDE_1.15.0/STM32CubeIDE/plugins/com.st.stm32cube.ide.mcu.externaltools.gnu-tools-for-stm32.12.3.rel1.win32_1.0.100.202403111256/tools/bin/../lib/gcc/arm-none-eabi/12.3.1/../../../../arm-none-eabi/lib/thumb/v7e-m+fp/hard\libc_nano.a(libc_a-lock.o)
                0x0800c2c4                __retarget_lock_release_recursive
 .text.memcpy   0x0800c2c6       0x1c C:/ST/STM32CubeIDE_1.15.0/STM32CubeIDE/plugins/com.st.stm32cube.ide.mcu.externaltools.gnu-tools-for-stm32.12.3.rel1.win32_1.0.100.202403111256/tools/bin/../lib/gcc/arm-none-eabi/12.3.1/../../../../arm-none-eabi/lib/thumb/v7e-m+fp/hard\libc_nano.a(libc_a-memcpy-stub.o)
                0x0800c2c6                memcpy
 *fill*         0x0800c2e2        0x2 
 .text._free_r  0x0800c2e4       0x94 C:/ST/STM32CubeIDE_1.15.0/STM32CubeIDE/plugins/com.st.stm32cube.ide.mcu.externaltools.gnu-tools-for-stm32.12.3.rel1.win32_1.0.100.202403111256/tools/bin/../lib/gcc/arm-none-eabi/12.3.1/../../../../arm-none-eabi/lib/thumb/v7e-m+fp/hard\libc_nano.a(libc_a-freer.o)
                0x0800c2e4                _free_r
 .text.sbrk_aligned
                0x0800c378       0x44 C:/ST/STM32CubeIDE_1.15.0/STM32CubeIDE/plugins/com.st.stm32cube.ide.mcu.externaltools.gnu-tools-for-stm32.12.3.rel1.win32_1.0.100.202403111256/tools/bin/../lib/gcc/arm-none-eabi/12.3.1/../../../../arm-none-eabi/lib/thumb/v7e-m+fp/hard\libc_nano.a(libc_a-mallocr.o)
 .text._malloc_r
                0x0800c3bc      0x100 C:/ST/STM32CubeIDE_1.15.0/STM32CubeIDE/plugins/com.st.stm32cube.ide.mcu.externaltools.gnu-tools-for-stm32.12.3.rel1.win32_1.0.100.202403111256/tools/bin/../lib/gcc/arm-none-eabi/12.3.1/../../../../arm-none-eabi/lib/thumb/v7e-m+fp/hard\libc_nano.a(libc_a-mallocr.o)
                0x0800c3bc                _malloc_r
 .text.__malloc_lock
                0x0800c4bc        0xc C:/ST/STM32CubeIDE_1.15.0/STM32CubeIDE/plugins/com.st.stm32cube.ide.mcu.externaltools.gnu-tools-for-stm32.12.3.rel1.win32_1.0.100.202403111256/tools/bin/../lib/gcc/arm-none-eabi/12.3.1/../../../../arm-none-eabi/lib/thumb/v7e-m+fp/hard\libc_nano.a(libc_a-mlock.o)
                0x0800c4bc                __malloc_lock
 .text.__malloc_unlock
                0x0800c4c8        0xc C:/ST/STM32CubeIDE_1.15.0/STM32CubeIDE/plugins/com.st.stm32cube.ide.mcu.externaltools.gnu-tools-for-stm32.12.3.rel1.win32_1.0.100.202403111256/tools/bin/../lib/gcc/arm-none-eabi/12.3.1/../../../../arm-none-eabi/lib/thumb/v7e-m+fp/hard\libc_nano.a(libc_a-mlock.o)
                0x0800c4c8                __malloc_unlock
 .text.__sfputc_r
                0x0800c4d4       0x2e C:/ST/STM32CubeIDE_1.15.0/STM32CubeIDE/plugins/com.st.stm32cube.ide.mcu.externaltools.gnu-tools-for-stm32.12.3.rel1.win32_1.0.100.202403111256/tools/bin/../lib/gcc/arm-none-eabi/12.3.1/../../../../arm-none-eabi/lib/thumb/v7e-m+fp/hard\libc_nano.a(libc_a-nano-vfprintf.o)
 .text.__sfputs_r
                0x0800c502       0x24 C:/ST/STM32CubeIDE_1.15.0/STM32CubeIDE/plugins/com.st.stm32cube.ide.mcu.externaltools.gnu-tools-for-stm32.12.3.rel1.win32_1.0.100.202403111256/tools/bin/../lib/gcc/arm-none-eabi/12.3.1/../../../../arm-none-eabi/lib/thumb/v7e-m+fp/hard\libc_nano.a(libc_a-nano-vfprintf.o)
                0x0800c502                __sfputs_r
 *fill*         0x0800c526        0x2 
 .text._vfprintf_r
                0x0800c528      0x230 C:/ST/STM32CubeIDE_1.15.0/STM32CubeIDE/plugins/com.st.stm32cube.ide.mcu.externaltools.gnu-tools-for-stm32.12.3.rel1.win32_1.0.100.202403111256/tools/bin/../lib/gcc/arm-none-eabi/12.3.1/../../../../arm-none-eabi/lib/thumb/v7e-m+fp/hard\libc_nano.a(libc_a-nano-vfprintf.o)
                0x0800c528                _vfprintf_r
                0x0800c528                _vfiprintf_r
 .text._printf_common
                0x0800c758       0xda C:/ST/STM32CubeIDE_1.15.0/STM32CubeIDE/plugins/com.st.stm32cube.ide.mcu.externaltools.gnu-tools-for-stm32.12.3.rel1.win32_1.0.100.202403111256/tools/bin/../lib/gcc/arm-none-eabi/12.3.1/../../../../arm-none-eabi/lib/thumb/v7e-m+fp/hard\libc_nano.a(libc_a-nano-vfprintf_i.o)
                0x0800c758                _printf_common
 *fill*         0x0800c832        0x2 
 .text._printf_i
                0x0800c834      0x240 C:/ST/STM32CubeIDE_1.15.0/STM32CubeIDE/plugins/com.st.stm32cube.ide.mcu.externaltools.gnu-tools-for-stm32.12.3.rel1.win32_1.0.100.202403111256/tools/bin/../lib/gcc/arm-none-eabi/12.3.1/../../../../arm-none-eabi/lib/thumb/v7e-m+fp/hard\libc_nano.a(libc_a-nano-vfprintf_i.o)
                0x0800c834                _printf_i
 .text.__sflush_r
                0x0800ca74      0x108 C:/ST/STM32CubeIDE_1.15.0/STM32CubeIDE/plugins/com.st.stm32cube.ide.mcu.externaltools.gnu-tools-for-stm32.12.3.rel1.win32_1.0.100.202403111256/tools/bin/../lib/gcc/arm-none-eabi/12.3.1/../../../../arm-none-eabi/lib/thumb/v7e-m+fp/hard\libc_nano.a(libc_a-fflush.o)
                0x0800ca74                __sflush_r
 .text._fflush_r
                0x0800cb7c       0x50 C:/ST/STM32CubeIDE_1.15.0/STM32CubeIDE/plugins/com.st.stm32cube.ide.mcu.externaltools.gnu-tools-for-stm32.12.3.rel1.win32_1.0.100.202403111256/tools/bin/../lib/gcc/arm-none-eabi/12.3.1/../../../../arm-none-eabi/lib/thumb/v7e-m+fp/hard\libc_nano.a(libc_a-fflush.o)
                0x0800cb7c                _fflush_r
 .text.__swhatbuf_r
                0x0800cbcc       0x4c C:/ST/STM32CubeIDE_1.15.0/STM32CubeIDE/plugins/com.st.stm32cube.ide.mcu.externaltools.gnu-tools-for-stm32.12.3.rel1.win32_1.0.100.202403111256/tools/bin/../lib/gcc/arm-none-eabi/12.3.1/../../../../arm-none-eabi/lib/thumb/v7e-m+fp/hard\libc_nano.a(libc_a-makebuf.o)
                0x0800cbcc                __swhatbuf_r
 .text.__smakebuf_r
                0x0800cc18       0x78 C:/ST/STM32CubeIDE_1.15.0/STM32CubeIDE/plugins/com.st.stm32cube.ide.mcu.externaltools.gnu-tools-for-stm32.12.3.rel1.win32_1.0.100.202403111256/tools/bin/../lib/gcc/arm-none-eabi/12.3.1/../../../../arm-none-eabi/lib/thumb/v7e-m+fp/hard\libc_nano.a(libc_a-makebuf.o)
                0x0800cc18                __smakebuf_r
 .text._fstat_r
                0x0800cc90       0x24 C:/ST/STM32CubeIDE_1.15.0/STM32CubeIDE/plugins/com.st.stm32cube.ide.mcu.externaltools.gnu-tools-for-stm32.12.3.rel1.win32_1.0.100.202403111256/tools/bin/../lib/gcc/arm-none-eabi/12.3.1/../../../../arm-none-eabi/lib/thumb/v7e-m+fp/hard\libc_nano.a(libc_a-fstatr.o)
                0x0800cc90                _fstat_r
 .text._isatty_r
                0x0800ccb4       0x20 C:/ST/STM32CubeIDE_1.15.0/STM32CubeIDE/plugins/com.st.stm32cube.ide.mcu.externaltools.gnu-tools-for-stm32.12.3.rel1.win32_1.0.100.202403111256/tools/bin/../lib/gcc/arm-none-eabi/12.3.1/../../../../arm-none-eabi/lib/thumb/v7e-m+fp/hard\libc_nano.a(libc_a-isattyr.o)
                0x0800ccb4                _isatty_r
 .text._sbrk_r  0x0800ccd4       0x20 C:/ST/STM32CubeIDE_1.15.0/STM32CubeIDE/plugins/com.st.stm32cube.ide.mcu.externaltools.gnu-tools-for-stm32.12.3.rel1.win32_1.0.100.202403111256/tools/bin/../lib/gcc/arm-none-eabi/12.3.1/../../../../arm-none-eabi/lib/thumb/v7e-m+fp/hard\libc_nano.a(libc_a-sbrkr.o)
                0x0800ccd4                _sbrk_r
 .text.asinf    0x0800ccf4       0x58 C:/ST/STM32CubeIDE_1.15.0/STM32CubeIDE/plugins/com.st.stm32cube.ide.mcu.externaltools.gnu-tools-for-stm32.12.3.rel1.win32_1.0.100.202403111256/tools/bin/../lib/gcc/arm-none-eabi/12.3.1/../../../../arm-none-eabi/lib/thumb/v7e-m+fp/hard\libm.a(libm_a-wf_asin.o)
                0x0800ccf4                asinf
 .text.atan2f   0x0800cd4c        0x4 C:/ST/STM32CubeIDE_1.15.0/STM32CubeIDE/plugins/com.st.stm32cube.ide.mcu.externaltools.gnu-tools-for-stm32.12.3.rel1.win32_1.0.100.202403111256/tools/bin/../lib/gcc/arm-none-eabi/12.3.1/../../../../arm-none-eabi/lib/thumb/v7e-m+fp/hard\libm.a(libm_a-wf_atan2.o)
                0x0800cd4c                atan2f
 .text.powf     0x0800cd50       0xae C:/ST/STM32CubeIDE_1.15.0/STM32CubeIDE/plugins/com.st.stm32cube.ide.mcu.externaltools.gnu-tools-for-stm32.12.3.rel1.win32_1.0.100.202403111256/tools/bin/../lib/gcc/arm-none-eabi/12.3.1/../../../../arm-none-eabi/lib/thumb/v7e-m+fp/hard\libm.a(libm_a-wf_pow.o)
                0x0800cd50                powf
 .text.fabsf    0x0800cdfe        0xe C:/ST/STM32CubeIDE_1.15.0/STM32CubeIDE/plugins/com.st.stm32cube.ide.mcu.externaltools.gnu-tools-for-stm32.12.3.rel1.win32_1.0.100.202403111256/tools/bin/../lib/gcc/arm-none-eabi/12.3.1/../../../../arm-none-eabi/lib/thumb/v7e-m+fp/hard\libm.a(libm_a-sf_fabs.o)
                0x0800cdfe                fabsf
 .text.finitef  0x0800ce0c       0x14 C:/ST/STM32CubeIDE_1.15.0/STM32CubeIDE/plugins/com.st.stm32cube.ide.mcu.externaltools.gnu-tools-for-stm32.12.3.rel1.win32_1.0.100.202403111256/tools/bin/../lib/gcc/arm-none-eabi/12.3.1/../../../../arm-none-eabi/lib/thumb/v7e-m+fp/hard\libm.a(libm_a-sf_finite.o)
                0x0800ce0c                finitef
 .text.nanf     0x0800ce20        0xc C:/ST/STM32CubeIDE_1.15.0/STM32CubeIDE/plugins/com.st.stm32cube.ide.mcu.externaltools.gnu-tools-for-stm32.12.3.rel1.win32_1.0.100.202403111256/tools/bin/../lib/gcc/arm-none-eabi/12.3.1/../../../../arm-none-eabi/lib/thumb/v7e-m+fp/hard\libm.a(libm_a-sf_nan.o)
                0x0800ce20                nanf
 .text.__ieee754_asinf
                0x0800ce2c      0x1cc C:/ST/STM32CubeIDE_1.15.0/STM32CubeIDE/plugins/com.st.stm32cube.ide.mcu.externaltools.gnu-tools-for-stm32.12.3.rel1.win32_1.0.100.202403111256/tools/bin/../lib/gcc/arm-none-eabi/12.3.1/../../../../arm-none-eabi/lib/thumb/v7e-m+fp/hard\libm.a(libm_a-ef_asin.o)
                0x0800ce2c                __ieee754_asinf
 .text.__ieee754_atan2f
                0x0800cff8      0x140 C:/ST/STM32CubeIDE_1.15.0/STM32CubeIDE/plugins/com.st.stm32cube.ide.mcu.externaltools.gnu-tools-for-stm32.12.3.rel1.win32_1.0.100.202403111256/tools/bin/../lib/gcc/arm-none-eabi/12.3.1/../../../../arm-none-eabi/lib/thumb/v7e-m+fp/hard\libm.a(libm_a-ef_atan2.o)
                0x0800cff8                __ieee754_atan2f
 .text.__ieee754_powf
                0x0800d138      0x5a0 C:/ST/STM32CubeIDE_1.15.0/STM32CubeIDE/plugins/com.st.stm32cube.ide.mcu.externaltools.gnu-tools-for-stm32.12.3.rel1.win32_1.0.100.202403111256/tools/bin/../lib/gcc/arm-none-eabi/12.3.1/../../../../arm-none-eabi/lib/thumb/v7e-m+fp/hard\libm.a(libm_a-ef_pow.o)
                0x0800d138                __ieee754_powf
 .text.atanf    0x0800d6d8      0x1a8 C:/ST/STM32CubeIDE_1.15.0/STM32CubeIDE/plugins/com.st.stm32cube.ide.mcu.externaltools.gnu-tools-for-stm32.12.3.rel1.win32_1.0.100.202403111256/tools/bin/../lib/gcc/arm-none-eabi/12.3.1/../../../../arm-none-eabi/lib/thumb/v7e-m+fp/hard\libm.a(libm_a-sf_atan.o)
                0x0800d6d8                atanf
 .text.scalbnf  0x0800d880       0xcc C:/ST/STM32CubeIDE_1.15.0/STM32CubeIDE/plugins/com.st.stm32cube.ide.mcu.externaltools.gnu-tools-for-stm32.12.3.rel1.win32_1.0.100.202403111256/tools/bin/../lib/gcc/arm-none-eabi/12.3.1/../../../../arm-none-eabi/lib/thumb/v7e-m+fp/hard\libm.a(libm_a-sf_scalbn.o)
                0x0800d880                scalbnf
 .text.with_errnof
                0x0800d94c       0x1c C:/ST/STM32CubeIDE_1.15.0/STM32CubeIDE/plugins/com.st.stm32cube.ide.mcu.externaltools.gnu-tools-for-stm32.12.3.rel1.win32_1.0.100.202403111256/tools/bin/../lib/gcc/arm-none-eabi/12.3.1/../../../../arm-none-eabi/lib/thumb/v7e-m+fp/hard\libm.a(libm_a-math_errf.o)
 .text.xflowf   0x0800d968       0x16 C:/ST/STM32CubeIDE_1.15.0/STM32CubeIDE/plugins/com.st.stm32cube.ide.mcu.externaltools.gnu-tools-for-stm32.12.3.rel1.win32_1.0.100.202403111256/tools/bin/../lib/gcc/arm-none-eabi/12.3.1/../../../../arm-none-eabi/lib/thumb/v7e-m+fp/hard\libm.a(libm_a-math_errf.o)
 *fill*         0x0800d97e        0x2 
 .text.__math_uflowf
                0x0800d980        0xc C:/ST/STM32CubeIDE_1.15.0/STM32CubeIDE/plugins/com.st.stm32cube.ide.mcu.externaltools.gnu-tools-for-stm32.12.3.rel1.win32_1.0.100.202403111256/tools/bin/../lib/gcc/arm-none-eabi/12.3.1/../../../../arm-none-eabi/lib/thumb/v7e-m+fp/hard\libm.a(libm_a-math_errf.o)
                0x0800d980                __math_uflowf
 .text.__math_oflowf
                0x0800d98c        0xc C:/ST/STM32CubeIDE_1.15.0/STM32CubeIDE/plugins/com.st.stm32cube.ide.mcu.externaltools.gnu-tools-for-stm32.12.3.rel1.win32_1.0.100.202403111256/tools/bin/../lib/gcc/arm-none-eabi/12.3.1/../../../../arm-none-eabi/lib/thumb/v7e-m+fp/hard\libm.a(libm_a-math_errf.o)
                0x0800d98c                __math_oflowf
 .text.__ieee754_sqrtf
                0x0800d998        0x6 C:/ST/STM32CubeIDE_1.15.0/STM32CubeIDE/plugins/com.st.stm32cube.ide.mcu.externaltools.gnu-tools-for-stm32.12.3.rel1.win32_1.0.100.202403111256/tools/bin/../lib/gcc/arm-none-eabi/12.3.1/../../../../arm-none-eabi/lib/thumb/v7e-m+fp/hard\libm.a(libm_a-ef_sqrt.o)
                0x0800d998                __ieee754_sqrtf
 *(.glue_7)
 .glue_7        0x0800d99e        0x0 linker stubs
 *(.glue_7t)
 .glue_7t       0x0800d99e        0x0 linker stubs
 *(.eh_frame)
 *fill*         0x0800d99e        0x2 
 .eh_frame      0x0800d9a0        0x0 C:/ST/STM32CubeIDE_1.15.0/STM32CubeIDE/plugins/com.st.stm32cube.ide.mcu.externaltools.gnu-tools-for-stm32.12.3.rel1.win32_1.0.100.202403111256/tools/bin/../lib/gcc/arm-none-eabi/12.3.1/thumb/v7e-m+fp/hard/crtbegin.o
 *(.init)
 .init          0x0800d9a0        0x4 C:/ST/STM32CubeIDE_1.15.0/STM32CubeIDE/plugins/com.st.stm32cube.ide.mcu.externaltools.gnu-tools-for-stm32.12.3.rel1.win32_1.0.100.202403111256/tools/bin/../lib/gcc/arm-none-eabi/12.3.1/thumb/v7e-m+fp/hard/crti.o
                0x0800d9a0                _init
 .init          0x0800d9a4        0x8 C:/ST/STM32CubeIDE_1.15.0/STM32CubeIDE/plugins/com.st.stm32cube.ide.mcu.externaltools.gnu-tools-for-stm32.12.3.rel1.win32_1.0.100.202403111256/tools/bin/../lib/gcc/arm-none-eabi/12.3.1/thumb/v7e-m+fp/hard/crtn.o
 *(.fini)
 .fini          0x0800d9ac        0x4 C:/ST/STM32CubeIDE_1.15.0/STM32CubeIDE/plugins/com.st.stm32cube.ide.mcu.externaltools.gnu-tools-for-stm32.12.3.rel1.win32_1.0.100.202403111256/tools/bin/../lib/gcc/arm-none-eabi/12.3.1/thumb/v7e-m+fp/hard/crti.o
                0x0800d9ac                _fini
 .fini          0x0800d9b0        0x8 C:/ST/STM32CubeIDE_1.15.0/STM32CubeIDE/plugins/com.st.stm32cube.ide.mcu.externaltools.gnu-tools-for-stm32.12.3.rel1.win32_1.0.100.202403111256/tools/bin/../lib/gcc/arm-none-eabi/12.3.1/thumb/v7e-m+fp/hard/crtn.o
                0x0800d9b8                        . = ALIGN (0x4)
                0x0800d9b8                        _etext = .

.vfp11_veneer   0x0800d9b8        0x0
 .vfp11_veneer  0x0800d9b8        0x0 linker stubs

.v4_bx          0x0800d9b8        0x0
 .v4_bx         0x0800d9b8        0x0 linker stubs

.iplt           0x0800d9b8        0x0
 .iplt          0x0800d9b8        0x0 C:/ST/STM32CubeIDE_1.15.0/STM32CubeIDE/plugins/com.st.stm32cube.ide.mcu.externaltools.gnu-tools-for-stm32.12.3.rel1.win32_1.0.100.202403111256/tools/bin/../lib/gcc/arm-none-eabi/12.3.1/thumb/v7e-m+fp/hard/crtbegin.o

.rodata         0x0800d9b8      0x208
                0x0800d9b8                        . = ALIGN (0x4)
 *(.rodata)
 .rodata        0x0800d9b8       0xac ./Core/Src/BNO080.o
 .rodata        0x0800da64       0x15 ./Core/Src/main.o
 *fill*         0x0800da79        0x3 
 .rodata        0x0800da7c        0x5 ./Middlewares/Third_Party/FreeRTOS/Source/tasks.o
 *fill*         0x0800da81        0x3 
 .rodata        0x0800da84        0xd ./Middlewares/Third_Party/FreeRTOS/Source/timers.o
 *fill*         0x0800da91        0x3 
 .rodata        0x0800da94       0x46 ./USB_DEVICE/App/usbd_desc.o
 *(.rodata*)
 *fill*         0x0800dada        0x2 
 .rodata.defaultTask_attributes
                0x0800dadc       0x24 ./Core/Src/main.o
                0x0800dadc                defaultTask_attributes
 .rodata.myTask02_attributes
                0x0800db00       0x24 ./Core/Src/main.o
                0x0800db00                myTask02_attributes
 .rodata.AHBPrescTable
                0x0800db24       0x10 ./Core/Src/system_stm32f4xx.o
                0x0800db24                AHBPrescTable
 .rodata.APBPrescTable
                0x0800db34        0x8 ./Core/Src/system_stm32f4xx.o
                0x0800db34                APBPrescTable
 .rodata._vfprintf_r.str1.1
                0x0800db3c       0x11 C:/ST/STM32CubeIDE_1.15.0/STM32CubeIDE/plugins/com.st.stm32cube.ide.mcu.externaltools.gnu-tools-for-stm32.12.3.rel1.win32_1.0.100.202403111256/tools/bin/../lib/gcc/arm-none-eabi/12.3.1/../../../../arm-none-eabi/lib/thumb/v7e-m+fp/hard\libc_nano.a(libc_a-nano-vfprintf.o)
 .rodata._printf_i.str1.1
                0x0800db4d       0x22 C:/ST/STM32CubeIDE_1.15.0/STM32CubeIDE/plugins/com.st.stm32cube.ide.mcu.externaltools.gnu-tools-for-stm32.12.3.rel1.win32_1.0.100.202403111256/tools/bin/../lib/gcc/arm-none-eabi/12.3.1/../../../../arm-none-eabi/lib/thumb/v7e-m+fp/hard\libc_nano.a(libc_a-nano-vfprintf_i.o)
 .rodata.asinf.str1.1
                0x0800db6f       0x22 C:/ST/STM32CubeIDE_1.15.0/STM32CubeIDE/plugins/com.st.stm32cube.ide.mcu.externaltools.gnu-tools-for-stm32.12.3.rel1.win32_1.0.100.202403111256/tools/bin/../lib/gcc/arm-none-eabi/12.3.1/../../../../arm-none-eabi/lib/thumb/v7e-m+fp/hard\libm.a(libm_a-wf_asin.o)
                                  0x1 (size before relaxing)
 *fill*         0x0800db6f        0x1 
 .rodata.CSWTCH.9
                0x0800db70        0xc C:/ST/STM32CubeIDE_1.15.0/STM32CubeIDE/plugins/com.st.stm32cube.ide.mcu.externaltools.gnu-tools-for-stm32.12.3.rel1.win32_1.0.100.202403111256/tools/bin/../lib/gcc/arm-none-eabi/12.3.1/../../../../arm-none-eabi/lib/thumb/v7e-m+fp/hard\libm.a(libm_a-ef_atan2.o)
 .rodata.CSWTCH.8
                0x0800db7c        0xc C:/ST/STM32CubeIDE_1.15.0/STM32CubeIDE/plugins/com.st.stm32cube.ide.mcu.externaltools.gnu-tools-for-stm32.12.3.rel1.win32_1.0.100.202403111256/tools/bin/../lib/gcc/arm-none-eabi/12.3.1/../../../../arm-none-eabi/lib/thumb/v7e-m+fp/hard\libm.a(libm_a-ef_atan2.o)
 .rodata.dp_l   0x0800db88        0x8 C:/ST/STM32CubeIDE_1.15.0/STM32CubeIDE/plugins/com.st.stm32cube.ide.mcu.externaltools.gnu-tools-for-stm32.12.3.rel1.win32_1.0.100.202403111256/tools/bin/../lib/gcc/arm-none-eabi/12.3.1/../../../../arm-none-eabi/lib/thumb/v7e-m+fp/hard\libm.a(libm_a-ef_pow.o)
 .rodata.dp_h   0x0800db90        0x8 C:/ST/STM32CubeIDE_1.15.0/STM32CubeIDE/plugins/com.st.stm32cube.ide.mcu.externaltools.gnu-tools-for-stm32.12.3.rel1.win32_1.0.100.202403111256/tools/bin/../lib/gcc/arm-none-eabi/12.3.1/../../../../arm-none-eabi/lib/thumb/v7e-m+fp/hard\libm.a(libm_a-ef_pow.o)
 .rodata.bp     0x0800db98        0x8 C:/ST/STM32CubeIDE_1.15.0/STM32CubeIDE/plugins/com.st.stm32cube.ide.mcu.externaltools.gnu-tools-for-stm32.12.3.rel1.win32_1.0.100.202403111256/tools/bin/../lib/gcc/arm-none-eabi/12.3.1/../../../../arm-none-eabi/lib/thumb/v7e-m+fp/hard\libm.a(libm_a-ef_pow.o)
 .rodata.atanlo