../Core/Src/main.c:109:5:main	48	static
../Core/Src/main.c:201:6:SystemClock_Config	88	static
../Core/Src/main.c:247:13:MX_ADC1_Init	24	static
../Core/Src/main.c:299:13:MX_ADC2_Init	24	static
../Core/Src/main.c:351:13:MX_ADC3_Init	24	static
../Core/Src/main.c:403:13:MX_I2C1_Init	8	static
../Core/Src/main.c:437:13:MX_I2C2_Init	8	static
../Core/Src/main.c:471:13:MX_SPI1_Init	8	static
../Core/Src/main.c:509:13:MX_SPI2_Init	8	static
../Core/Src/main.c:547:13:MX_TIM1_Init	80	static
../Core/Src/main.c:612:13:MX_TIM2_Init	48	static
../Core/Src/main.c:661:13:MX_TIM3_Init	48	static
../Core/Src/main.c:710:13:MX_TIM4_Init	48	static
../Core/Src/main.c:759:13:MX_TIM8_Init	80	static
../Core/Src/main.c:824:13:MX_TIM12_Init	40	static
../Core/Src/main.c:866:13:MX_UART5_Init	8	static
../Core/Src/main.c:899:13:MX_USART1_UART_Init	8	static
../Core/Src/main.c:932:13:MX_USART2_UART_Init	8	static
../Core/Src/main.c:965:13:MX_USART3_UART_Init	8	static
../Core/Src/main.c:998:13:MX_USB_OTG_FS_PCD_Init	8	static
../Core/Src/main.c:1033:13:MX_GPIO_Init	48	static
../Core/Src/main.c:1097:6:StartDefaultTask	16	static
../Core/Src/main.c:1116:6:HAL_TIM_PeriodElapsedCallback	16	static
../Core/Src/main.c:1133:6:Error_Handler	4	static,ignoring_inline_asm
