../Core/Src/main.c:113:6:HAL_SPI_TxRxCpltCallback	16	static
../Core/Src/main.c:119:6:sendStringOverUSB	24	static
../Core/Src/main.c:126:6:servo_deg	24	static
../Core/Src/main.c:137:5:main	8	static
../Core/Src/main.c:239:6:SystemClock_Config	88	static
../Core/Src/main.c:285:13:MX_SPI2_Init	8	static
../Core/Src/main.c:323:13:MX_TIM2_Init	48	static
../Core/Src/main.c:374:13:MX_DMA_Init	16	static
../Core/Src/main.c:395:13:MX_GPIO_Init	48	static
../Core/Src/main.c:462:6:StartDefaultTask	16	static
../Core/Src/main.c:483:6:StartTask02	48	static
../Core/Src/main.c:516:6:HAL_TIM_PeriodElapsedCallback	16	static
../Core/Src/main.c:533:6:Error_Handler	4	static,ignoring_inline_asm
