../Core/Src/main.c:109:6:HAL_GPIO_EXTI_Callback	16	static
../Core/Src/main.c:117:6:HAL_SPI_TxRxCpltCallback	16	static
../Core/Src/main.c:123:6:sendStringOverUSB	24	static
../Core/Src/main.c:135:5:main	8	static
../Core/Src/main.c:230:6:SystemClock_Config	88	static
../Core/Src/main.c:277:13:MX_SPI2_Init	8	static
../Core/Src/main.c:313:13:MX_DMA_Init	16	static
../Core/Src/main.c:334:13:MX_GPIO_Init	40	static
../Core/Src/main.c:401:6:StartDefaultTask	16	static
../Core/Src/main.c:421:6:StartTask02	32	static
../Core/Src/main.c:498:6:HAL_TIM_PeriodElapsedCallback	16	static
../Core/Src/main.c:515:6:Error_Handler	4	static,ignoring_inline_asm
