Archive member included to satisfy reference by file (symbol)

C:/ST/STM32CubeIDE_1.15.0/STM32CubeIDE/plugins/com.st.stm32cube.ide.mcu.externaltools.gnu-tools-for-stm32.12.3.rel1.win32_1.0.100.202403111256/tools/bin/../lib/gcc/arm-none-eabi/12.3.1/../../../../arm-none-eabi/lib/thumb/v7e-m+fp/hard\libc_nano.a(libc_a-exit.o)
                              C:/ST/STM32CubeIDE_1.15.0/STM32CubeIDE/plugins/com.st.stm32cube.ide.mcu.externaltools.gnu-tools-for-stm32.12.3.rel1.win32_1.0.100.202403111256/tools/bin/../lib/gcc/arm-none-eabi/12.3.1/../../../../arm-none-eabi/lib/thumb/v7e-m+fp/hard/crt0.o (exit)
C:/ST/STM32CubeIDE_1.15.0/STM32CubeIDE/plugins/com.st.stm32cube.ide.mcu.externaltools.gnu-tools-for-stm32.12.3.rel1.win32_1.0.100.202403111256/tools/bin/../lib/gcc/arm-none-eabi/12.3.1/../../../../arm-none-eabi/lib/thumb/v7e-m+fp/hard\libc_nano.a(libc_a-findfp.o)
                              C:/ST/STM32CubeIDE_1.15.0/STM32CubeIDE/plugins/com.st.stm32cube.ide.mcu.externaltools.gnu-tools-for-stm32.12.3.rel1.win32_1.0.100.202403111256/tools/bin/../lib/gcc/arm-none-eabi/12.3.1/../../../../arm-none-eabi/lib/thumb/v7e-m+fp/hard\libc_nano.a(libc_a-exit.o) (__stdio_exit_handler)
C:/ST/STM32CubeIDE_1.15.0/STM32CubeIDE/plugins/com.st.stm32cube.ide.mcu.externaltools.gnu-tools-for-stm32.12.3.rel1.win32_1.0.100.202403111256/tools/bin/../lib/gcc/arm-none-eabi/12.3.1/../../../../arm-none-eabi/lib/thumb/v7e-m+fp/hard\libc_nano.a(libc_a-fwalk.o)
                              C:/ST/STM32CubeIDE_1.15.0/STM32CubeIDE/plugins/com.st.stm32cube.ide.mcu.externaltools.gnu-tools-for-stm32.12.3.rel1.win32_1.0.100.202403111256/tools/bin/../lib/gcc/arm-none-eabi/12.3.1/../../../../arm-none-eabi/lib/thumb/v7e-m+fp/hard\libc_nano.a(libc_a-findfp.o) (_fwalk_sglue)
C:/ST/STM32CubeIDE_1.15.0/STM32CubeIDE/plugins/com.st.stm32cube.ide.mcu.externaltools.gnu-tools-for-stm32.12.3.rel1.win32_1.0.100.202403111256/tools/bin/../lib/gcc/arm-none-eabi/12.3.1/../../../../arm-none-eabi/lib/thumb/v7e-m+fp/hard\libc_nano.a(libc_a-sprintf.o)
                              ./Core/Src/main.o (sprintf)
C:/ST/STM32CubeIDE_1.15.0/STM32CubeIDE/plugins/com.st.stm32cube.ide.mcu.externaltools.gnu-tools-for-stm32.12.3.rel1.win32_1.0.100.202403111256/tools/bin/../lib/gcc/arm-none-eabi/12.3.1/../../../../arm-none-eabi/lib/thumb/v7e-m+fp/hard\libc_nano.a(libc_a-stdio.o)
                              C:/ST/STM32CubeIDE_1.15.0/STM32CubeIDE/plugins/com.st.stm32cube.ide.mcu.externaltools.gnu-tools-for-stm32.12.3.rel1.win32_1.0.100.202403111256/tools/bin/../lib/gcc/arm-none-eabi/12.3.1/../../../../arm-none-eabi/lib/thumb/v7e-m+fp/hard\libc_nano.a(libc_a-findfp.o) (__sread)
C:/ST/STM32CubeIDE_1.15.0/STM32CubeIDE/plugins/com.st.stm32cube.ide.mcu.externaltools.gnu-tools-for-stm32.12.3.rel1.win32_1.0.100.202403111256/tools/bin/../lib/gcc/arm-none-eabi/12.3.1/../../../../arm-none-eabi/lib/thumb/v7e-m+fp/hard\libc_nano.a(libc_a-memset.o)
                              C:/ST/STM32CubeIDE_1.15.0/STM32CubeIDE/plugins/com.st.stm32cube.ide.mcu.externaltools.gnu-tools-for-stm32.12.3.rel1.win32_1.0.100.202403111256/tools/bin/../lib/gcc/arm-none-eabi/12.3.1/../../../../arm-none-eabi/lib/thumb/v7e-m+fp/hard/crt0.o (memset)
C:/ST/STM32CubeIDE_1.15.0/STM32CubeIDE/plugins/com.st.stm32cube.ide.mcu.externaltools.gnu-tools-for-stm32.12.3.rel1.win32_1.0.100.202403111256/tools/bin/../lib/gcc/arm-none-eabi/12.3.1/../../../../arm-none-eabi/lib/thumb/v7e-m+fp/hard\libc_nano.a(libc_a-closer.o)
                              C:/ST/STM32CubeIDE_1.15.0/STM32CubeIDE/plugins/com.st.stm32cube.ide.mcu.externaltools.gnu-tools-for-stm32.12.3.rel1.win32_1.0.100.202403111256/tools/bin/../lib/gcc/arm-none-eabi/12.3.1/../../../../arm-none-eabi/lib/thumb/v7e-m+fp/hard\libc_nano.a(libc_a-stdio.o) (_close_r)
C:/ST/STM32CubeIDE_1.15.0/STM32CubeIDE/plugins/com.st.stm32cube.ide.mcu.externaltools.gnu-tools-for-stm32.12.3.rel1.win32_1.0.100.202403111256/tools/bin/../lib/gcc/arm-none-eabi/12.3.1/../../../../arm-none-eabi/lib/thumb/v7e-m+fp/hard\libc_nano.a(libc_a-reent.o)
                              C:/ST/STM32CubeIDE_1.15.0/STM32CubeIDE/plugins/com.st.stm32cube.ide.mcu.externaltools.gnu-tools-for-stm32.12.3.rel1.win32_1.0.100.202403111256/tools/bin/../lib/gcc/arm-none-eabi/12.3.1/../../../../arm-none-eabi/lib/thumb/v7e-m+fp/hard\libc_nano.a(libc_a-closer.o) (errno)
C:/ST/STM32CubeIDE_1.15.0/STM32CubeIDE/plugins/com.st.stm32cube.ide.mcu.externaltools.gnu-tools-for-stm32.12.3.rel1.win32_1.0.100.202403111256/tools/bin/../lib/gcc/arm-none-eabi/12.3.1/../../../../arm-none-eabi/lib/thumb/v7e-m+fp/hard\libc_nano.a(libc_a-impure.o)
                              C:/ST/STM32CubeIDE_1.15.0/STM32CubeIDE/plugins/com.st.stm32cube.ide.mcu.externaltools.gnu-tools-for-stm32.12.3.rel1.win32_1.0.100.202403111256/tools/bin/../lib/gcc/arm-none-eabi/12.3.1/../../../../arm-none-eabi/lib/thumb/v7e-m+fp/hard\libc_nano.a(libc_a-sprintf.o) (_impure_ptr)
[...]
Memory Configuration

Name             Origin             Length             Attributes
CCMRAM           0x10000000         0x00010000         xrw
RAM              0x20000000         0x00020000         xrw
FLASH            0x08000000         0x00100000         xr
*default*        0x00000000         0xffffffff

Linker script and memory map

LOAD C:/ST/STM32CubeIDE_1.15.0/STM32CubeIDE/plugins/com.st.stm32cube.ide.mcu.externaltools.gnu-tools-for-stm32.12.3.rel1.win32_1.0.100.202403111256/tools/bin/../lib/gcc/arm-none-eabi/12.3.1/thumb/v7e-m+fp/hard/crti.o
LOAD C:/ST/STM32CubeIDE_1.15.0/STM32CubeIDE/plugins/com.st.stm32cube.ide.mcu.externaltools.gnu-tools-for-stm32.12.3.rel1.win32_1.0.100.202403111256/tools/bin/../lib/gcc/arm-none-eabi/12.3.1/thumb/v7e-m+fp/hard/crtbegin.o
LOAD C:/ST/STM32CubeIDE_1.15.0/STM32CubeIDE/plugins/com.st.stm32cube.ide.mcu.externaltools.gnu-tools-for-stm32.12.3.rel1.win32_1.0.100.202403111256/tools/bin/../lib/gcc/arm-none-eabi/12.3.1/../../../../arm-none-eabi/lib/thumb/v7e-m+fp/hard/crt0.o
LOAD ./Core/Src/main.o
LOAD ./Core/Src/stm32f4xx_hal_msp.o
LOAD ./Core/Src/stm32f4xx_it.o
LOAD ./Core/Src/syscalls.o
LOAD ./Core/Src/sysmem.o
LOAD ./Core/Src/system_stm32f4xx.o
LOAD ./Core/Startup/startup_stm32f405rgtx.o
LOAD ./Drivers/STM32F4xx_HAL_Driver/Src/stm32f4xx_hal.o
LOAD ./Drivers/STM32F4xx_HAL_Driver/Src/stm32f4xx_hal_cortex.o
LOAD ./Drivers/STM32F4xx_HAL_Driver/Src/stm32f4xx_hal_dma.o
LOAD ./Drivers/STM32F4xx_HAL_Driver/Src/stm32f4xx_hal_dma_ex.o
LOAD ./Drivers/STM32F4xx_HAL_Driver/Src/stm32f4xx_hal_exti.o
LOAD ./Drivers/STM32F4xx_HAL_Driver/Src/stm32f4xx_hal_flash.o
LOAD ./Drivers/STM32F4xx_HAL_Driver/Src/stm32f4xx_hal_flash_ex.o
LOAD ./Drivers/STM32F4xx_HAL_Driver/Src/stm32f4xx_hal_flash_ramfunc.o
LOAD ./Drivers/STM32F4xx_HAL_Driver/Src/stm32f4xx_hal_gpio.o
LOAD ./Drivers/STM32F4xx_HAL_Driver/Src/stm32f4xx_hal_pcd.o
LOAD ./Drivers/STM32F4xx_HAL_Driver/Src/stm32f4xx_hal_pcd_ex.o
LOAD ./Drivers/STM32F4xx_HAL_Driver/Src/stm32f4xx_hal_pwr.o
LOAD ./Drivers/STM32F4xx_HAL_Driver/Src/stm32f4xx_hal_pwr_ex.o
LOAD ./Drivers/STM32F4xx_HAL_Driver/Src/stm32f4xx_hal_rcc.o
LOAD ./Drivers/STM32F4xx_HAL_Driver/Src/stm32f4xx_hal_rcc_ex.o
LOAD ./Drivers/STM32F4xx_HAL_Driver/Src/stm32f4xx_hal_tim.o
LOAD ./Drivers/STM32F4xx_HAL_Driver/Src/stm32f4xx_hal_tim_ex.o
LOAD ./Drivers/STM32F4xx_HAL_Driver/Src/stm32f4xx_ll_usb.o
LOAD ./Middlewares/ST/STM32_USB_Device_Library/Class/CDC/Src/usbd_cdc.o
LOAD ./Middlewares/ST/STM32_USB_Device_Library/Core/Src/usbd_core.o
LOAD ./Middlewares/ST/STM32_USB_Device_Library/Core/Src/usbd_ctlreq.o
LOAD ./Middlewares/ST/STM32_USB_Device_Library/Core/Src/usbd_ioreq.o
LOAD ./USB_DEVICE/App/usb_device.o
LOAD ./USB_DEVICE/App/usbd_cdc_if.o
LOAD ./USB_DEVICE/App/usbd_desc.o
LOAD ./USB_DEVICE/Target/usbd_conf.o
START GROUP
LOAD C:/ST/STM32CubeIDE_1.15.0/STM32CubeIDE/plugins/com.st.stm32cube.ide.mcu.externaltools.gnu-tools-for-stm32.12.3.rel1.win32_1.0.100.202403111256/tools/bin/../lib/gcc/arm-none-eabi/12.3.1/../../../../arm-none-eabi/lib/thumb/v7e-m+fp/hard\libc_nano.a
LOAD C:/ST/STM32CubeIDE_1.15.0/STM32CubeIDE/plugins/com.st.stm32cube.ide.mcu.externaltools.gnu-tools-for-stm32.12.3.rel1.win32_1.0.100.202403111256/tools/bin/../lib/gcc/arm-none-eabi/12.3.1/../../../../arm-none-eabi/lib/thumb/v7e-m+fp/hard\libm.a
END GROUP
START GROUP
LOAD C:/ST/STM32CubeIDE_1.15.0/STM32CubeIDE/plugins/com.st.stm32cube.ide.mcu.externaltools.gnu-tools-for-stm32.12.3.rel1.win32_1.0.100.202403111256/tools/bin/../lib/gcc/arm-none-eabi/12.3.1/thumb/v7e-m+fp/hard\libgcc.a
LOAD C:/ST/STM32CubeIDE_1.15.0/STM32CubeIDE/plugins/com.st.stm32cube.ide.mcu.externaltools.gnu-tools-for-stm32.12.3.rel1.win32_1.0.100.202403111256/tools/bin/../lib/gcc/arm-none-eabi/12.3.1/../../../../arm-none-eabi/lib/thumb/v7e-m+fp/hard\libc_nano.a
END GROUP
START GROUP
LOAD C:/ST/STM32CubeIDE_1.15.0/STM32CubeIDE/plugins/com.st.stm32cube.ide.mcu.externaltools.gnu-tools-for-stm32.12.3.rel1.win32_1.0.100.202403111256/tools/bin/../lib/gcc/arm-none-eabi/12.3.1/thumb/v7e-m+fp/hard\libgcc.a
LOAD C:/ST/STM32CubeIDE_1.15.0/STM32CubeIDE/plugins/com.st.stm32cube.ide.mcu.externaltools.gnu-tools-for-stm32.12.3.rel1.win32_1.0.100.202403111256/tools/bin/../lib/gcc/arm-none-eabi/12.3.1/../../../../arm-none-eabi/lib/thumb/v7e-m+fp/hard\libc_nano.a
LOAD C:/ST/STM32CubeIDE_1.15.0/STM32CubeIDE/plugins/com.st.stm32cube.ide.mcu.externaltools.gnu-tools-for-stm32.12.3.rel1.win32_1.0.100.202403111256/tools/bin/../lib/gcc/arm-none-eabi/12.3.1/../../../../arm-none-eabi/lib/thumb/v7e-m+fp/hard\libnosys.a
END GROUP
START GROUP
LOAD C:/ST/STM32CubeIDE_1.15.0/STM32CubeIDE/plugins/com.st.stm32cube.ide.mcu.externaltools.gnu-tools-for-stm32.12.3.rel1.win32_1.0.100.202403111256/tools/bin/../lib/gcc/arm-none-eabi/12.3.1/thumb/v7e-m+fp/hard\libgcc.a
LOAD C:/ST/STM32CubeIDE_1.15.0/STM32CubeIDE/plugins/com.st.stm32cube.ide.mcu.externaltools.gnu-tools-for-stm32.12.3.rel1.win32_1.0.100.202403111256/tools/bin/../lib/gcc/arm-none-eabi/12.3.1/../../../../arm-none-eabi/lib/thumb/v7e-m+fp/hard\libc_nano.a
LOAD C:/ST/STM32CubeIDE_1.15.0/STM32CubeIDE/plugins/com.st.stm32cube.ide.mcu.externaltools.gnu-tools-for-stm32.12.3.rel1.win32_1.0.100.202403111256/tools/bin/../lib/gcc/arm-none-eabi/12.3.1/../../../../arm-none-eabi/lib/thumb/v7e-m+fp/hard\libnosys.a
END GROUP
LOAD C:/ST/STM32CubeIDE_1.15.0/STM32CubeIDE/plugins/com.st.stm32cube.ide.mcu.externaltools.gnu-tools-for-stm32.12.3.rel1.win32_1.0.100.202403111256/tools/bin/../lib/gcc/arm-none-eabi/12.3.1/thumb/v7e-m+fp/hard/crtend.o
LOAD C:/ST/STM32CubeIDE_1.15.0/STM32CubeIDE/plugins/com.st.stm32cube.ide.mcu.externaltools.gnu-tools-for-stm32.12.3.rel1.win32_1.0.100.202403111256/tools/bin/../lib/gcc/arm-none-eabi/12.3.1/thumb/v7e-m+fp/hard/crtn.o
                0x20020000                        _estack = (ORIGIN (RAM) + LENGTH (RAM))
                0x00000200                        _Min_Heap_Size = 0x200
                0x00000400                        _Min_Stack_Size = 0x400

.isr_vector     0x08000000      0x188
                0x08000000                        . = ALIGN (0x4)
 *(.isr_vector)
 .isr_vector    0x08000000      0x188 ./Core/Startup/startup_stm32f405rgtx.o
                0x08000000                g_pfnVectors
                0x08000188                        . = ALIGN (0x4)

.text           0x08000190     0x7528
                0x08000190                        . = ALIGN (0x4)
 *(.text)
 .text          0x08000190       0x40 C:/ST/STM32CubeIDE_1.15.0/STM32CubeIDE/plugins/com.st.stm32cube.ide.mcu.externaltools.gnu-tools-for-stm32.12.3.rel1.win32_1.0.100.202403111256/tools/bin/../lib/gcc/arm-none-eabi/12.3.1/thumb/v7e-m+fp/hard/crtbegin.o
 .text          0x080001d0       0x10 C:/ST/STM32CubeIDE_1.15.0/STM32CubeIDE/plugins/com.st.stm32cube.ide.mcu.externaltools.gnu-tools-for-stm32.12.3.rel1.win32_1.0.100.202403111256/tools/bin/../lib/gcc/arm-none-eabi/12.3.1/../../../../arm-none-eabi/lib/thumb/v7e-m+fp/hard\libc_nano.a(libc_a-strlen.o)
                0x080001d0                strlen
 .text          0x080001e0       0xa0 C:/ST/STM32CubeIDE_1.15.0/STM32CubeIDE/plugins/com.st.stm32cube.ide.mcu.externaltools.gnu-tools-for-stm32.12.3.rel1.win32_1.0.100.202403111256/tools/bin/../lib/gcc/arm-none-eabi/12.3.1/../../../../arm-none-eabi/lib/thumb/v7e-m+fp/hard\libc_nano.a(libc_a-memchr.o)
                0x080001e0                memchr
 .text          0x08000280       0x30 C:/ST/STM32CubeIDE_1.15.0/STM32CubeIDE/plugins/com.st.stm32cube.ide.mcu.externaltools.gnu-tools-for-stm32.12.3.rel1.win32_1.0.100.202403111256/tools/bin/../lib/gcc/arm-none-eabi/12.3.1/thumb/v7e-m+fp/hard\libgcc.a(_aeabi_uldivmod.o)
                0x08000280                __aeabi_uldivmod
 .text          0x080002b0      0x2bc C:/ST/STM32CubeIDE_1.15.0/STM32CubeIDE/plugins/com.st.stm32cube.ide.mcu.externaltools.gnu-tools-for-stm32.12.3.rel1.win32_1.0.100.202403111256/tools/bin/../lib/gcc/arm-none-eabi/12.3.1/thumb/v7e-m+fp/hard\libgcc.a(_udivmoddi4.o)
                0x080002b0                __udivmoddi4
 .text          0x0800056c        0x4 C:/ST/STM32CubeIDE_1.15.0/STM32CubeIDE/plugins/com.st.stm32cube.ide.mcu.externaltools.gnu-tools-for-stm32.12.3.rel1.win32_1.0.100.202403111256/tools/bin/../lib/gcc/arm-none-eabi/12.3.1/thumb/v7e-m+fp/hard\libgcc.a(_dvmd_tls.o)
                0x0800056c                __aeabi_idiv0
                0x0800056c                __aeabi_ldiv0
 *(.text*)
 .text.main     0x08000570       0x48 ./Core/Src/main.o
                0x08000570                main
 .text.SystemClock_Config
                0x080005b8       0xd0 ./Core/Src/main.o
                0x080005b8                SystemClock_Config
 .text.MX_GPIO_Init
                0x08000688       0xa4 ./Core/Src/main.o
 .text.Error_Handler
                0x0800072c        0xc ./Core/Src/main.o
                0x0800072c                Error_Handler
 .text.HAL_MspInit
                0x08000738       0x50 ./Core/Src/stm32f4xx_hal_msp.o
                0x08000738                HAL_MspInit
 .text.NMI_Handler
                0x08000788        0x8 ./Core/Src/stm32f4xx_it.o
                0x08000788                NMI_Handler
 .text.HardFault_Handler
                0x08000790        0x8 ./Core/Src/stm32f4xx_it.o
                0x08000790                HardFault_Handler
 .text.MemManage_Handler
                0x08000798        0x8 ./Core/Src/stm32f4xx_it.o
                0x08000798                MemManage_Handler
 .text.BusFault_Handler
                0x080007a0        0x8 ./Core/Src/stm32f4xx_it.o
                0x080007a0                BusFault_Handler
 .text.UsageFault_Handler
                0x080007a8        0x8 ./Core/Src/stm32f4xx_it.o
                0x080007a8                UsageFault_Handler
 .text.SVC_Handler
                0x080007b0        0xe ./Core/Src/stm32f4xx_it.o
                0x080007b0                SVC_Handler
 .text.DebugMon_Handler
                0x080007be        0xe ./Core/Src/stm32f4xx_it.o
                0x080007be                DebugMon_Handler
 .text.PendSV_Handler
                0x080007cc        0xe ./Core/Src/stm32f4xx_it.o
                0x080007cc                PendSV_Handler
 .text.SysTick_Handler
                0x080007da        0xc ./Core/Src/stm32f4xx_it.o
                0x080007da                SysTick_Handler
 *fill*         0x080007e6        0x2 
 .text.OTG_FS_IRQHandler
                0x080007e8       0x14 ./Core/Src/stm32f4xx_it.o
                0x080007e8                OTG_FS_IRQHandler
 .text._sbrk    0x080007fc       0x6c ./Core/Src/sysmem.o
                0x080007fc                _sbrk
 .text.SystemInit
                0x08000868       0x24 ./Core/Src/system_stm32f4xx.o
                0x08000868                SystemInit
 .text.Reset_Handler
                0x0800088c       0x50 ./Core/Startup/startup_stm32f405rgtx.o
                0x0800088c                Reset_Handler
 .text.Default_Handler
                0x080008dc        0x2 ./Core/Startup/startup_stm32f405rgtx.o
                0x080008dc                RTC_Alarm_IRQHandler
                0x080008dc                HASH_RNG_IRQHandler
                0x080008dc                EXTI2_IRQHandler
                0x080008dc                TIM8_CC_IRQHandler
                0x080008dc                TIM1_CC_IRQHandler
                0x080008dc                DMA2_Stream5_IRQHandler
                0x080008dc                DMA1_Stream5_IRQHandler
                0x080008dc                PVD_IRQHandler
                0x080008dc                SDIO_IRQHandler
                0x080008dc                TAMP_STAMP_IRQHandler
                0x080008dc                CAN2_RX1_IRQHandler
                0x080008dc                EXTI3_IRQHandler
                0x080008dc                TIM8_TRG_COM_TIM14_IRQHandler
                0x080008dc                TIM1_UP_TIM10_IRQHandler
                0x080008dc                TIM8_UP_TIM13_IRQHandler
                0x080008dc                I2C3_ER_IRQHandler
                0x080008dc                EXTI0_IRQHandler
                0x080008dc                I2C2_EV_IRQHandler
                0x080008dc                DMA1_Stream2_IRQHandler
                0x080008dc                CAN1_RX0_IRQHandler
                0x080008dc                FPU_IRQHandler
                0x080008dc                OTG_HS_WKUP_IRQHandler
                0x080008dc                CAN2_SCE_IRQHandler
                0x080008dc                DMA2_Stream2_IRQHandler
                0x080008dc                SPI1_IRQHandler
                0x080008dc                TIM6_DAC_IRQHandler
                0x080008dc                TIM1_BRK_TIM9_IRQHandler
                0x080008dc                CAN2_RX0_IRQHandler
                0x080008dc                DMA2_Stream3_IRQHandler
                0x080008dc                USART6_IRQHandler
                0x080008dc                USART3_IRQHandler
                0x080008dc                CAN1_RX1_IRQHandler
                0x080008dc                UART5_IRQHandler
                0x080008dc                DMA2_Stream0_IRQHandler
                0x080008dc                TIM4_IRQHandler
                0x080008dc                I2C1_EV_IRQHandler
                0x080008dc                DMA1_Stream6_IRQHandler
                0x080008dc                DMA1_Stream1_IRQHandler
                0x080008dc                UART4_IRQHandler
                0x080008dc                TIM3_IRQHandler
                0x080008dc                RCC_IRQHandler
                0x080008dc                TIM8_BRK_TIM12_IRQHandler
                0x080008dc                Default_Handler
                0x080008dc                EXTI15_10_IRQHandler
                0x080008dc                ADC_IRQHandler
                0x080008dc                DMA1_Stream7_IRQHandler
                0x080008dc                TIM7_IRQHandler
                0x080008dc                CAN2_TX_IRQHandler
                0x080008dc                TIM5_IRQHandler
                0x080008dc                DMA2_Stream7_IRQHandler
                0x080008dc                I2C3_EV_IRQHandler
                0x080008dc                EXTI9_5_IRQHandler
                0x080008dc                RTC_WKUP_IRQHandler
                0x080008dc                SPI2_IRQHandler
                0x080008dc                OTG_HS_EP1_IN_IRQHandler
                0x080008dc                DMA1_Stream0_IRQHandler
                0x080008dc                CAN1_TX_IRQHandler
                0x080008dc                EXTI4_IRQHandler
                0x080008dc                FSMC_IRQHandler
                0x080008dc                OTG_HS_EP1_OUT_IRQHandler
                0x080008dc                WWDG_IRQHandler
                0x080008dc                TIM2_IRQHandler
                0x080008dc                OTG_FS_WKUP_IRQHandler
                0x080008dc                TIM1_TRG_COM_TIM11_IRQHandler
                0x080008dc                OTG_HS_IRQHandler
                0x080008dc                EXTI1_IRQHandler
                0x080008dc                USART2_IRQHandler
                0x080008dc                I2C2_ER_IRQHandler
                0x080008dc                DMA2_Stream1_IRQHandler
                0x080008dc                CAN1_SCE_IRQHandler
                0x080008dc                FLASH_IRQHandler
                0x080008dc                DMA2_Stream4_IRQHandler
                0x080008dc                USART1_IRQHandler
                0x080008dc                SPI3_IRQHandler
                0x080008dc                DMA1_Stream4_IRQHandler
                0x080008dc                I2C1_ER_IRQHandler
                0x080008dc                DMA2_Stream6_IRQHandler
                0x080008dc                DMA1_Stream3_IRQHandler
 *fill*         0x080008de        0x2 
 .text.HAL_Init
                0x080008e0       0x44 ./Drivers/STM32F4xx_HAL_Driver/Src/stm32f4xx_hal.o
                0x080008e0                HAL_Init
 .text.HAL_InitTick
                0x08000924       0x60 ./Drivers/STM32F4xx_HAL_Driver/Src/stm32f4xx_hal.o
                0x08000924                HAL_InitTick
 .text.HAL_IncTick
                0x08000984       0x28 ./Drivers/STM32F4xx_HAL_Driver/Src/stm32f4xx_hal.o
                0x08000984                HAL_IncTick
 .text.HAL_GetTick
                0x080009ac       0x18 ./Drivers/STM32F4xx_HAL_Driver/Src/stm32f4xx_hal.o
                0x080009ac                HAL_GetTick
 .text.HAL_Delay
                0x080009c4       0x48 ./Drivers/STM32F4xx_HAL_Driver/Src/stm32f4xx_hal.o
                0x080009c4                HAL_Delay
 .text.__NVIC_SetPriorityGrouping
                0x08000a0c       0x48 ./Drivers/STM32F4xx_HAL_Driver/Src/stm32f4xx_hal_cortex.o
 .text.__NVIC_GetPriorityGrouping
                0x08000a54       0x1c ./Drivers/STM32F4xx_HAL_Driver/Src/stm32f4xx_hal_cortex.o
 .text.__NVIC_EnableIRQ
                0x08000a70       0x3c ./Drivers/STM32F4xx_HAL_Driver/Src/stm32f4xx_hal_cortex.o
 .text.__NVIC_SetPriority
                0x08000aac       0x54 ./Drivers/STM32F4xx_HAL_Driver/Src/stm32f4xx_hal_cortex.o
 .text.NVIC_EncodePriority
                0x08000b00       0x66 ./Drivers/STM32F4xx_HAL_Driver/Src/stm32f4xx_hal_cortex.o
 *fill*         0x08000b66        0x2 
 .text.SysTick_Config
                0x08000b68       0x44 ./Drivers/STM32F4xx_HAL_Driver/Src/stm32f4xx_hal_cortex.o
 .text.HAL_NVIC_SetPriorityGrouping
                0x08000bac       0x16 ./Drivers/STM32F4xx_HAL_Driver/Src/stm32f4xx_hal_cortex.o
                0x08000bac                HAL_NVIC_SetPriorityGrouping
 .text.HAL_NVIC_SetPriority
                0x08000bc2       0x38 ./Drivers/STM32F4xx_HAL_Driver/Src/stm32f4xx_hal_cortex.o
                0x08000bc2                HAL_NVIC_SetPriority
 .text.HAL_NVIC_EnableIRQ
                0x08000bfa       0x1c ./Drivers/STM32F4xx_HAL_Driver/Src/stm32f4xx_hal_cortex.o
                0x08000bfa                HAL_NVIC_EnableIRQ
 .text.HAL_SYSTICK_Config
                0x08000c16       0x18 ./Drivers/STM32F4xx_HAL_Driver/Src/stm32f4xx_hal_cortex.o
                0x08000c16                HAL_SYSTICK_Config
 *fill*         0x08000c2e        0x2 
 .text.HAL_GPIO_Init
                0x08000c30      0x338 ./Drivers/STM32F4xx_HAL_Driver/Src/stm32f4xx_hal_gpio.o
                0x08000c30                HAL_GPIO_Init
 .text.HAL_GPIO_WritePin
                0x08000f68       0x32 ./Drivers/STM32F4xx_HAL_Driver/Src/stm32f4xx_hal_gpio.o
                0x08000f68                HAL_GPIO_WritePin
 .text.HAL_PCD_Init
                0x08000f9a      0x21e ./Drivers/STM32F4xx_HAL_Driver/Src/stm32f4xx_hal_pcd.o
                0x08000f9a                HAL_PCD_Init
 .text.HAL_PCD_Start
                0x080011b8       0x6a ./Drivers/STM32F4xx_HAL_Driver/Src/stm32f4xx_hal_pcd.o
                0x080011b8                HAL_PCD_Start
 .text.HAL_PCD_IRQHandler
                0x08001222      0x942 ./Drivers/STM32F4xx_HAL_Driver/Src/stm32f4xx_hal_pcd.o
                0x08001222                HAL_PCD_IRQHandler
 .text.HAL_PCD_SetAddress
                0x08001b64       0x48 ./Drivers/STM32F4xx_HAL_Driver/Src/stm32f4xx_hal_pcd.o
                0x08001b64                HAL_PCD_SetAddress
 .text.HAL_PCD_EP_Open
                0x08001bac       0xd0 ./Drivers/STM32F4xx_HAL_Driver/Src/stm32f4xx_hal_pcd.o
                0x08001bac                HAL_PCD_EP_Open
 .text.HAL_PCD_EP_Close
                0x08001c7c       0x94 ./Drivers/STM32F4xx_HAL_Driver/Src/stm32f4xx_hal_pcd.o
                0x08001c7c                HAL_PCD_EP_Close
 .text.HAL_PCD_EP_Receive
                0x08001d10       0x76 ./Drivers/STM32F4xx_HAL_Driver/Src/stm32f4xx_hal_pcd.o
                0x08001d10                HAL_PCD_EP_Receive
 .text.HAL_PCD_EP_GetRxCount
                0x08001d86       0x30 ./Drivers/STM32F4xx_HAL_Driver/Src/stm32f4xx_hal_pcd.o
                0x08001d86                HAL_PCD_EP_GetRxCount
 .text.HAL_PCD_EP_Transmit
                0x08001db6       0x74 ./Drivers/STM32F4xx_HAL_Driver/Src/stm32f4xx_hal_pcd.o
                0x08001db6                HAL_PCD_EP_Transmit
 .text.HAL_PCD_EP_SetStall
                0x08001e2a       0xc6 ./Drivers/STM32F4xx_HAL_Driver/Src/stm32f4xx_hal_pcd.o
                0x08001e2a                HAL_PCD_EP_SetStall
 .text.HAL_PCD_EP_ClrStall
                0x08001ef0       0xac ./Drivers/STM32F4xx_HAL_Driver/Src/stm32f4xx_hal_pcd.o
                0x08001ef0                HAL_PCD_EP_ClrStall
 .text.HAL_PCD_EP_Abort
                0x08001f9c       0x62 ./Drivers/STM32F4xx_HAL_Driver/Src/stm32f4xx_hal_pcd.o
                0x08001f9c                HAL_PCD_EP_Abort
 .text.PCD_WriteEmptyTxFifo
                0x08001ffe      0x118 ./Drivers/STM32F4xx_HAL_Driver/Src/stm32f4xx_hal_pcd.o
 *fill*         0x08002116        0x2 
 .text.PCD_EP_OutXfrComplete_int
                0x08002118      0x1d0 ./Drivers/STM32F4xx_HAL_Driver/Src/stm32f4xx_hal_pcd.o
 .text.PCD_EP_OutSetupPacket_int
                0x080022e8       0x8c ./Drivers/STM32F4xx_HAL_Driver/Src/stm32f4xx_hal_pcd.o
 .text.HAL_PCDEx_SetTxFiFo
                0x08002374       0x8e ./Drivers/STM32F4xx_HAL_Driver/Src/stm32f4xx_hal_pcd_ex.o
                0x08002374                HAL_PCDEx_SetTxFiFo
 .text.HAL_PCDEx_SetRxFiFo
                0x08002402       0x22 ./Drivers/STM32F4xx_HAL_Driver/Src/stm32f4xx_hal_pcd_ex.o
                0x08002402                HAL_PCDEx_SetRxFiFo
 .text.HAL_PCDEx_LPM_Callback
                0x08002424       0x18 ./Drivers/STM32F4xx_HAL_Driver/Src/stm32f4xx_hal_pcd_ex.o
                0x08002424                HAL_PCDEx_LPM_Callback
 .text.HAL_RCC_OscConfig
                0x0800243c      0x4f0 ./Drivers/STM32F4xx_HAL_Driver/Src/stm32f4xx_hal_rcc.o
                0x0800243c                HAL_RCC_OscConfig
 .text.HAL_RCC_ClockConfig
                0x0800292c      0x1cc ./Drivers/STM32F4xx_HAL_Driver/Src/stm32f4xx_hal_rcc.o
                0x0800292c                HAL_RCC_ClockConfig
 .text.HAL_RCC_GetSysClockFreq
                0x08002af8      0x20c ./Drivers/STM32F4xx_HAL_Driver/Src/stm32f4xx_hal_rcc.o
                0x08002af8                HAL_RCC_GetSysClockFreq
 .text.HAL_RCC_GetHCLKFreq
                0x08002d04       0x18 ./Drivers/STM32F4xx_HAL_Driver/Src/stm32f4xx_hal_rcc.o
                0x08002d04                HAL_RCC_GetHCLKFreq
 .text.USB_CoreInit
                0x08002d1c       0xc8 ./Drivers/STM32F4xx_HAL_Driver/Src/stm32f4xx_ll_usb.o
                0x08002d1c                USB_CoreInit
 .text.USB_SetTurnaroundTime
                0x08002de4      0x144 ./Drivers/STM32F4xx_HAL_Driver/Src/stm32f4xx_ll_usb.o
                0x08002de4                USB_SetTurnaroundTime
 .text.USB_EnableGlobalInt
                0x08002f28       0x22 ./Drivers/STM32F4xx_HAL_Driver/Src/stm32f4xx_ll_usb.o
                0x08002f28                USB_EnableGlobalInt
 .text.USB_DisableGlobalInt
                0x08002f4a       0x22 ./Drivers/STM32F4xx_HAL_Driver/Src/stm32f4xx_ll_usb.o
                0x08002f4a                USB_DisableGlobalInt
 .text.USB_SetCurrentMode
                0x08002f6c       0x98 ./Drivers/STM32F4xx_HAL_Driver/Src/stm32f4xx_ll_usb.o
                0x08002f6c                USB_SetCurrentMode
 .text.USB_DevInit
                0x08003004      0x2c8 ./Drivers/STM32F4xx_HAL_Driver/Src/stm32f4xx_ll_usb.o
                0x08003004                USB_DevInit
 .text.USB_FlushTxFifo
                0x080032cc       0x64 ./Drivers/STM32F4xx_HAL_Driver/Src/stm32f4xx_ll_usb.o
                0x080032cc                USB_FlushTxFifo
 .text.USB_FlushRxFifo
                0x08003330       0x5c ./Drivers/STM32F4xx_HAL_Driver/Src/stm32f4xx_ll_usb.o
                0x08003330                USB_FlushRxFifo
 .text.USB_SetDevSpeed
                0x0800338c       0x32 ./Drivers/STM32F4xx_HAL_Driver/Src/stm32f4xx_ll_usb.o
                0x0800338c                USB_SetDevSpeed
 .text.USB_GetDevSpeed
                0x080033be       0x4a ./Drivers/STM32F4xx_HAL_Driver/Src/stm32f4xx_ll_usb.o
                0x080033be                USB_GetDevSpeed
 .text.USB_ActivateEndpoint
                0x08003408      0x10e ./Drivers/STM32F4xx_HAL_Driver/Src/stm32f4xx_ll_usb.o
                0x08003408                USB_ActivateEndpoint
 *fill*         0x08003516        0x2 
 .text.USB_DeactivateEndpoint
                0x08003518      0x1b8 ./Drivers/STM32F4xx_HAL_Driver/Src/stm32f4xx_ll_usb.o
                0x08003518                USB_DeactivateEndpoint
 .text.USB_EPStartXfer
                0x080036d0      0x530 ./Drivers/STM32F4xx_HAL_Driver/Src/stm32f4xx_ll_usb.o
                0x080036d0                USB_EPStartXfer
 .text.USB_EPStopXfer
                0x08003c00      0x154 ./Drivers/STM32F4xx_HAL_Driver/Src/stm32f4xx_ll_usb.o
                0x08003c00                USB_EPStopXfer
 .text.USB_WritePacket
                0x08003d54       0x7c ./Drivers/STM32F4xx_HAL_Driver/Src/stm32f4xx_ll_usb.o
                0x08003d54                USB_WritePacket
 .text.USB_ReadPacket
                0x08003dd0       0xb0 ./Drivers/STM32F4xx_HAL_Driver/Src/stm32f4xx_ll_usb.o
                0x08003dd0                USB_ReadPacket
 .text.USB_EPSetStall
                0x08003e80       0xdc ./Drivers/STM32F4xx_HAL_Driver/Src/stm32f4xx_ll_usb.o
                0x08003e80                USB_EPSetStall
 .text.USB_EPClearStall
                0x08003f5c       0xcc ./Drivers/STM32F4xx_HAL_Driver/Src/stm32f4xx_ll_usb.o
                0x08003f5c                USB_EPClearStall
 .text.USB_SetDevAddress
                0x08004028       0x4c ./Drivers/STM32F4xx_HAL_Driver/Src/stm32f4xx_ll_usb.o
                0x08004028                USB_SetDevAddress
 .text.USB_DevConnect
                0x08004074       0x42 ./Drivers/STM32F4xx_HAL_Driver/Src/stm32f4xx_ll_usb.o
                0x08004074                USB_DevConnect
 .text.USB_DevDisconnect
                0x080040b6       0x42 ./Drivers/STM32F4xx_HAL_Driver/Src/stm32f4xx_ll_usb.o
                0x080040b6                USB_DevDisconnect
 .text.USB_ReadInterrupts
                0x080040f8       0x26 ./Drivers/STM32F4xx_HAL_Driver/Src/stm32f4xx_ll_usb.o
                0x080040f8                USB_ReadInterrupts
 .text.USB_ReadDevAllOutEpInterrupt
                0x0800411e       0x34 ./Drivers/STM32F4xx_HAL_Driver/Src/stm32f4xx_ll_usb.o
                0x0800411e                USB_ReadDevAllOutEpInterrupt
 .text.USB_ReadDevAllInEpInterrupt
                0x08004152       0x34 ./Drivers/STM32F4xx_HAL_Driver/Src/stm32f4xx_ll_usb.o
                0x08004152                USB_ReadDevAllInEpInterrupt
 .text.USB_ReadDevOutEPInterrupt
                0x08004186       0x3c ./Drivers/STM32F4xx_HAL_Driver/Src/stm32f4xx_ll_usb.o
                0x08004186                USB_ReadDevOutEPInterrupt
 .text.USB_ReadDevInEPInterrupt
                0x080041c2       0x5c ./Drivers/STM32F4xx_HAL_Driver/Src/stm32f4xx_ll_usb.o
                0x080041c2                USB_ReadDevInEPInterrupt
 .text.USB_GetMode
                0x0800421e       0x1c ./Drivers/STM32F4xx_HAL_Driver/Src/stm32f4xx_ll_usb.o
                0x0800421e                USB_GetMode
 .text.USB_ActivateSetup
                0x0800423a       0x46 ./Drivers/STM32F4xx_HAL_Driver/Src/stm32f4xx_ll_usb.o
                0x0800423a                USB_ActivateSetup
 .text.USB_EP0_OutStart
                0x08004280       0xbc ./Drivers/STM32F4xx_HAL_Driver/Src/stm32f4xx_ll_usb.o
                0x08004280                USB_EP0_OutStart
 .text.USB_CoreReset
                0x0800433c       0x62 ./Drivers/STM32F4xx_HAL_Driver/Src/stm32f4xx_ll_usb.o
 *fill*         0x0800439e        0x2 
 .text.USBD_CDC_Init
                0x080043a0      0x1f0 ./Middlewares/ST/STM32_USB_Device_Library/Class/CDC/Src/usbd_cdc.o
 .text.USBD_CDC_DeInit
                0x08004590      0x104 ./Middlewares/ST/STM32_USB_Device_Library/Class/CDC/Src/usbd_cdc.o
 .text.USBD_CDC_Setup
                0x08004694      0x1b8 ./Middlewares/ST/STM32_USB_Device_Library/Class/CDC/Src/usbd_cdc.o
 .text.USBD_CDC_DataIn
                0x0800484c       0xfe ./Middlewares/ST/STM32_USB_Device_Library/Class/CDC/Src/usbd_cdc.o
 .text.USBD_CDC_DataOut
                0x0800494a       0x70 ./Middlewares/ST/STM32_USB_Device_Library/Class/CDC/Src/usbd_cdc.o
 .text.USBD_CDC_EP0_RxReady
                0x080049ba       0x74 ./Middlewares/ST/STM32_USB_Device_Library/Class/CDC/Src/usbd_cdc.o
 *fill*         0x08004a2e        0x2 
 .text.USBD_CDC_GetFSCfgDesc
                0x08004a30       0x70 ./Middlewares/ST/STM32_USB_Device_Library/Class/CDC/Src/usbd_cdc.o
 .text.USBD_CDC_GetHSCfgDesc
                0x08004aa0       0x70 ./Middlewares/ST/STM32_USB_Device_Library/Class/CDC/Src/usbd_cdc.o
 .text.USBD_CDC_GetOtherSpeedCfgDesc
                0x08004b10       0x70 ./Middlewares/ST/STM32_USB_Device_Library/Class/CDC/Src/usbd_cdc.o
 .text.USBD_CDC_GetDeviceQualifierDescriptor
                0x08004b80       0x20 ./Middlewares/ST/STM32_USB_Device_Library/Class/CDC/Src/usbd_cdc.o
                0x08004b80                USBD_CDC_GetDeviceQualifierDescriptor
 .text.USBD_CDC_RegisterInterface
                0x08004ba0       0x34 ./Middlewares/ST/STM32_USB_Device_Library/Class/CDC/Src/usbd_cdc.o
                0x08004ba0                USBD_CDC_RegisterInterface
 .text.USBD_CDC_SetTxBuffer
                0x08004bd4       0x44 ./Middlewares/ST/STM32_USB_Device_Library/Class/CDC/Src/usbd_cdc.o
                0x08004bd4                USBD_CDC_SetTxBuffer
 .text.USBD_CDC_SetRxBuffer
                0x08004c18       0x3a ./Middlewares/ST/STM32_USB_Device_Library/Class/CDC/Src/usbd_cdc.o
                0x08004c18                USBD_CDC_SetRxBuffer
 *fill*         0x08004c52        0x2 
 .text.USBD_CDC_TransmitPacket
                0x08004c54       0x80 ./Middlewares/ST/STM32_USB_Device_Library/Class/CDC/Src/usbd_cdc.o
                0x08004c54                USBD_CDC_TransmitPacket
 .text.USBD_CDC_ReceivePacket
                0x08004cd4       0x6c ./Middlewares/ST/STM32_USB_Device_Library/Class/CDC/Src/usbd_cdc.o
                0x08004cd4                USBD_CDC_ReceivePacket
 .text.USBD_Init
                0x08004d40       0x60 ./Middlewares/ST/STM32_USB_Device_Library/Core/Src/usbd_core.o
                0x08004d40                USBD_Init
 .text.USBD_RegisterClass
                0x08004da0       0x6c ./Middlewares/ST/STM32_USB_Device_Library/Core/Src/usbd_core.o
                0x08004da0                USBD_RegisterClass
 .text.USBD_Start
                0x08004e0c       0x18 ./Middlewares/ST/STM32_USB_Device_Library/Core/Src/usbd_core.o
                0x08004e0c                USBD_Start
 .text.USBD_RunTestMode
                0x08004e24       0x16 ./Middlewares/ST/STM32_USB_Device_Library/Core/Src/usbd_core.o
                0x08004e24                USBD_RunTestMode
 .text.USBD_SetClassConfig
                0x08004e3a       0x38 ./Middlewares/ST/STM32_USB_Device_Library/Core/Src/usbd_core.o
                0x08004e3a                USBD_SetClassConfig
 .text.USBD_ClrClassConfig
                0x08004e72       0x34 ./Middlewares/ST/STM32_USB_Device_Library/Core/Src/usbd_core.o
                0x08004e72                USBD_ClrClassConfig
 .text.USBD_LL_SetupStage
                0x08004ea6       0xaa ./Middlewares/ST/STM32_USB_Device_Library/Core/Src/usbd_core.o
                0x08004ea6                USBD_LL_SetupStage
 .text.USBD_LL_DataOutStage
                0x08004f50      0x166 ./Middlewares/ST/STM32_USB_Device_Library/Core/Src/usbd_core.o
                0x08004f50                USBD_LL_DataOutStage
 .text.USBD_LL_DataInStage
                0x080050b6      0x164 ./Middlewares/ST/STM32_USB_Device_Library/Core/Src/usbd_core.o
                0x080050b6                USBD_LL_DataInStage
 .text.USBD_LL_Reset
                0x0800521a       0xa4 ./Middlewares/ST/STM32_USB_Device_Library/Core/Src/usbd_core.o
                0x0800521a                USBD_LL_Reset
 .text.USBD_LL_SetSpeed
                0x080052be       0x20 ./Middlewares/ST/STM32_USB_Device_Library/Core/Src/usbd_core.o
                0x080052be                USBD_LL_SetSpeed
 .text.USBD_LL_Suspend
                0x080052de       0x38 ./Middlewares/ST/STM32_USB_Device_Library/Core/Src/usbd_core.o
                0x080052de                USBD_LL_Suspend
 .text.USBD_LL_Resume
                0x08005316       0x30 ./Middlewares/ST/STM32_USB_Device_Library/Core/Src/usbd_core.o
                0x08005316                USBD_LL_Resume
 .text.USBD_LL_SOF
                0x08005346       0x40 ./Middlewares/ST/STM32_USB_Device_Library/Core/Src/usbd_core.o
                0x08005346                USBD_LL_SOF
 .text.USBD_LL_IsoINIncomplete
                0x08005386       0x64 ./Middlewares/ST/STM32_USB_Device_Library/Core/Src/usbd_core.o
                0x08005386                USBD_LL_IsoINIncomplete
 .text.USBD_LL_IsoOUTIncomplete
                0x080053ea       0x64 ./Middlewares/ST/STM32_USB_Device_Library/Core/Src/usbd_core.o
                0x080053ea                USBD_LL_IsoOUTIncomplete
 .text.USBD_LL_DevConnected
                0x0800544e       0x16 ./Middlewares/ST/STM32_USB_Device_Library/Core/Src/usbd_core.o
                0x0800544e                USBD_LL_DevConnected
 .text.USBD_LL_DevDisconnected
                0x08005464       0x46 ./Middlewares/ST/STM32_USB_Device_Library/Core/Src/usbd_core.o
                0x08005464                USBD_LL_DevDisconnected
 .text.USBD_CoreFindIF
                0x080054aa       0x1a ./Middlewares/ST/STM32_USB_Device_Library/Core/Src/usbd_core.o
                0x080054aa                USBD_CoreFindIF
 .text.USBD_CoreFindEP
                0x080054c4       0x1a ./Middlewares/ST/STM32_USB_Device_Library/Core/Src/usbd_core.o
                0x080054c4                USBD_CoreFindEP
 .text.USBD_GetEpDesc
                0x080054de       0x70 ./Middlewares/ST/STM32_USB_Device_Library/Core/Src/usbd_core.o
                0x080054de                USBD_GetEpDesc
 .text.USBD_GetNextDesc
                0x0800554e       0x38 ./Middlewares/ST/STM32_USB_Device_Library/Core/Src/usbd_core.o
                0x0800554e                USBD_GetNextDesc
 .text.SWAPBYTE
                0x08005586       0x3c ./Middlewares/ST/STM32_USB_Device_Library/Core/Src/usbd_ctlreq.o
 *fill*         0x080055c2        0x2 
 .text.USBD_StdDevReq
                0x080055c4       0xe4 ./Middlewares/ST/STM32_USB_Device_Library/Core/Src/usbd_ctlreq.o
                0x080055c4                USBD_StdDevReq
 .text.USBD_StdItfReq
                0x080056a8       0xd8 ./Middlewares/ST/STM32_USB_Device_Library/Core/Src/usbd_ctlreq.o
                0x080056a8                USBD_StdItfReq
 .text.USBD_StdEPReq
                0x08005780      0x33a ./Middlewares/ST/STM32_USB_Device_Library/Core/Src/usbd_ctlreq.o
                0x08005780                USBD_StdEPReq
 *fill*         0x08005aba        0x2 
 .text.USBD_GetDescriptor
                0x08005abc      0x2d4 ./Middlewares/ST/STM32_USB_Device_Library/Core/Src/usbd_ctlreq.o
 .text.USBD_SetAddress
                0x08005d90       0x88 ./Middlewares/ST/STM32_USB_Device_Library/Core/Src/usbd_ctlreq.o
 .text.USBD_SetConfig
                0x08005e18      0x154 ./Middlewares/ST/STM32_USB_Device_Library/Core/Src/usbd_ctlreq.o
 .text.USBD_GetConfig
                0x08005f6c       0x6c ./Middlewares/ST/STM32_USB_Device_Library/Core/Src/usbd_ctlreq.o
 .text.USBD_GetStatus
                0x08005fd8       0x68 ./Middlewares/ST/STM32_USB_Device_Library/Core/Src/usbd_ctlreq.o
 .text.USBD_SetFeature
                0x08006040       0x52 ./Middlewares/ST/STM32_USB_Device_Library/Core/Src/usbd_ctlreq.o
 .text.USBD_ClrFeature
                0x08006092       0x44 ./Middlewares/ST/STM32_USB_Device_Library/Core/Src/usbd_ctlreq.o
 .text.USBD_ParseSetupRequest
                0x080060d6       0x74 ./Middlewares/ST/STM32_USB_Device_Library/Core/Src/usbd_ctlreq.o
                0x080060d6                USBD_ParseSetupRequest
 .text.USBD_CtlError
                0x0800614a       0x22 ./Middlewares/ST/STM32_USB_Device_Library/Core/Src/usbd_ctlreq.o
                0x0800614a                USBD_CtlError
 .text.USBD_GetString
                0x0800616c       0x8c ./Middlewares/ST/STM32_USB_Device_Library/Core/Src/usbd_ctlreq.o
                0x0800616c                USBD_GetString
 .text.USBD_GetLen
                0x080061f8       0x34 ./Middlewares/ST/STM32_USB_Device_Library/Core/Src/usbd_ctlreq.o
 .text.USBD_CtlSendData
                0x0800622c       0x36 ./Middlewares/ST/STM32_USB_Device_Library/Core/Src/usbd_ioreq.o
                0x0800622c                USBD_CtlSendData
 .text.USBD_CtlContinueSendData
                0x08006262       0x22 ./Middlewares/ST/STM32_USB_Device_Library/Core/Src/usbd_ioreq.o
                0x08006262                USBD_CtlContinueSendData
 .text.USBD_CtlPrepareRx
                0x08006284       0x3a ./Middlewares/ST/STM32_USB_Device_Library/Core/Src/usbd_ioreq.o
                0x08006284                USBD_CtlPrepareRx
 .text.USBD_CtlContinueRx
                0x080062be       0x22 ./Middlewares/ST/STM32_USB_Device_Library/Core/Src/usbd_ioreq.o
                0x080062be                USBD_CtlContinueRx
 .text.USBD_CtlSendStatus
                0x080062e0       0x26 ./Middlewares/ST/STM32_USB_Device_Library/Core/Src/usbd_ioreq.o
                0x080062e0                USBD_CtlSendStatus
 .text.USBD_CtlReceiveStatus
                0x08006306       0x26 ./Middlewares/ST/STM32_USB_Device_Library/Core/Src/usbd_ioreq.o
                0x08006306                USBD_CtlReceiveStatus
 .text.MX_USB_DEVICE_Init
                0x0800632c       0x60 ./USB_DEVICE/App/usb_device.o
                0x0800632c                MX_USB_DEVICE_Init
 .text.CDC_Init_FS
                0x0800638c       0x28 ./USB_DEVICE/App/usbd_cdc_if.o
 .text.CDC_DeInit_FS
                0x080063b4       0x10 ./USB_DEVICE/App/usbd_cdc_if.o
 .text.CDC_Control_FS
                0x080063c4       0xbc ./USB_DEVICE/App/usbd_cdc_if.o
 .text.CDC_Receive_FS
                0x08006480       0x28 ./USB_DEVICE/App/usbd_cdc_if.o
 .text.CDC_Transmit_FS
                0x080064a8       0x4c ./USB_DEVICE/App/usbd_cdc_if.o
                0x080064a8                CDC_Transmit_FS
 .text.CDC_TransmitCplt_FS
                0x080064f4       0x22 ./USB_DEVICE/App/usbd_cdc_if.o
 *fill*         0x08006516        0x2 
 .text.USBD_FS_DeviceDescriptor
                0x08006518       0x24 ./USB_DEVICE/App/usbd_desc.o
                0x08006518                USBD_FS_DeviceDescriptor
 .text.USBD_FS_LangIDStrDescriptor
                0x0800653c       0x24 ./USB_DEVICE/App/usbd_desc.o
                0x0800653c                USBD_FS_LangIDStrDescriptor
 .text.USBD_FS_ProductStrDescriptor
                0x08006560       0x3c ./USB_DEVICE/App/usbd_desc.o
                0x08006560                USBD_FS_ProductStrDescriptor
 .text.USBD_FS_ManufacturerStrDescriptor
                0x0800659c       0x28 ./USB_DEVICE/App/usbd_desc.o
                0x0800659c                USBD_FS_ManufacturerStrDescriptor
 .text.USBD_FS_SerialStrDescriptor
                0x080065c4       0x24 ./USB_DEVICE/App/usbd_desc.o
                0x080065c4                USBD_FS_SerialStrDescriptor
 .text.USBD_FS_ConfigStrDescriptor
                0x080065e8       0x3c ./USB_DEVICE/App/usbd_desc.o
                0x080065e8                USBD_FS_ConfigStrDescriptor
 .text.USBD_FS_InterfaceStrDescriptor
                0x08006624       0x3c ./USB_DEVICE/App/usbd_desc.o
                0x08006624                USBD_FS_InterfaceStrDescriptor
 .text.Get_SerialNum
                0x08006660       0x58 ./USB_DEVICE/App/usbd_desc.o
 .text.IntToUnicode
                0x080066b8       0x7e ./USB_DEVICE/App/usbd_desc.o
 *fill*         0x08006736        0x2 
 .text.HAL_PCD_MspInit
                0x08006738       0xa8 ./USB_DEVICE/Target/usbd_conf.o
                0x08006738                HAL_PCD_MspInit
 .text.HAL_PCD_SetupStageCallback
                0x080067e0       0x24 ./USB_DEVICE/Target/usbd_conf.o
                0x080067e0                HAL_PCD_SetupStageCallback
 .text.HAL_PCD_DataOutStageCallback
                0x08006804       0x36 ./USB_DEVICE/Target/usbd_conf.o
                0x08006804                HAL_PCD_DataOutStageCallback
 .text.HAL_PCD_DataInStageCallback
                0x0800683a       0x34 ./USB_DEVICE/Target/usbd_conf.o
                0x0800683a                HAL_PCD_DataInStageCallback
 .text.HAL_PCD_SOFCallback
                0x0800686e       0x1c ./USB_DEVICE/Target/usbd_conf.o
                0x0800686e                HAL_PCD_SOFCallback
 .text.HAL_PCD_ResetCallback
                0x0800688a       0x50 ./USB_DEVICE/Target/usbd_conf.o
                0x0800688a                HAL_PCD_ResetCallback
 *fill*         0x080068da        0x2 
 .text.HAL_PCD_SuspendCallback
                0x080068dc       0x4c ./USB_DEVICE/Target/usbd_conf.o
                0x080068dc                HAL_PCD_SuspendCallback
 .text.HAL_PCD_ResumeCallback
                0x08006928       0x1c ./USB_DEVICE/Target/usbd_conf.o
                0x08006928                HAL_PCD_ResumeCallback
 .text.HAL_PCD_ISOOUTIncompleteCallback
                0x08006944       0x24 ./USB_DEVICE/Target/usbd_conf.o
                0x08006944                HAL_PCD_ISOOUTIncompleteCallback
 .text.HAL_PCD_ISOINIncompleteCallback
                0x08006968       0x24 ./USB_DEVICE/Target/usbd_conf.o
                0x08006968                HAL_PCD_ISOINIncompleteCallback
 .text.HAL_PCD_ConnectCallback
                0x0800698c       0x1c ./USB_DEVICE/Target/usbd_conf.o
                0x0800698c                HAL_PCD_ConnectCallback
 .text.HAL_PCD_DisconnectCallback
                0x080069a8       0x1c ./USB_DEVICE/Target/usbd_conf.o
                0x080069a8                HAL_PCD_DisconnectCallback
 .text.USBD_LL_Init
                0x080069c4       0x98 ./USB_DEVICE/Target/usbd_conf.o
                0x080069c4                USBD_LL_Init
 .text.USBD_LL_Start
                0x08006a5c       0x36 ./USB_DEVICE/Target/usbd_conf.o
                0x08006a5c                USBD_LL_Start
 .text.USBD_LL_OpenEP
                0x08006a92       0x4c ./USB_DEVICE/Target/usbd_conf.o
                0x08006a92                USBD_LL_OpenEP
 .text.USBD_LL_CloseEP
                0x08006ade       0x3e ./USB_DEVICE/Target/usbd_conf.o
                0x08006ade                USBD_LL_CloseEP
 .text.USBD_LL_StallEP
                0x08006b1c       0x3e ./USB_DEVICE/Target/usbd_conf.o
                0x08006b1c                USBD_LL_StallEP
 .text.USBD_LL_ClearStallEP
                0x08006b5a       0x3e ./USB_DEVICE/Target/usbd_conf.o
                0x08006b5a                USBD_LL_ClearStallEP
 .text.USBD_LL_IsStallEP
                0x08006b98       0x58 ./USB_DEVICE/Target/usbd_conf.o
                0x08006b98                USBD_LL_IsStallEP
 .text.USBD_LL_SetUSBAddress
                0x08006bf0       0x3e ./USB_DEVICE/Target/usbd_conf.o
                0x08006bf0                USBD_LL_SetUSBAddress
 .text.USBD_LL_Transmit
                0x08006c2e       0x42 ./USB_DEVICE/Target/usbd_conf.o
                0x08006c2e                USBD_LL_Transmit
 .text.USBD_LL_PrepareReceive
                0x08006c70       0x42 ./USB_DEVICE/Target/usbd_conf.o
                0x08006c70                USBD_LL_PrepareReceive
 .text.USBD_LL_GetRxDataSize
                0x08006cb2       0x26 ./USB_DEVICE/Target/usbd_conf.o
                0x08006cb2                USBD_LL_GetRxDataSize
 .text.USBD_static_malloc
                0x08006cd8       0x1c ./USB_DEVICE/Target/usbd_conf.o
                0x08006cd8                USBD_static_malloc
 .text.USBD_static_free
                0x08006cf4       0x14 ./USB_DEVICE/Target/usbd_conf.o
                0x08006cf4                USBD_static_free
 .text.USBD_Get_USB_Status
                0x08006d08       0x58 ./USB_DEVICE/Target/usbd_conf.o
                0x08006d08                USBD_Get_USB_Status
 .text.sprintf  0x08006d60       0x40 C:/ST/STM32CubeIDE_1.15.0/STM32CubeIDE/plugins/com.st.stm32cube.ide.mcu.externaltools.gnu-tools-for-stm32.12.3.rel1.win32_1.0.100.202403111256/tools/bin/../lib/gcc/arm-none-eabi/12.3.1/../../../../arm-none-eabi/lib/thumb/v7e-m+fp/hard\libc_nano.a(libc_a-sprintf.o)
                0x08006d60                siprintf
                0x08006d60                sprintf
 .text.memset   0x08006da0       0x10 C:/ST/STM32CubeIDE_1.15.0/STM32CubeIDE/plugins/com.st.stm32cube.ide.mcu.externaltools.gnu-tools-for-stm32.12.3.rel1.win32_1.0.100.202403111256/tools/bin/../lib/gcc/arm-none-eabi/12.3.1/../../../../arm-none-eabi/lib/thumb/v7e-m+fp/hard\libc_nano.a(libc_a-memset.o)
                0x08006da0                memset
 .text.__errno  0x08006db0        0xc C:/ST/STM32CubeIDE_1.15.0/STM32CubeIDE/plugins/com.st.stm32cube.ide.mcu.externaltools.gnu-tools-for-stm32.12.3.rel1.win32_1.0.100.202403111256/tools/bin/../lib/gcc/arm-none-eabi/12.3.1/../../../../arm-none-eabi/lib/thumb/v7e-m+fp/hard\libc_nano.a(libc_a-errno.o)
                0x08006db0                __errno
 .text.__libc_init_array
                0x08006dbc       0x48 C:/ST/STM32CubeIDE_1.15.0/STM32CubeIDE/plugins/com.st.stm32cube.ide.mcu.externaltools.gnu-tools-for-stm32.12.3.rel1.win32_1.0.100.202403111256/tools/bin/../lib/gcc/arm-none-eabi/12.3.1/../../../../arm-none-eabi/lib/thumb/v7e-m+fp/hard\libc_nano.a(libc_a-init.o)
                0x08006dbc                __libc_init_array
 .text.__retarget_lock_acquire_recursive
                0x08006e04        0x2 C:/ST/STM32CubeIDE_1.15.0/STM32CubeIDE/plugins/com.st.stm32cube.ide.mcu.externaltools.gnu-tools-for-stm32.12.3.rel1.win32_1.0.100.202403111256/tools/bin/../lib/gcc/arm-none-eabi/12.3.1/../../../../arm-none-eabi/lib/thumb/v7e-m+fp/hard\libc_nano.a(libc_a-lock.o)
                0x08006e04                __retarget_lock_acquire_recursive
 .text.__retarget_lock_release_recursive
                0x08006e06        0x2 C:/ST/STM32CubeIDE_1.15.0/STM32CubeIDE/plugins/com.st.stm32cube.ide.mcu.externaltools.gnu-tools-for-stm32.12.3.rel1.win32_1.0.100.202403111256/tools/bin/../lib/gcc/arm-none-eabi/12.3.1/../../../../arm-none-eabi/lib/thumb/v7e-m+fp/hard\libc_nano.a(libc_a-lock.o)
                0x08006e06                __retarget_lock_release_recursive
 .text._free_r  0x08006e08       0x94 C:/ST/STM32CubeIDE_1.15.0/STM32CubeIDE/plugins/com.st.stm32cube.ide.mcu.externaltools.gnu-tools-for-stm32.12.3.rel1.win32_1.0.100.202403111256/tools/bin/../lib/gcc/arm-none-eabi/12.3.1/../../../../arm-none-eabi/lib/thumb/v7e-m+fp/hard\libc_nano.a(libc_a-freer.o)
                0x08006e08                _free_r
 .text.sbrk_aligned
                0x08006e9c       0x44 C:/ST/STM32CubeIDE_1.15.0/STM32CubeIDE/plugins/com.st.stm32cube.ide.mcu.externaltools.gnu-tools-for-stm32.12.3.rel1.win32_1.0.100.202403111256/tools/bin/../lib/gcc/arm-none-eabi/12.3.1/../../../../arm-none-eabi/lib/thumb/v7e-m+fp/hard\libc_nano.a(libc_a-mallocr.o)
 .text._malloc_r
                0x08006ee0      0x100 C:/ST/STM32CubeIDE_1.15.0/STM32CubeIDE/plugins/com.st.stm32cube.ide.mcu.externaltools.gnu-tools-for-stm32.12.3.rel1.win32_1.0.100.202403111256/tools/bin/../lib/gcc/arm-none-eabi/12.3.1/../../../../arm-none-eabi/lib/thumb/v7e-m+fp/hard\libc_nano.a(libc_a-mallocr.o)
                0x08006ee0                _malloc_r
 .text.__malloc_lock
                0x08006fe0        0xc C:/ST/STM32CubeIDE_1.15.0/STM32CubeIDE/plugins/com.st.stm32cube.ide.mcu.externaltools.gnu-tools-for-stm32.12.3.rel1.win32_1.0.100.202403111256/tools/bin/../lib/gcc/arm-none-eabi/12.3.1/../../../../arm-none-eabi/lib/thumb/v7e-m+fp/hard\libc_nano.a(libc_a-mlock.o)
                0x08006fe0                __malloc_lock
 .text.__malloc_unlock
                0x08006fec        0xc C:/ST/STM32CubeIDE_1.15.0/STM32CubeIDE/plugins/com.st.stm32cube.ide.mcu.externaltools.gnu-tools-for-stm32.12.3.rel1.win32_1.0.100.202403111256/tools/bin/../lib/gcc/arm-none-eabi/12.3.1/../../../../arm-none-eabi/lib/thumb/v7e-m+fp/hard\libc_nano.a(libc_a-mlock.o)
                0x08006fec                __malloc_unlock
 .text.__ssputs_r
                0x08006ff8       0xb6 C:/ST/STM32CubeIDE_1.15.0/STM32CubeIDE/plugins/com.st.stm32cube.ide.mcu.externaltools.gnu-tools-for-stm32.12.3.rel1.win32_1.0.100.202403111256/tools/bin/../lib/gcc/arm-none-eabi/12.3.1/../../../../arm-none-eabi/lib/thumb/v7e-m+fp/hard\libc_nano.a(libc_a-nano-svfprintf.o)
                0x08006ff8                __ssputs_r
 *fill*         0x080070ae        0x2 
 .text._svfprintf_r
                0x080070b0      0x1f8 C:/ST/STM32CubeIDE_1.15.0/STM32CubeIDE/plugins/com.st.stm32cube.ide.mcu.externaltools.gnu-tools-for-stm32.12.3.rel1.win32_1.0.100.202403111256/tools/bin/../lib/gcc/arm-none-eabi/12.3.1/../../../../arm-none-eabi/lib/thumb/v7e-m+fp/hard\libc_nano.a(libc_a-nano-svfprintf.o)
                0x080070b0                _svfiprintf_r
                0x080070b0                _svfprintf_r
 .text._printf_common
                0x080072a8       0xda C:/ST/STM32CubeIDE_1.15.0/STM32CubeIDE/plugins/com.st.stm32cube.ide.mcu.externaltools.gnu-tools-for-stm32.12.3.rel1.win32_1.0.100.202403111256/tools/bin/../lib/gcc/arm-none-eabi/12.3.1/../../../../arm-none-eabi/lib/thumb/v7e-m+fp/hard\libc_nano.a(libc_a-nano-vfprintf_i.o)
                0x080072a8                _printf_common
 *fill*         0x08007382        0x2 
 .text._printf_i
                0x08007384      0x240 C:/ST/STM32CubeIDE_1.15.0/STM32CubeIDE/plugins/com.st.stm32cube.ide.mcu.externaltools.gnu-tools-for-stm32.12.3.rel1.win32_1.0.100.202403111256/tools/bin/../lib/gcc/arm-none-eabi/12.3.1/../../../../arm-none-eabi/lib/thumb/v7e-m+fp/hard\libc_nano.a(libc_a-nano-vfprintf_i.o)
                0x08007384                _printf_i
 .text.memmove  0x080075c4       0x34 C:/ST/STM32CubeIDE_1.15.0/STM32CubeIDE/plugins/com.st.stm32cube.ide.mcu.externaltools.gnu-tools-for-stm32.12.3.rel1.win32_1.0.100.202403111256/tools/bin/../lib/gcc/arm-none-eabi/12.3.1/../../../../arm-none-eabi/lib/thumb/v7e-m+fp/hard\libc_nano.a(libc_a-memmove.o)
                0x080075c4                memmove
 .text._sbrk_r  0x080075f8       0x20 C:/ST/STM32CubeIDE_1.15.0/STM32CubeIDE/plugins/com.st.stm32cube.ide.mcu.externaltools.gnu-tools-for-stm32.12.3.rel1.win32_1.0.100.202403111256/tools/bin/../lib/gcc/arm-none-eabi/12.3.1/../../../../arm-none-eabi/lib/thumb/v7e-m+fp/hard\libc_nano.a(libc_a-sbrkr.o)
                0x080075f8                _sbrk_r
 .text.memcpy   0x08007618       0x1c C:/ST/STM32CubeIDE_1.15.0/STM32CubeIDE/plugins/com.st.stm32cube.ide.mcu.externaltools.gnu-tools-for-stm32.12.3.rel1.win32_1.0.100.202403111256/tools/bin/../lib/gcc/arm-none-eabi/12.3.1/../../../../arm-none-eabi/lib/thumb/v7e-m+fp/hard\libc_nano.a(libc_a-memcpy-stub.o)
                0x08007618                memcpy
 .text._realloc_r
                0x08007634       0x5c C:/ST/STM32CubeIDE_1.15.0/STM32CubeIDE/plugins/com.st.stm32cube.ide.mcu.externaltools.gnu-tools-for-stm32.12.3.rel1.win32_1.0.100.202403111256/tools/bin/../lib/gcc/arm-none-eabi/12.3.1/../../../../arm-none-eabi/lib/thumb/v7e-m+fp/hard\libc_nano.a(libc_a-reallocr.o)
                0x08007634                _realloc_r
 .text._malloc_usable_size_r
                0x08007690       0x10 C:/ST/STM32CubeIDE_1.15.0/STM32CubeIDE/plugins/com.st.stm32cube.ide.mcu.externaltools.gnu-tools-for-stm32.12.3.rel1.win32_1.0.100.202403111256/tools/bin/../lib/gcc/arm-none-eabi/12.3.1/../../../../arm-none-eabi/lib/thumb/v7e-m+fp/hard\libc_nano.a(libc_a-msizer.o)
                0x08007690                _malloc_usable_size_r
 *(.glue_7)
 .glue_7        0x080076a0        0x0 linker stubs
 *(.glue_7t)
 .glue_7t       0x080076a0        0x0 linker stubs
 *(.eh_frame)
 .eh_frame      0x080076a0        0x0 C:/ST/STM32CubeIDE_1.15.0/STM32CubeIDE/plugins/com.st.stm32cube.ide.mcu.externaltools.gnu-tools-for-stm32.12.3.rel1.win32_1.0.100.202403111256/tools/bin/../lib/gcc/arm-none-eabi/12.3.1/thumb/v7e-m+fp/hard/crtbegin.o
 *(.init)
 .init          0x080076a0        0x4 C:/ST/STM32CubeIDE_1.15.0/STM32CubeIDE/plugins/com.st.stm32cube.ide.mcu.externaltools.gnu-tools-for-stm32.12.3.rel1.win32_1.0.100.202403111256/tools/bin/../lib/gcc/arm-none-eabi/12.3.1/thumb/v7e-m+fp/hard/crti.o
                0x080076a0                _init
 .init          0x080076a4        0x8 C:/ST/STM32CubeIDE_1.15.0/STM32CubeIDE/plugins/com.st.stm32cube.ide.mcu.externaltools.gnu-tools-for-stm32.12.3.rel1.win32_1.0.100.202403111256/tools/bin/../lib/gcc/arm-none-eabi/12.3.1/thumb/v7e-m+fp/hard/crtn.o
 *(.fini)
 .fini          0x080076ac        0x4 C:/ST/STM32CubeIDE_1.15.0/STM32CubeIDE/plugins/com.st.stm32cube.ide.mcu.externaltools.gnu-tools-for-stm32.12.3.rel1.win32_1.0.100.202403111256/tools/bin/../lib/gcc/arm-none-eabi/12.3.1/thumb/v7e-m+fp/hard/crti.o
                0x080076ac                _fini
 .fini          0x080076b0        0x8 C:/ST/STM32CubeIDE_1.15.0/STM32CubeIDE/plugins/com.st.stm32cube.ide.mcu.externaltools.gnu-tools-for-stm32.12.3.rel1.win32_1.0.100.202403111256/tools/bin/../lib/gcc/arm-none-eabi/12.3.1/thumb/v7e-m+fp/hard/crtn.o
                0x080076b8                        . = ALIGN (0x4)
                0x080076b8                        _etext = .

.vfp11_veneer   0x080076b8        0x0
 .vfp11_veneer  0x080076b8        0x0 linker stubs

.v4_bx          0x080076b8        0x0
 .v4_bx         0x080076b8        0x0 linker stubs

.iplt           0x080076b8        0x0
 .iplt          0x080076b8        0x0 C:/ST/STM32CubeIDE_1.15.0/STM32CubeIDE/plugins/com.st.stm32cube.ide.mcu.externaltools.gnu-tools-for-stm32.12.3.rel1.win32_1.0.100.202403111256/tools/bin/../lib/gcc/arm-none-eabi/12.3.1/thumb/v7e-m+fp/hard/crtbegin.o

.rodata         0x080076b8       0x9c
                0x080076b8                        . = ALIGN (0x4)
 *(.rodata)
 .rodata        0x080076b8        0xf ./Core/Src/main.o
 *fill*         0x080076c7        0x1 
 .rodata        0x080076c8       0x46 ./USB_DEVICE/App/usbd_desc.o
 *(.rodata*)
 *fill*         0x0800770e        0x2 
 .rodata.AHBPrescTable
                0x08007710       0x10 ./Core/Src/system_stm32f4xx.o
                0x08007710                AHBPrescTable
 .rodata._svfprintf_r.str1.1
                0x08007720       0x11 C:/ST/STM32CubeIDE_1.15.0/STM32CubeIDE/plugins/com.st.stm32cube.ide.mcu.externaltools.gnu-tools-for-stm32.12.3.rel1.win32_1.0.100.202403111256/tools/bin/../lib/gcc/arm-none-eabi/12.3.1/../../../../arm-none-eabi/lib/thumb/v7e-m+fp/hard\libc_nano.a(libc_a-nano-svfprintf.o)
 .rodata._printf_i.str1.1
                0x08007731       0x22 C:/ST/STM32CubeIDE_1.15.0/STM32CubeIDE/plugins/com.st.stm32cube.ide.mcu.externaltools.gnu-tools-for-stm32.12.3.rel1.win32_1.0.100.202403111256/tools/bin/../lib/gcc/arm-none-eabi/12.3.1/../../../../arm-none-eabi/lib/thumb/v7e-m+fp/hard\libc_nano.a(libc_a-nano-vfprintf_i.o)
                0x08007754                        . = ALIGN (0x4)
 *fill*         0x08007753        0x1 

.ARM.extab      0x08007754        0x0
                0x08007754                        . = ALIGN (0x4)
 *(.ARM.extab* .gnu.linkonce.armextab.*)
                0x08007754                        . = ALIGN (0x4)

.ARM            0x08007754        0x8
                0x08007754                        . = ALIGN (0x4)
                0x08007754                        __exidx_start = .
 *(.ARM.exidx*)
 .ARM.exidx     0x08007754        0x8 C:/ST/STM32CubeIDE_1.15.0/STM32CubeIDE/plugins/com.st.stm32cube.ide.mcu.externaltools.gnu-tools-for-stm32.12.3.rel1.win32_1.0.100.202403111256/tools/bin/../lib/gcc/arm-none-eabi/12.3.1/../../../../arm-none-eabi/lib/thumb/v7e-m+fp/hard\libc_nano.a(libc_a-strlen.o)
 .ARM.exidx     0x0800775c        0x0 C:/ST/STM32CubeIDE_1.15.0/STM32CubeIDE/plugins/com.st.stm32cube.ide.mcu.externaltools.gnu-tools-for-stm32.12.3.rel1.win32_1.0.100.202403111256/tools/bin/../lib/gcc/arm-none-eabi/12.3.1/../../../../arm-none-eabi/lib/thumb/v7e-m+fp/hard\libc_nano.a(libc_a-memchr.o)
                                  0x8 (size before relaxing)
 .ARM.exidx     0x0800775c        0x0 C:/ST/STM32CubeIDE_1.15.0/STM32CubeIDE/plugins/com.st.stm32cube.ide.mcu.externaltools.gnu-tools-for-stm32.12.3.rel1.win32_1.0.100.202403111256/tools/bin/../lib/gcc/arm-none-eabi/12.3.1/thumb/v7e-m+fp/hard\libgcc.a(_udivmoddi4.o)
                                  0x8 (size before relaxing)
                0x0800775c                        __exidx_end = .
                0x0800775c                        . = ALIGN (0x4)

.preinit_array  0x0800775c        0x0
                0x0800775c                        . = ALIGN (0x4)
                0x0800775c                        PROVIDE (__preinit_array_start = .)
 *(.preinit_array*)
                0x0800775c                        PROVIDE (__preinit_array_end = .)
                0x0800775c                        . = ALIGN (0x4)

.init_array     0x0800775c        0x4
                0x0800775c                        . = ALIGN (0x4)
                0x0800775c                        PROVIDE (__init_array_start = .)
 *(SORT_BY_NAME(.init_array.*))
 *(.init_array*)
 .init_array    0x0800775c        0x4 C:/ST/STM32CubeIDE_1.15.0/STM32CubeIDE/plugins/com.st.stm32cube.ide.mcu.externaltools.gnu-tools-for-stm32.12.3.rel1.win32_1.0.100.202403111256/tools/bin/../lib/gcc/arm-none-eabi/12.3.1/thumb/v7e-m+fp/hard/crtbegin.o
                0x08007760                        PROVIDE (__init_array_end = .)
                0x08007760                        . = ALIGN (0x4)

.fini_array     0x08007760        0x4
                0x08007760                        . = ALIGN (0x4)
                [!provide]                        PROVIDE (__fini_array_start = .)
 *(SORT_BY_NAME(.fini_array.*))
 *(.fini_array*)
 .fini_array    0x08007760        0x4 C:/ST/STM32CubeIDE_1.15.0/STM32CubeIDE/plugins/com.st.stm32cube.ide.mcu.externaltools.gnu-tools-for-stm32.12.3.rel1.win32_1.0.100.202403111256/tools/bin/../lib/gcc/arm-none-eabi/12.3.1/thumb/v7e-m+fp/hard/crtbegin.o
                [!provide]                        PROVIDE (__fini_array_end = .)
                0x08007764                        . = ALIGN (0x4)
                0x08007764                        _sidata = LOADADDR (.data)

.rel.dyn        0x08007764        0x0
 .rel.iplt      0x08007764        0x0 C:/ST/STM32CubeIDE_1.15.0/STM32CubeIDE/plugins/com.st.stm32cube.ide.mcu.externaltools.gnu-tools-for-stm32.12.3.rel1.win32_1.0.100.202403111256/tools/bin/../lib/gcc/arm-none-eabi/12.3.1/thumb/v7e-m+fp/hard/crtbegin.o

.data           0x20000000      0x14c load address 0x08007764
                0x20000000                        . = ALIGN (0x4)
                0x20000000                        _sdata = .
 *(.data)
 *(.data*)
 .data.SystemCoreClock
                0x20000000        0x4 ./Core/Src/system_stm32f4xx.o
                0x20000000                SystemCoreClock
 .data.uwTickPrio
                0x20000004        0x4 ./Drivers/STM32F4xx_HAL_Driver/Src/stm32f4xx_hal.o
                0x20000004                uwTickPrio
 .data.uwTickFreq
                0x20000008        0x1 ./Drivers/STM32F4xx_HAL_Driver/Src/stm32f4xx_hal.o
                0x20000008                uwTickFreq
 *fill*         0x20000009        0x3 
 .data.USBD_CDC_DeviceQualifierDesc
                0x2000000c        0xa ./Middlewares/ST/STM32_USB_Device_Library/Class/CDC/Src/usbd_cdc.o
 *fill*         0x20000016        0x2 
 .data.USBD_CDC
                0x20000018       0x38 ./Middlewares/ST/STM32_USB_Device_Library/Class/CDC/Src/usbd_cdc.o
                0x20000018                USBD_CDC
 .data.USBD_CDC_CfgDesc
                0x20000050       0x43 ./Middlewares/ST/STM32_USB_Device_Library/Class/CDC/Src/usbd_cdc.o
 .data.CDCInEpAdd
                0x20000093        0x1 ./Middlewares/ST/STM32_USB_Device_Library/Class/CDC/Src/usbd_cdc.o
 .data.CDCOutEpAdd
                0x20000094        0x1 ./Middlewares/ST/STM32_USB_Device_Library/Class/CDC/Src/usbd_cdc.o
 .data.CDCCmdEpAdd
                0x20000095        0x1 ./Middlewares/ST/STM32_USB_Device_Library/Class/CDC/Src/usbd_cdc.o
 *fill*         0x20000096        0x2 
 .data.USBD_Interface_fops_FS
                0x20000098       0x14 ./USB_DEVICE/App/usbd_cdc_if.o
                0x20000098                USBD_Interface_fops_FS
 .data.FS_Desc  0x200000ac       0x1c ./USB_DEVICE/App/usbd_desc.o
                0x200000ac                FS_Desc
 .data.USBD_FS_DeviceDesc
                0x200000c8       0x12 ./USB_DEVICE/App/usbd_desc.o
                0x200000c8                USBD_FS_DeviceDesc
 *fill*         0x200000da        0x2 
 .data.USBD_LangIDDesc
                0x200000dc        0x4 ./USB_DEVICE/App/usbd_desc.o
                0x200000dc                USBD_LangIDDesc
 .data.USBD_StringSerial
                0x200000e0       0x1a ./USB_DEVICE/App/usbd_desc.o
                0x200000e0                USBD_StringSerial
 *fill*         0x200000fa        0x2 
 .data._impure_ptr
                0x200000fc        0x4 C:/ST/STM32CubeIDE_1.15.0/STM32CubeIDE/plugins/com.st.stm32cube.ide.mcu.externaltools.gnu-tools-for-stm32.12.3.rel1.win32_1.0.100.202403111256/tools/bin/../lib/gcc/arm-none-eabi/12.3.1/../../../../arm-none-eabi/lib/thumb/v7e-m+fp/hard\libc_nano.a(libc_a-impure.o)
                0x200000fc                _impure_ptr
 .data._impure_data
                0x20000100       0x4c C:/ST/STM32CubeIDE_1.15.0/STM32CubeIDE/plugins/com.st.stm32cube.ide.mcu.externaltools.gnu-tools-for-stm32.12.3.rel1.win32_1.0.100.202403111256/tools/bin/../lib/gcc/arm-none-eabi/12.3.1/../../../../arm-none-eabi/lib/thumb/v7e-m+fp/hard\libc_nano.a(libc_a-impure.o)
                0x20000100                _impure_data
 *(.RamFunc)
 *(.RamFunc*)
                0x2000014c                        . = ALIGN (0x4)
                0x2000014c                        _edata = .
                0x080078b0                        _siccmram = LOADADDR (.ccmram)

.igot.plt       0x2000014c        0x0 load address 0x080078b0
 .igot.plt      0x2000014c        0x0 C:/ST/STM32CubeIDE_1.15.0/STM32CubeIDE/plugins/com.st.stm32cube.ide.mcu.externaltools.gnu-tools-for-stm32.12.3.rel1.win32_1.0.100.202403111256/tools/bin/../lib/gcc/arm-none-eabi/12.3.1/thumb/v7e-m+fp/hard/crtbegin.o

.ccmram         0x10000000        0x0 load address 0x080078b0
                0x10000000                        . = ALIGN (0x4)
                0x10000000                        _sccmram = .
 *(.ccmram)
 *(.ccmram*)
                0x10000000                        . = ALIGN (0x4)
                0x10000000                        _eccmram = .
                0x10000000                        . = ALIGN (0x4)

.bss            0x2000014c     0x1d50
                0x2000014c                        _sbss = .
                0x2000014c                        __bss_start__ = _sbss
 *(.bss)
 .bss           0x2000014c       0x1c C:/ST/STM32CubeIDE_1.15.0/STM32CubeIDE/plugins/com.st.stm32cube.ide.mcu.externaltools.gnu-tools-for-stm32.12.3.rel1.win32_1.0.100.202403111256/tools/bin/../lib/gcc/arm-none-eabi/12.3.1/thumb/v7e-m+fp/hard/crtbegin.o
 *(.bss*)
 .bss.__sbrk_heap_end
                0x20000168        0x4 ./Core/Src/sysmem.o
 .bss.uwTick    0x2000016c        0x4 ./Drivers/STM32F4xx_HAL_Driver/Src/stm32f4xx_hal.o
                0x2000016c                uwTick
 .bss.cfgidx.0  0x20000170        0x1 ./Middlewares/ST/STM32_USB_Device_Library/Core/Src/usbd_ctlreq.o
 *fill*         0x20000171        0x3 
 .bss.hUsbDeviceFS
                0x20000174      0x2dc ./USB_DEVICE/App/usb_device.o
                0x20000174                hUsbDeviceFS
 .bss.UserRxBufferFS
                0x20000450      0x800 ./USB_DEVICE/App/usbd_cdc_if.o
                0x20000450                UserRxBufferFS
 .bss.UserTxBufferFS
                0x20000c50      0x800 ./USB_DEVICE/App/usbd_cdc_if.o
                0x20000c50                UserTxBufferFS
 .bss.USBD_StrDesc
                0x20001450      0x200 ./USB_DEVICE/App/usbd_desc.o
                0x20001450                USBD_StrDesc
 .bss.hpcd_USB_OTG_FS
                0x20001650      0x4e4 ./USB_DEVICE/Target/usbd_conf.o
                0x20001650                hpcd_USB_OTG_FS
 .bss.mem.0     0x20001b34      0x220 ./USB_DEVICE/Target/usbd_conf.o
 .bss.__sf      0x20001d54      0x138 C:/ST/STM32CubeIDE_1.15.0/STM32CubeIDE/plugins/com.st.stm32cube.ide.mcu.externaltools.gnu-tools-for-stm32.12.3.rel1.win32_1.0.100.202403111256/tools/bin/../lib/gcc/arm-none-eabi/12.3.1/../../../../arm-none-eabi/lib/thumb/v7e-m+fp/hard\libc_nano.a(libc_a-findfp.o)
                0x20001d54                __sf
 .bss.errno     0x20001e8c        0x4 C:/ST/STM32CubeIDE_1.15.0/STM32CubeIDE/plugins/com.st.stm32cube.ide.mcu.externaltools.gnu-tools-for-stm32.12.3.rel1.win32_1.0.100.202403111256/tools/bin/../lib/gcc/arm-none-eabi/12.3.1/../../../../arm-none-eabi/lib/thumb/v7e-m+fp/hard\libc_nano.a(libc_a-reent.o)
                0x20001e8c                errno
 .bss.__lock___malloc_recursive_mutex
                0x20001e90        0x1 C:/ST/STM32CubeIDE_1.15.0/STM32CubeIDE/plugins/com.st.stm32cube.ide.mcu.externaltools.gnu-tools-for-stm32.12.3.rel1.win32_1.0.100.202403111256/tools/bin/../lib/gcc/arm-none-eabi/12.3.1/../../../../arm-none-eabi/lib/thumb/v7e-m+fp/hard\libc_nano.a(libc_a-lock.o)
                0x20001e90                __lock___malloc_recursive_mutex
 *fill*         0x20001e91        0x3 
 .bss.__malloc_sbrk_start
                0x20001e94        0x4 C:/ST/STM32CubeIDE_1.15.0/STM32CubeIDE/plugins/com.st.stm32cube.ide.mcu.externaltools.gnu-tools-for-stm32.12.3.rel1.win32_1.0.100.202403111256/tools/bin/../lib/gcc/arm-none-eabi/12.3.1/../../../../arm-none-eabi/lib/thumb/v7e-m+fp/hard\libc_nano.a(libc_a-mallocr.o)
                0x20001e94                __malloc_sbrk_start
 .bss.__malloc_free_list
                0x20001e98        0x4 C:/ST/STM32CubeIDE_1.15.0/STM32CubeIDE/plugins/com.st.stm32cube.ide.mcu.externaltools.gnu-tools-for-stm32.12.3.rel1.win32_1.0.100.202403111256/tools/bin/../lib/gcc/arm-none-eabi/12.3.1/../../../../arm-none-eabi/lib/thumb/v7e-m+fp/hard\libc_nano.a(libc_a-mallocr.o)
                0x20001e98                __malloc_free_list
 *(COMMON)
                0x20001e9c                        . = ALIGN (0x4)
                0x20001e9c                        _ebss = .
                0x20001e9c                        __bss_end__ = _ebss

._user_heap_stack
                0x20001e9c      0x604
                0x20001ea0                        . = ALIGN (0x8)
 *fill*         0x20001e9c        0x4 
                [!provide]                        PROVIDE (end = .)
                0x20001ea0                        PROVIDE (_end = .)
                0x200020a0                        . = (. + _Min_Heap_Size)
 *fill*         0x20001ea0      0x200 
                0x200024a0                        . = (. + _Min_Stack_Size)
 *fill*         0x200020a0      0x400 
                0x200024a0                        . = ALIGN (0x8)

/DISCARD/
 libc.a(*)
 libm.a(*)
 libgcc.a(*)

.ARM.attributes
                0x00000000       0x30
 *(.ARM.attributes)
 .ARM.attributes
                0x00000000       0x22 C:/ST/STM32CubeIDE_1.15.0/STM32CubeIDE/plugins/com.st.stm32cube.ide.mcu.externaltools.gnu-tools-for-stm32.12.3.rel1.win32_1.0.100.202403111256/tools/bin/../lib/gcc/arm-none-eabi/12.3.1/thumb/v7e-m+fp/hard/crti.o
 .ARM.attributes
                0x00000022       0x34 C:/ST/STM32CubeIDE_1.15.0/STM32CubeIDE/plugins/com.st.stm32cube.ide.mcu.externaltools.gnu-tools-for-stm32.12.3.rel1.win32_1.0.100.202403111256/tools/bin/../lib/gcc/arm-none-eabi/12.3.1/thumb/v7e-m+fp/hard/crtbegin.o
 .ARM.attributes
                0x00000056       0x34 ./Core/Src/main.o
 .ARM.attributes
                0x0000008a       0x34 ./Core/Src/stm32f4xx_hal_msp.o
 .ARM.attributes
                0x000000be       0x34 ./Core/Src/stm32f4xx_it.o
 .ARM.attributes
                0x000000f2       0x34 ./Core/Src/sysmem.o
 .ARM.attributes
                0x00000126       0x34 ./Core/Src/system_stm32f4xx.o
 .ARM.attributes
                0x0000015a       0x21 ./Core/Startup/startup_stm32f405rgtx.o
 .ARM.attributes
                0x0000017b       0x34 ./Drivers/STM32F4xx_HAL_Driver/Src/stm32f4xx_hal.o
 .ARM.attributes
                0x000001af       0x34 ./Drivers/STM32F4xx_HAL_Driver/Src/stm32f4xx_hal_cortex.o
 .ARM.attributes
                0x000001e3       0x34 ./Drivers/STM32F4xx_HAL_Driver/Src/stm32f4xx_hal_gpio.o
 .ARM.attributes
                0x00000217       0x34 ./Drivers/STM32F4xx_HAL_Driver/Src/stm32f4xx_hal_pcd.o
 .ARM.attributes
                0x0000024b       0x34 ./Drivers/STM32F4xx_HAL_Driver/Src/stm32f4xx_hal_pcd_ex.o
 .ARM.attributes
                0x0000027f       0x34 ./Drivers/STM32F4xx_HAL_Driver/Src/stm32f4xx_hal_rcc.o
 .ARM.attributes
                0x000002b3       0x34 ./Drivers/STM32F4xx_HAL_Driver/Src/stm32f4xx_ll_usb.o
 .ARM.attributes
                0x000002e7       0x34 ./Middlewares/ST/STM32_USB_Device_Library/Class/CDC/Src/usbd_cdc.o
 .ARM.attributes
                0x0000031b       0x34 ./Middlewares/ST/STM32_USB_Device_Library/Core/Src/usbd_core.o
 .ARM.attributes
                0x0000034f       0x34 ./Middlewares/ST/STM32_USB_Device_Library/Core/Src/usbd_ctlreq.o
 .ARM.attributes
                0x00000383       0x34 ./Middlewares/ST/STM32_USB_Device_Library/Core/Src/usbd_ioreq.o
 .ARM.attributes
                0x000003b7       0x34 ./USB_DEVICE/App/usb_device.o
 .ARM.attributes
                0x000003eb       0x34 ./USB_DEVICE/App/usbd_cdc_if.o
 .ARM.attributes
                0x0000041f       0x34 ./USB_DEVICE/App/usbd_desc.o
 .ARM.attributes
                0x00000453       0x34 ./USB_DEVICE/Target/usbd_conf.o
 .ARM.attributes
                0x00000487       0x34 C:/ST/STM32CubeIDE_1.15.0/STM32CubeIDE/plugins/com.st.stm32cube.ide.mcu.externaltools.gnu-tools-for-stm32.12.3.rel1.win32_1.0.100.202403111256/tools/bin/../lib/gcc/arm-none-eabi/12.3.1/../../../../arm-none-eabi/lib/thumb/v7e-m+fp/hard\libc_nano.a(libc_a-findfp.o)
 .ARM.attributes
                0x000004bb       0x34 C:/ST/STM32CubeIDE_1.15.0/STM32CubeIDE/plugins/com.st.stm32cube.ide.mcu.externaltools.gnu-tools-for-stm32.12.3.rel1.win32_1.0.100.202403111256/tools/bin/../lib/gcc/arm-none-eabi/12.3.1/../../../../arm-none-eabi/lib/thumb/v7e-m+fp/hard\libc_nano.a(libc_a-sprintf.o)
 .ARM.attributes
                0x000004ef       0x34 C:/ST/STM32CubeIDE_1.15.0/STM32CubeIDE/plugins/com.st.stm32cube.ide.mcu.externaltools.gnu-tools-for-stm32.12.3.rel1.win32_1.0.100.202403111256/tools/bin/../lib/gcc/arm-none-eabi/12.3.1/../../../../arm-none-eabi/lib/thumb/v7e-m+fp/hard\libc_nano.a(libc_a-memset.o)
 .ARM.attributes
                0x00000523       0x34 C:/ST/STM32CubeIDE_1.15.0/STM32CubeIDE/plugins/com.st.stm32cube.ide.mcu.externaltools.gnu-tools-for-stm32.12.3.rel1.win32_1.0.100.202403111256/tools/bin/../lib/gcc/arm-none-eabi/12.3.1/../../../../arm-none-eabi/lib/thumb/v7e-m+fp/hard\libc_nano.a(libc_a-reent.o)
 .ARM.attributes
                0x00000557       0x34 C:/ST/STM32CubeIDE_1.15.0/STM32CubeIDE/plugins/com.st.stm32cube.ide.mcu.externaltools.gnu-tools-for-stm32.12.3.rel1.win32_1.0.100.202403111256/tools/bin/../lib/gcc/arm-none-eabi/12.3.1/../../../../arm-none-eabi/lib/thumb/v7e-m+fp/hard\libc_nano.a(libc_a-impure.o)
 .ARM.attributes
                0x0000058b       0x34 C:/ST/STM32CubeIDE_1.15.0/STM32CubeIDE/plugins/com.st.stm32cube.ide.mcu.externaltools.gnu-tools-for-stm32.12.3.rel1.win32_1.0.100.202403111256/tools/bin/../lib/gcc/arm-none-eabi/12.3.1/../../../../arm-none-eabi/lib/thumb/v7e-m+fp/hard\libc_nano.a(libc_a-errno.o)
 .ARM.attributes
                0x000005bf       0x34 C:/ST/STM32CubeIDE_1.15.0/STM32CubeIDE/plugins/com.st.stm32cube.ide.mcu.externaltools.gnu-tools-for-stm32.12.3.rel1.win32_1.0.100.202403111256/tools/bin/../lib/gcc/arm-none-eabi/12.3.1/../../../../arm-none-eabi/lib/thumb/v7e-m+fp/hard\libc_nano.a(libc_a-init.o)
 .ARM.attributes
                0x000005f3       0x34 C:/ST/STM32CubeIDE_1.15.0/STM32CubeIDE/plugins/com.st.stm32cube.ide.mcu.externaltools.gnu-tools-for-stm32.12.3.rel1.win32_1.0.100.202403111256/tools/bin/../lib/gcc/arm-none-eabi/12.3.1/../../../../arm-none-eabi/lib/thumb/v7e-m+fp/hard\libc_nano.a(libc_a-lock.o)
 .ARM.attributes
                0x00000627       0x17 C:/ST/STM32CubeIDE_1.15.0/STM32CubeIDE/plugins/com.st.stm32cube.ide.mcu.externaltools.gnu-tools-for-stm32.12.3.rel1.win32_1.0.100.202403111256/tools/bin/../lib/gcc/arm-none-eabi/12.3.1/../../../../arm-none-eabi/lib/thumb/v7e-m+fp/hard\libc_nano.a(libc_a-strlen.o)
 .ARM.attributes
                0x0000063e       0x34 C:/ST/STM32CubeIDE_1.15.0/STM32CubeIDE/plugins/com.st.stm32cube.ide.mcu.externaltools.gnu-tools-for-stm32.12.3.rel1.win32_1.0.100.202403111256/tools/bin/../lib/gcc/arm-none-eabi/12.3.1/../../../../arm-none-eabi/lib/thumb/v7e-m+fp/hard\libc_nano.a(libc_a-freer.o)
 .ARM.attributes
                0x00000672       0x34 C:/ST/STM32CubeIDE_1.15.0/STM32CubeIDE/plugins/com.st.stm32cube.ide.mcu.externaltools.gnu-tools-for-stm32.12.3.rel1.win32_1.0.100.202403111256/tools/bin/../lib/gcc/arm-none-eabi/12.3.1/../../../../arm-none-eabi/lib/thumb/v7e-m+fp/hard\libc_nano.a(libc_a-mallocr.o)
 .ARM.attributes
                0x000006a6       0x34 C:/ST/STM32CubeIDE_1.15.0/STM32CubeIDE/plugins/com.st.stm32cube.ide.mcu.externaltools.gnu-tools-for-stm32.12.3.rel1.win32_1.0.100.202403111256/tools/bin/../lib/gcc/arm-none-eabi/12.3.1/../../../../arm-none-eabi/lib/thumb/v7e-m+fp/hard\libc_nano.a(libc_a-mlock.o)
 .ARM.attributes
                0x000006da       0x34 C:/ST/STM32CubeIDE_1.15.0/STM32CubeIDE/plugins/com.st.stm32cube.ide.mcu.externaltools.gnu-tools-for-stm32.12.3.rel1.win32_1.0.100.202403111256/tools/bin/../lib/gcc/arm-none-eabi/12.3.1/../../../../arm-none-eabi/lib/thumb/v7e-m+fp/hard\libc_nano.a(libc_a-nano-svfprintf.o)
 .ARM.attributes
                0x0000070e       0x34 C:/ST/STM32CubeIDE_1.15.0/STM32CubeIDE/plugins/com.st.stm32cube.ide.mcu.externaltools.gnu-tools-for-stm32.12.3.rel1.win32_1.0.100.202403111256/tools/bin/../lib/gcc/arm-none-eabi/12.3.1/../../../../arm-none-eabi/lib/thumb/v7e-m+fp/hard\libc_nano.a(libc_a-nano-vfprintf_i.o)
 .ARM.attributes
                0x00000742       0x34 C:/ST/STM32CubeIDE_1.15.0/STM32CubeIDE/plugins/com.st.stm32cube.ide.mcu.externaltools.gnu-tools-for-stm32.12.3.rel1.win32_1.0.100.202403111256/tools/bin/../lib/gcc/arm-none-eabi/12.3.1/../../../../arm-none-eabi/lib/thumb/v7e-m+fp/hard\libc_nano.a(libc_a-memmove.o)
 .ARM.attributes
                0x00000776       0x34 C:/ST/STM32CubeIDE_1.15.0/STM32CubeIDE/plugins/com.st.stm32cube.ide.mcu.externaltools.gnu-tools-for-stm32.12.3.rel1.win32_1.0.100.202403111256/tools/bin/../lib/gcc/arm-none-eabi/12.3.1/../../../../arm-none-eabi/lib/thumb/v7e-m+fp/hard\libc_nano.a(libc_a-sbrkr.o)
 .ARM.attributes
                0x000007aa       0x1c C:/ST/STM32CubeIDE_1.15.0/STM32CubeIDE/plugins/com.st.stm32cube.ide.mcu.externaltools.gnu-tools-for-stm32.12.3.rel1.win32_1.0.100.202403111256/tools/bin/../lib/gcc/arm-none-eabi/12.3.1/../../../../arm-none-eabi/lib/thumb/v7e-m+fp/hard\libc_nano.a(libc_a-memchr.o)
 .ARM.attributes
                0x000007c6       0x34 C:/ST/STM32CubeIDE_1.15.0/STM32CubeIDE/plugins/com.st.stm32cube.ide.mcu.externaltools.gnu-tools-for-stm32.12.3.rel1.win32_1.0.100.202403111256/tools/bin/../lib/gcc/arm-none-eabi/12.3.1/../../../../arm-none-eabi/lib/thumb/v7e-m+fp/hard\libc_nano.a(libc_a-memcpy-stub.o)
 .ARM.attributes
                0x000007fa       0x34 C:/ST/STM32CubeIDE_1.15.0/STM32CubeIDE/plugins/com.st.stm32cube.ide.mcu.externaltools.gnu-tools-for-stm32.12.3.rel1.win32_1.0.100.202403111256/tools/bin/../lib/gcc/arm-none-eabi/12.3.1/../../../../arm-none-eabi/lib/thumb/v7e-m+fp/hard\libc_nano.a(libc_a-reallocr.o)
 .ARM.attributes
                0x0000082e       0x34 C:/ST/STM32CubeIDE_1.15.0/STM32CubeIDE/plugins/com.st.stm32cube.ide.mcu.externaltools.gnu-tools-for-stm32.12.3.rel1.win32_1.0.100.202403111256/tools/bin/../lib/gcc/arm-none-eabi/12.3.1/../../../../arm-none-eabi/lib/thumb/v7e-m+fp/hard\libc_nano.a(libc_a-msizer.o)
 .ARM.attributes
                0x00000862       0x22 C:/ST/STM32CubeIDE_1.15.0/STM32CubeIDE/plugins/com.st.stm32cube.ide.mcu.externaltools.gnu-tools-for-stm32.12.3.rel1.win32_1.0.100.202403111256/tools/bin/../lib/gcc/arm-none-eabi/12.3.1/thumb/v7e-m+fp/hard\libgcc.a(_aeabi_uldivmod.o)
 .ARM.attributes
                0x00000884       0x34 C:/ST/STM32CubeIDE_1.15.0/STM32CubeIDE/plugins/com.st.stm32cube.ide.mcu.externaltools.gnu-tools-for-stm32.12.3.rel1.win32_1.0.100.202403111256/tools/bin/../lib/gcc/arm-none-eabi/12.3.1/thumb/v7e-m+fp/hard\libgcc.a(_udivmoddi4.o)
 .ARM.attributes
                0x000008b8       0x22 C:/ST/STM32CubeIDE_1.15.0/STM32CubeIDE/plugins/com.st.stm32cube.ide.mcu.externaltools.gnu-tools-for-stm32.12.3.rel1.win32_1.0.100.202403111256/tools/bin/../lib/gcc/arm-none-eabi/12.3.1/thumb/v7e-m+fp/hard\libgcc.a(_dvmd_tls.o)
 .ARM.attributes
                0x000008da       0x22 C:/ST/STM32CubeIDE_1.15.0/STM32CubeIDE/plugins/com.st.stm32cube.ide.mcu.externaltools.gnu-tools-for-stm32.12.3.rel1.win32_1.0.100.202403111256/tools/bin/../lib/gcc/arm-none-eabi/12.3.1/thumb/v7e-m+fp/hard/crtn.o
OUTPUT(test_board_usb_test.elf elf32-littlearm)
LOAD linker stubs
LOAD C:/ST/STM32CubeIDE_1.15.0/STM32CubeIDE/plugins/com.st.stm32cube.ide.mcu.externaltools.gnu-tools-for-stm32.12.3.rel1.win32_1.0.100.202403111256/tools/bin/../lib/gcc/arm-none-eabi/12.3.1/../../../../arm-none-eabi/lib/thumb/v7e-m+fp/hard\libc.a
LOAD C:/ST/STM32CubeIDE_1.15.0/STM32CubeIDE/plugins/com.st.stm32cube.ide.mcu.externaltools.gnu-tools-for-stm32.12.3.rel1.win32_1.0.100.202403111256/tools/bin/../lib/gcc/arm-none-eabi/12.3.1/../../../../arm-none-eabi/lib/thumb/v7e-m+fp/hard\libm.a
LOAD C:/ST/STM32CubeIDE_1.15.0/STM32CubeIDE/plugins/com.st.stm32cube.ide.mcu.externaltools.gnu-tools-for-stm32.12.3.rel1.win32_1.0.100.202403111256/tools/bin/../lib/gcc/arm-none-eabi/12.3.1/thumb/v7e-m+fp/hard\libgcc.a

.debug_info     0x00000000     0xd5d2
 .debug_info    0x00000000      0x73c ./Core/Src/main.o
 .debug_info    0x0000073c      0x269 ./Core/Src/stm32f4xx_hal_msp.o
 .debug_info    0x000009a5      0x627 ./Core/Src/stm32f4xx_it.o
 .debug_info    0x00000fcc      0x168 ./Core/Src/sysmem.o
 .debug_info    0x00001134      0x512 ./Core/Src/system_stm32f4xx.o
 .debug_info    0x00001646       0x30 ./Core/Startup/startup_stm32f405rgtx.o
 .debug_info    0x00001676      0x932 ./Drivers/STM32F4xx_HAL_Driver/Src/stm32f4xx_hal.o
 .debug_info    0x00001fa8      0xd45 ./Drivers/STM32F4xx_HAL_Driver/Src/stm32f4xx_hal_cortex.o
 .debug_info    0x00002ced      0x6c3 ./Drivers/STM32F4xx_HAL_Driver/Src/stm32f4xx_hal_gpio.o
 .debug_info    0x000033b0     0x156f ./Drivers/STM32F4xx_HAL_Driver/Src/stm32f4xx_hal_pcd.o
 .debug_info    0x0000491f      0x6ea ./Drivers/STM32F4xx_HAL_Driver/Src/stm32f4xx_hal_pcd_ex.o
 .debug_info    0x00005009      0x8b1 ./Drivers/STM32F4xx_HAL_Driver/Src/stm32f4xx_hal_rcc.o
 .debug_info    0x000058ba     0x1993 ./Drivers/STM32F4xx_HAL_Driver/Src/stm32f4xx_ll_usb.o
 .debug_info    0x0000724d     0x12a3 ./Middlewares/ST/STM32_USB_Device_Library/Class/CDC/Src/usbd_cdc.o
 .debug_info    0x000084f0      0xe05 ./Middlewares/ST/STM32_USB_Device_Library/Core/Src/usbd_core.o
 .debug_info    0x000092f5      0xade ./Middlewares/ST/STM32_USB_Device_Library/Core/Src/usbd_ctlreq.o
 .debug_info    0x00009dd3      0x755 ./Middlewares/ST/STM32_USB_Device_Library/Core/Src/usbd_ioreq.o
 .debug_info    0x0000a528      0x701 ./USB_DEVICE/App/usb_device.o
 .debug_info    0x0000ac29      0x8fa ./USB_DEVICE/App/usbd_cdc_if.o
 .debug_info    0x0000b523      0x458 ./USB_DEVICE/App/usbd_desc.o
 .debug_info    0x0000b97b     0x1c57 ./USB_DEVICE/Target/usbd_conf.o

.debug_abbrev   0x00000000     0x2a74
 .debug_abbrev  0x00000000      0x249 ./Core/Src/main.o
 .debug_abbrev  0x00000249       0xd8 ./Core/Src/stm32f4xx_hal_msp.o
 .debug_abbrev  0x00000321      0x1a4 ./Core/Src/stm32f4xx_it.o
 .debug_abbrev  0x000004c5       0xbc ./Core/Src/sysmem.o
 .debug_abbrev  0x00000581      0x11a ./Core/Src/system_stm32f4xx.o
 .debug_abbrev  0x0000069b       0x24 ./Core/Startup/startup_stm32f405rgtx.o
 .debug_abbrev  0x000006bf      0x214 ./Drivers/STM32F4xx_HAL_Driver/Src/stm32f4xx_hal.o
 .debug_abbrev  0x000008d3      0x328 ./Drivers/STM32F4xx_HAL_Driver/Src/stm32f4xx_hal_cortex.o
 .debug_abbrev  0x00000bfb      0x1d4 ./Drivers/STM32F4xx_HAL_Driver/Src/stm32f4xx_hal_gpio.o
 .debug_abbrev  0x00000dcf      0x2b9 ./Drivers/STM32F4xx_HAL_Driver/Src/stm32f4xx_hal_pcd.o
 .debug_abbrev  0x00001088      0x1da ./Drivers/STM32F4xx_HAL_Driver/Src/stm32f4xx_hal_pcd_ex.o
 .debug_abbrev  0x00001262      0x2b6 ./Drivers/STM32F4xx_HAL_Driver/Src/stm32f4xx_hal_rcc.o
 .debug_abbrev  0x00001518      0x2b3 ./Drivers/STM32F4xx_HAL_Driver/Src/stm32f4xx_ll_usb.o
 .debug_abbrev  0x000017cb      0x2d2 ./Middlewares/ST/STM32_USB_Device_Library/Class/CDC/Src/usbd_cdc.o
 .debug_abbrev  0x00001a9d      0x27c ./Middlewares/ST/STM32_USB_Device_Library/Core/Src/usbd_core.o
 .debug_abbrev  0x00001d19      0x26f ./Middlewares/ST/STM32_USB_Device_Library/Core/Src/usbd_ctlreq.o
 .debug_abbrev  0x00001f88      0x19a ./Middlewares/ST/STM32_USB_Device_Library/Core/Src/usbd_ioreq.o
 .debug_abbrev  0x00002122      0x195 ./USB_DEVICE/App/usb_device.o
 .debug_abbrev  0x000022b7      0x29d ./USB_DEVICE/App/usbd_cdc_if.o
 .debug_abbrev  0x00002554      0x1e1 ./USB_DEVICE/App/usbd_desc.o
 .debug_abbrev  0x00002735      0x33f ./USB_DEVICE/Target/usbd_conf.o

.debug_aranges  0x00000000      0xb60
 .debug_aranges
                0x00000000       0x38 ./Core/Src/main.o
 .debug_aranges
                0x00000038       0x20 ./Core/Src/stm32f4xx_hal_msp.o
 .debug_aranges
                0x00000058       0x68 ./Core/Src/stm32f4xx_it.o
 .debug_aranges
                0x000000c0       0x20 ./Core/Src/sysmem.o
 .debug_aranges
                0x000000e0       0x28 ./Core/Src/system_stm32f4xx.o
 .debug_aranges
                0x00000108       0x28 ./Core/Startup/startup_stm32f405rgtx.o
 .debug_aranges
                0x00000130       0xf0 ./Drivers/STM32F4xx_HAL_Driver/Src/stm32f4xx_hal.o
 .debug_aranges
                0x00000220      0x120 ./Drivers/STM32F4xx_HAL_Driver/Src/stm32f4xx_hal_cortex.o
 .debug_aranges
                0x00000340       0x58 ./Drivers/STM32F4xx_HAL_Driver/Src/stm32f4xx_hal_gpio.o
 .debug_aranges
                0x00000398      0x148 ./Drivers/STM32F4xx_HAL_Driver/Src/stm32f4xx_hal_pcd.o
 .debug_aranges
                0x000004e0       0x38 ./Drivers/STM32F4xx_HAL_Driver/Src/stm32f4xx_hal_pcd_ex.o
 .debug_aranges
                0x00000518       0x88 ./Drivers/STM32F4xx_HAL_Driver/Src/stm32f4xx_hal_rcc.o
 .debug_aranges
                0x000005a0      0x1a0 ./Drivers/STM32F4xx_HAL_Driver/Src/stm32f4xx_ll_usb.o
 .debug_aranges
                0x00000740       0x90 ./Middlewares/ST/STM32_USB_Device_Library/Class/CDC/Src/usbd_cdc.o
 .debug_aranges
                0x000007d0       0xd8 ./Middlewares/ST/STM32_USB_Device_Library/Core/Src/usbd_core.o
 .debug_aranges
                0x000008a8       0x90 ./Middlewares/ST/STM32_USB_Device_Library/Core/Src/usbd_ctlreq.o
 .debug_aranges
                0x00000938       0x50 ./Middlewares/ST/STM32_USB_Device_Library/Core/Src/usbd_ioreq.o
 .debug_aranges
                0x00000988       0x20 ./USB_DEVICE/App/usb_device.o
 .debug_aranges
                0x000009a8       0x48 ./USB_DEVICE/App/usbd_cdc_if.o
 .debug_aranges
                0x000009f0       0x60 ./USB_DEVICE/App/usbd_desc.o
 .debug_aranges
                0x00000a50      0x110 ./USB_DEVICE/Target/usbd_conf.o

.debug_rnglists
                0x00000000      0x85b
 .debug_rnglists
                0x00000000       0x27 ./Core/Src/main.o
 .debug_rnglists
                0x00000027       0x13 ./Core/Src/stm32f4xx_hal_msp.o
 .debug_rnglists
                0x0000003a       0x49 ./Core/Src/stm32f4xx_it.o
 .debug_rnglists
                0x00000083       0x13 ./Core/Src/sysmem.o
 .debug_rnglists
                0x00000096       0x1a ./Core/Src/system_stm32f4xx.o
 .debug_rnglists
                0x000000b0       0x19 ./Core/Startup/startup_stm32f405rgtx.o
 .debug_rnglists
                0x000000c9       0xaf ./Drivers/STM32F4xx_HAL_Driver/Src/stm32f4xx_hal.o
 .debug_rnglists
                0x00000178       0xd4 ./Drivers/STM32F4xx_HAL_Driver/Src/stm32f4xx_hal_cortex.o
 .debug_rnglists
                0x0000024c       0x3f ./Drivers/STM32F4xx_HAL_Driver/Src/stm32f4xx_hal_gpio.o
 .debug_rnglists
                0x0000028b       0xfa ./Drivers/STM32F4xx_HAL_Driver/Src/stm32f4xx_hal_pcd.o
 .debug_rnglists
                0x00000385       0x26 ./Drivers/STM32F4xx_HAL_Driver/Src/stm32f4xx_hal_pcd_ex.o
 .debug_rnglists
                0x000003ab       0x66 ./Drivers/STM32F4xx_HAL_Driver/Src/stm32f4xx_hal_rcc.o
 .debug_rnglists
                0x00000411      0x147 ./Drivers/STM32F4xx_HAL_Driver/Src/stm32f4xx_ll_usb.o
 .debug_rnglists
                0x00000558       0x6c ./Middlewares/ST/STM32_USB_Device_Library/Class/CDC/Src/usbd_cdc.o
 .debug_rnglists
                0x000005c4       0xa1 ./Middlewares/ST/STM32_USB_Device_Library/Core/Src/usbd_core.o
 .debug_rnglists
                0x00000665       0x6e ./Middlewares/ST/STM32_USB_Device_Library/Core/Src/usbd_ctlreq.o
 .debug_rnglists
                0x000006d3       0x37 ./Middlewares/ST/STM32_USB_Device_Library/Core/Src/usbd_ioreq.o
 .debug_rnglists
                0x0000070a       0x13 ./USB_DEVICE/App/usb_device.o
 .debug_rnglists
                0x0000071d       0x32 ./USB_DEVICE/App/usbd_cdc_if.o
 .debug_rnglists
                0x0000074f       0x43 ./USB_DEVICE/App/usbd_desc.o
 .debug_rnglists
                0x00000792       0xc9 ./USB_DEVICE/Target/usbd_conf.o

.debug_macro    0x00000000    0x20ce6
 .debug_macro   0x00000000      0x391 ./Core/Src/main.o
 .debug_macro   0x00000391      0xab4 ./Core/Src/main.o
 .debug_macro   0x00000e45      0x295 ./Core/Src/main.o
 .debug_macro   0x000010da       0x2e ./Core/Src/main.o
 .debug_macro   0x00001108       0x2f ./Core/Src/main.o
 .debug_macro   0x00001137       0x22 ./Core/Src/main.o
 .debug_macro   0x00001159       0x8e ./Core/Src/main.o
 .debug_macro   0x000011e7       0x51 ./Core/Src/main.o
 .debug_macro   0x00001238      0x103 ./Core/Src/main.o
 .debug_macro   0x0000133b       0x6a ./Core/Src/main.o
 .debug_macro   0x000013a5      0x1df ./Core/Src/main.o
 .debug_macro   0x00001584       0x1c ./Core/Src/main.o
 .debug_macro   0x000015a0       0x22 ./Core/Src/main.o
 .debug_macro   0x000015c2       0xfb ./Core/Src/main.o
 .debug_macro   0x000016bd     0x1011 ./Core/Src/main.o
 .debug_macro   0x000026ce      0x11f ./Core/Src/main.o
 .debug_macro   0x000027ed    0x1426d ./Core/Src/main.o
 .debug_macro   0x00016a5a       0x6d ./Core/Src/main.o
 .debug_macro   0x00016ac7     0x368c ./Core/Src/main.o
 .debug_macro   0x0001a153      0x189 ./Core/Src/main.o
 .debug_macro   0x0001a2dc       0x5c ./Core/Src/main.o
 .debug_macro   0x0001a338      0x8bc ./Core/Src/main.o
 .debug_macro   0x0001abf4      0x9e9 ./Core/Src/main.o
 .debug_macro   0x0001b5dd      0x115 ./Core/Src/main.o
 .debug_macro   0x0001b6f2      0x130 ./Core/Src/main.o
 .debug_macro   0x0001b822       0xa5 ./Core/Src/main.o
 .debug_macro   0x0001b8c7      0x174 ./Core/Src/main.o
 .debug_macro   0x0001ba3b      0x287 ./Core/Src/main.o
 .debug_macro   0x0001bcc2       0x5f ./Core/Src/main.o
 .debug_macro   0x0001bd21      0x236 ./Core/Src/main.o
 .debug_macro   0x0001bf57      0x12c ./Core/Src/main.o
 .debug_macro   0x0001c083      0x21e ./Core/Src/main.o
 .debug_macro   0x0001c2a1       0x2e ./Core/Src/main.o
 .debug_macro   0x0001c2cf      0x127 ./Core/Src/main.o
 .debug_macro   0x0001c3f6       0x7e ./Core/Src/main.o
 .debug_macro   0x0001c474       0x89 ./Core/Src/main.o
 .debug_macro   0x0001c4fd      0x293 ./Core/Src/main.o
 .debug_macro   0x0001c790       0xba ./Core/Src/main.o
 .debug_macro   0x0001c84a      0x12d ./Core/Src/main.o
 .debug_macro   0x0001c977       0x10 ./Core/Src/main.o
 .debug_macro   0x0001c987       0x61 ./Core/Src/main.o
 .debug_macro   0x0001c9e8       0x2a ./Core/Src/main.o
 .debug_macro   0x0001ca12       0x43 ./Core/Src/main.o
 .debug_macro   0x0001ca55       0x34 ./Core/Src/main.o
 .debug_macro   0x0001ca89       0x16 ./Core/Src/main.o
 .debug_macro   0x0001ca9f       0x35 ./Core/Src/main.o
 .debug_macro   0x0001cad4      0x369 ./Core/Src/main.o
 .debug_macro   0x0001ce3d       0x10 ./Core/Src/main.o
 .debug_macro   0x0001ce4d       0x16 ./Core/Src/main.o
 .debug_macro   0x0001ce63       0x43 ./Core/Src/main.o
 .debug_macro   0x0001cea6       0x34 ./Core/Src/main.o
 .debug_macro   0x0001ceda       0x10 ./Core/Src/main.o
 .debug_macro   0x0001ceea       0x58 ./Core/Src/main.o
 .debug_macro   0x0001cf42       0x8e ./Core/Src/main.o
 .debug_macro   0x0001cfd0       0x1c ./Core/Src/main.o
 .debug_macro   0x0001cfec      0x177 ./Core/Src/main.o
 .debug_macro   0x0001d163       0x16 ./Core/Src/main.o
 .debug_macro   0x0001d179       0x16 ./Core/Src/main.o
 .debug_macro   0x0001d18f      0x146 ./Core/Src/main.o
 .debug_macro   0x0001d2d5       0x16 ./Core/Src/main.o
 .debug_macro   0x0001d2eb       0x16 ./Core/Src/main.o
 .debug_macro   0x0001d301       0x29 ./Core/Src/main.o
 .debug_macro   0x0001d32a       0x16 ./Core/Src/main.o
 .debug_macro   0x0001d340       0x20 ./Core/Src/main.o
 .debug_macro   0x0001d360       0x65 ./Core/Src/main.o
 .debug_macro   0x0001d3c5      0x20f ./Core/Src/main.o
 .debug_macro   0x0001d5d4       0x95 ./Core/Src/main.o
 .debug_macro   0x0001d669       0x10 ./Core/Src/main.o
 .debug_macro   0x0001d679      0x1e3 ./Core/Src/stm32f4xx_hal_msp.o
 .debug_macro   0x0001d85c      0x1ed ./Core/Src/stm32f4xx_it.o
 .debug_macro   0x0001da49       0xff ./Core/Src/sysmem.o
 .debug_macro   0x0001db48      0x23c ./Core/Src/sysmem.o
 .debug_macro   0x0001dd84      0x1d4 ./Core/Src/system_stm32f4xx.o
 .debug_macro   0x0001df58      0x234 ./Drivers/STM32F4xx_HAL_Driver/Src/stm32f4xx_hal.o
 .debug_macro   0x0001e18c      0x1d4 ./Drivers/STM32F4xx_HAL_Driver/Src/stm32f4xx_hal_cortex.o
 .debug_macro   0x0001e360      0x1da ./Drivers/STM32F4xx_HAL_Driver/Src/stm32f4xx_hal_gpio.o
 .debug_macro   0x0001e53a      0x1e0 ./Drivers/STM32F4xx_HAL_Driver/Src/stm32f4xx_hal_pcd.o
 .debug_macro   0x0001e71a      0x1d4 ./Drivers/STM32F4xx_HAL_Driver/Src/stm32f4xx_hal_pcd_ex.o
 .debug_macro   0x0001e8ee      0x1f8 ./Drivers/STM32F4xx_HAL_Driver/Src/stm32f4xx_hal_rcc.o
 .debug_macro   0x0001eae6      0x1d4 ./Drivers/STM32F4xx_HAL_Driver/Src/stm32f4xx_ll_usb.o
 .debug_macro   0x0001ecba      0x372 ./Middlewares/ST/STM32_USB_Device_Library/Class/CDC/Src/usbd_cdc.o
 .debug_macro   0x0001f02c       0x9e ./Middlewares/ST/STM32_USB_Device_Library/Class/CDC/Src/usbd_cdc.o
 .debug_macro   0x0001f0ca      0x10b ./Middlewares/ST/STM32_USB_Device_Library/Class/CDC/Src/usbd_cdc.o
 .debug_macro   0x0001f1d5       0x56 ./Middlewares/ST/STM32_USB_Device_Library/Class/CDC/Src/usbd_cdc.o
 .debug_macro   0x0001f22b      0x359 ./Middlewares/ST/STM32_USB_Device_Library/Core/Src/usbd_core.o
 .debug_macro   0x0001f584      0x215 ./Middlewares/ST/STM32_USB_Device_Library/Core/Src/usbd_core.o
 .debug_macro   0x0001f799      0x363 ./Middlewares/ST/STM32_USB_Device_Library/Core/Src/usbd_ctlreq.o
 .debug_macro   0x0001fafc      0x35f ./Middlewares/ST/STM32_USB_Device_Library/Core/Src/usbd_ioreq.o
 .debug_macro   0x0001fe5b      0x392 ./USB_DEVICE/App/usb_device.o
 .debug_macro   0x000201ed       0x16 ./USB_DEVICE/App/usb_device.o
 .debug_macro   0x00020203       0x22 ./USB_DEVICE/App/usb_device.o
 .debug_macro   0x00020225       0x16 ./USB_DEVICE/App/usb_device.o
 .debug_macro   0x0002023b      0x37d ./USB_DEVICE/App/usbd_cdc_if.o
 .debug_macro   0x000205b8      0x39c ./USB_DEVICE/App/usbd_desc.o
 .debug_macro   0x00020954       0x1c ./USB_DEVICE/App/usbd_desc.o
 .debug_macro   0x00020970      0x376 ./USB_DEVICE/Target/usbd_conf.o

.debug_line     0x00000000     0xfb37
 .debug_line    0x00000000      0xac1 ./Core/Src/main.o
 .debug_line    0x00000ac1      0x74c ./Core/Src/stm32f4xx_hal_msp.o
 .debug_line    0x0000120d      0x827 ./Core/Src/stm32f4xx_it.o
 .debug_line    0x00001a34      0x583 ./Core/Src/sysmem.o
 .debug_line    0x00001fb7      0x7d1 ./Core/Src/system_stm32f4xx.o
 .debug_line    0x00002788       0x7a ./Core/Startup/startup_stm32f405rgtx.o
 .debug_line    0x00002802      0xa3a ./Drivers/STM32F4xx_HAL_Driver/Src/stm32f4xx_hal.o
 .debug_line    0x0000323c      0xd02 ./Drivers/STM32F4xx_HAL_Driver/Src/stm32f4xx_hal_cortex.o
 .debug_line    0x00003f3e      0xbc6 ./Drivers/STM32F4xx_HAL_Driver/Src/stm32f4xx_hal_gpio.o
 .debug_line    0x00004b04     0x1520 ./Drivers/STM32F4xx_HAL_Driver/Src/stm32f4xx_hal_pcd.o
 .debug_line    0x00006024      0x817 ./Drivers/STM32F4xx_HAL_Driver/Src/stm32f4xx_hal_pcd_ex.o
 .debug_line    0x0000683b      0xdad ./Drivers/STM32F4xx_HAL_Driver/Src/stm32f4xx_hal_rcc.o
 .debug_line    0x000075e8     0x1e09 ./Drivers/STM32F4xx_HAL_Driver/Src/stm32f4xx_ll_usb.o
 .debug_line    0x000093f1      0xed2 ./Middlewares/ST/STM32_USB_Device_Library/Class/CDC/Src/usbd_cdc.o
 .debug_line    0x0000a2c3      0xf4c ./Middlewares/ST/STM32_USB_Device_Library/Core/Src/usbd_core.o
 .debug_line    0x0000b20f     0x1125 ./Middlewares/ST/STM32_USB_Device_Library/Core/Src/usbd_ctlreq.o
 .debug_line    0x0000c334      0xa66 ./Middlewares/ST/STM32_USB_Device_Library/Core/Src/usbd_ioreq.o
 .debug_line    0x0000cd9a      0xa22 ./USB_DEVICE/App/usb_device.o
 .debug_line    0x0000d7bc      0xa85 ./USB_DEVICE/App/usbd_cdc_if.o
 .debug_line    0x0000e241      0xaeb ./USB_DEVICE/App/usbd_desc.o
 .debug_line    0x0000ed2c      0xe0b ./USB_DEVICE/Target/usbd_conf.o

.debug_str      0x00000000    0xb9608
 .debug_str     0x00000000    0xb5ba8 ./Core/Src/main.o
                              0xb5ea8 (size before relaxing)
 .debug_str     0x000b5ba8       0x2c ./Core/Src/stm32f4xx_hal_msp.o
                              0xb15b4 (size before relaxing)
 .debug_str     0x000b5bd4      0x49b ./Core/Src/stm32f4xx_it.o
                              0xb196d (size before relaxing)
 .debug_str     0x000b606f      0x4dc ./Core/Src/sysmem.o
                               0x60d8 (size before relaxing)
 .debug_str     0x000b654b       0xdb ./Core/Src/system_stm32f4xx.o
                              0xb162c (size before relaxing)
 .debug_str     0x000b6626       0x44 ./Core/Startup/startup_stm32f405rgtx.o
                                 0x8b (size before relaxing)
 .debug_str     0x000b666a      0xadc ./Drivers/STM32F4xx_HAL_Driver/Src/stm32f4xx_hal.o