../Core/Src/main.c:97:6:HAL_GPIO_EXTI_Callback	16	static
../Core/Src/main.c:105:6:HAL_SPI_TxRxCpltCallback	16	static
../Core/Src/main.c:111:6:sendStringOverUSB	24	static
../Core/Src/main.c:123:5:main	8	static
../Core/Src/main.c:244:6:SystemClock_Config	88	static
../Core/Src/main.c:290:13:MX_SPI2_Init	8	static
../Core/Src/main.c:328:13:MX_GPIO_Init	48	static
../Core/Src/main.c:385:6:StartDefaultTask	16	static
../Core/Src/main.c:406:6:StartTask02	16	static
../Core/Src/main.c:439:6:HAL_TIM_PeriodElapsedCallback	16	static
../Core/Src/main.c:456:6:Error_Handler	4	static,ignoring_inline_asm
