Archive member included to satisfy reference by file (symbol)

C:/ST/STM32CubeIDE_1.15.0/STM32CubeIDE/plugins/com.st.stm32cube.ide.mcu.externaltools.gnu-tools-for-stm32.12.3.rel1.win32_1.0.100.202403111256/tools/bin/../lib/gcc/arm-none-eabi/12.3.1/../../../../arm-none-eabi/lib/thumb/v7e-m+fp/hard\libc_nano.a(libc_a-exit.o)
                              C:/ST/STM32CubeIDE_1.15.0/STM32CubeIDE/plugins/com.st.stm32cube.ide.mcu.externaltools.gnu-tools-for-stm32.12.3.rel1.win32_1.0.100.202403111256/tools/bin/../lib/gcc/arm-none-eabi/12.3.1/../../../../arm-none-eabi/lib/thumb/v7e-m+fp/hard/crt0.o (exit)
C:/ST/STM32CubeIDE_1.15.0/STM32CubeIDE/plugins/com.st.stm32cube.ide.mcu.externaltools.gnu-tools-for-stm32.12.3.rel1.win32_1.0.100.202403111256/tools/bin/../lib/gcc/arm-none-eabi/12.3.1/../../../../arm-none-eabi/lib/thumb/v7e-m+fp/hard\libc_nano.a(libc_a-nano-vfprintf_float.o)
                              (_printf_float)
C:/ST/STM32CubeIDE_1.15.0/STM32CubeIDE/plugins/com.st.stm32cube.ide.mcu.externaltools.gnu-tools-for-stm32.12.3.rel1.win32_1.0.100.202403111256/tools/bin/../lib/gcc/arm-none-eabi/12.3.1/../../../../arm-none-eabi/lib/thumb/v7e-m+fp/hard\libc_nano.a(libc_a-nano-vfprintf_i.o)
                              C:/ST/STM32CubeIDE_1.15.0/STM32CubeIDE/plugins/com.st.stm32cube.ide.mcu.externaltools.gnu-tools-for-stm32.12.3.rel1.win32_1.0.100.202403111256/tools/bin/../lib/gcc/arm-none-eabi/12.3.1/../../../../arm-none-eabi/lib/thumb/v7e-m+fp/hard\libc_nano.a(libc_a-nano-vfprintf_float.o) (_printf_common)
C:/ST/STM32CubeIDE_1.15.0/STM32CubeIDE/plugins/com.st.stm32cube.ide.mcu.externaltools.gnu-tools-for-stm32.12.3.rel1.win32_1.0.100.202403111256/tools/bin/../lib/gcc/arm-none-eabi/12.3.1/../../../../arm-none-eabi/lib/thumb/v7e-m+fp/hard\libc_nano.a(libc_a-findfp.o)
                              ./Middlewares/Third_Party/FreeRTOS/Source/tasks.o (__sf)
C:/ST/STM32CubeIDE_1.15.0/STM32CubeIDE/plugins/com.st.stm32cube.ide.mcu.externaltools.gnu-tools-for-stm32.12.3.rel1.win32_1.0.100.202403111256/tools/bin/../lib/gcc/arm-none-eabi/12.3.1/../../../../arm-none-eabi/lib/thumb/v7e-m+fp/hard\libc_nano.a(libc_a-fwalk.o)
                              C:/ST/STM32CubeIDE_1.15.0/STM32CubeIDE/plugins/com.st.stm32cube.ide.mcu.externaltools.gnu-tools-for-stm32.12.3.rel1.win32_1.0.100.202403111256/tools/bin/../lib/gcc/arm-none-eabi/12.3.1/../../../../arm-none-eabi/lib/thumb/v7e-m+fp/hard\libc_nano.a(libc_a-findfp.o) (_fwalk_sglue)
C:/ST/STM32CubeIDE_1.15.0/STM32CubeIDE/plugins/com.st.stm32cube.ide.mcu.externaltools.gnu-tools-for-stm32.12.3.rel1.win32_1.0.100.202403111256/tools/bin/../lib/gcc/arm-none-eabi/12.3.1/../../../../arm-none-eabi/lib/thumb/v7e-m+fp/hard\libc_nano.a(libc_a-printf.o)
                              ./Core/Src/BNO080.o (printf)
C:/ST/STM32CubeIDE_1.15.0/STM32CubeIDE/plugins/com.st.stm32cube.ide.mcu.externaltools.gnu-tools-for-stm32.12.3.rel1.win32_1.0.100.202403111256/tools/bin/../lib/gcc/arm-none-eabi/12.3.1/../../../../arm-none-eabi/lib/thumb/v7e-m+fp/hard\libc_nano.a(libc_a-puts.o)
                              ./Core/Src/BNO080.o (puts)
C:/ST/STM32CubeIDE_1.15.0/STM32CubeIDE/plugins/com.st.stm32cube.ide.mcu.externaltools.gnu-tools-for-stm32.12.3.rel1.win32_1.0.100.202403111256/tools/bin/../lib/gcc/arm-none-eabi/12.3.1/../../../../arm-none-eabi/lib/thumb/v7e-m+fp/hard\libc_nano.a(libc_a-sprintf.o)
                              ./Core/Src/main.o (sprintf)
C:/ST/STM32CubeIDE_1.15.0/STM32CubeIDE/plugins/com.st.stm32cube.ide.mcu.externaltools.gnu-tools-for-stm32.12.3.rel1.win32_1.0.100.202403111256/tools/bin/../lib/gcc/arm-none-eabi/12.3.1/../../../../arm-none-eabi/lib/thumb/v7e-m+fp/hard\libc_nano.a(libc_a-stdio.o)
                              C:/ST/STM32CubeIDE_1.15.0/STM32CubeIDE/plugins/com.st.stm32cube.ide.mcu.externaltools.gnu-tools-for-stm32.12.3.rel1.win32_1.0.100.202403111256/tools/bin/../lib/gcc/arm-none-eabi/12.3.1/../../../../arm-none-eabi/lib/thumb/v7e-m+fp/hard\libc_nano.a(libc_a-findfp.o) (__sread)
C:/ST/STM32CubeIDE_1.15.0/STM32CubeIDE/plugins/com.st.stm32cube.ide.mcu.externaltools.gnu-tools-for-stm32.12.3.rel1.win32_1.0.100.202403111256/tools/bin/../lib/gcc/arm-none-eabi/12.3.1/../../../../arm-none-eabi/lib/thumb/v7e-m+fp/hard\libc_nano.a(libc_a-wbuf.o)
                              C:/ST/STM32CubeIDE_1.15.0/STM32CubeIDE/plugins/com.st.stm32cube.ide.mcu.externaltools.gnu-tools-for-stm32.12.3.rel1.win32_1.0.100.202403111256/tools/bin/../lib/gcc/arm-none-eabi/12.3.1/../../../../arm-none-eabi/lib/thumb/v7e-m+fp/hard\libc_nano.a(libc_a-puts.o) (__swbuf_r)
C:/ST/STM32CubeIDE_1.15.0/STM32CubeIDE/plugins/com.st.stm32cube.ide.mcu.externaltools.gnu-tools-for-stm32.12.3.rel1.win32_1.0.100.202403111256/tools/bin/../lib/gcc/arm-none-eabi/12.3.1/../../../../arm-none-eabi/lib/thumb/v7e-m+fp/hard\libc_nano.a(libc_a-wsetup.o)
[...]
Memory Configuration

Name             Origin             Length             Attributes
RAM              0x20000000         0x00010000         xrw
FLASH            0x08000000         0x00040000         xr
*default*        0x00000000         0xffffffff

Linker script and memory map

LOAD C:/ST/STM32CubeIDE_1.15.0/STM32CubeIDE/plugins/com.st.stm32cube.ide.mcu.externaltools.gnu-tools-for-stm32.12.3.rel1.win32_1.0.100.202403111256/tools/bin/../lib/gcc/arm-none-eabi/12.3.1/thumb/v7e-m+fp/hard/crti.o
LOAD C:/ST/STM32CubeIDE_1.15.0/STM32CubeIDE/plugins/com.st.stm32cube.ide.mcu.externaltools.gnu-tools-for-stm32.12.3.rel1.win32_1.0.100.202403111256/tools/bin/../lib/gcc/arm-none-eabi/12.3.1/thumb/v7e-m+fp/hard/crtbegin.o
LOAD C:/ST/STM32CubeIDE_1.15.0/STM32CubeIDE/plugins/com.st.stm32cube.ide.mcu.externaltools.gnu-tools-for-stm32.12.3.rel1.win32_1.0.100.202403111256/tools/bin/../lib/gcc/arm-none-eabi/12.3.1/../../../../arm-none-eabi/lib/thumb/v7e-m+fp/hard/crt0.o
LOAD ./Core/Src/BNO080.o
LOAD ./Core/Src/Quaternion.o
LOAD ./Core/Src/freertos.o
LOAD ./Core/Src/main.o
LOAD ./Core/Src/stm32f4xx_hal_msp.o
LOAD ./Core/Src/stm32f4xx_hal_timebase_tim.o
LOAD ./Core/Src/stm32f4xx_it.o
LOAD ./Core/Src/syscalls.o
LOAD ./Core/Src/sysmem.o
LOAD ./Core/Src/system_stm32f4xx.o
LOAD ./Core/Startup/startup_stm32f401ccux.o
LOAD ./Drivers/STM32F4xx_HAL_Driver/Src/stm32f4xx_hal.o
LOAD ./Drivers/STM32F4xx_HAL_Driver/Src/stm32f4xx_hal_cortex.o
LOAD ./Drivers/STM32F4xx_HAL_Driver/Src/stm32f4xx_hal_dma.o
LOAD ./Drivers/STM32F4xx_HAL_Driver/Src/stm32f4xx_hal_dma_ex.o
LOAD ./Drivers/STM32F4xx_HAL_Driver/Src/stm32f4xx_hal_exti.o
LOAD ./Drivers/STM32F4xx_HAL_Driver/Src/stm32f4xx_hal_flash.o
LOAD ./Drivers/STM32F4xx_HAL_Driver/Src/stm32f4xx_hal_flash_ex.o
LOAD ./Drivers/STM32F4xx_HAL_Driver/Src/stm32f4xx_hal_flash_ramfunc.o
LOAD ./Drivers/STM32F4xx_HAL_Driver/Src/stm32f4xx_hal_gpio.o
LOAD ./Drivers/STM32F4xx_HAL_Driver/Src/stm32f4xx_hal_pcd.o
LOAD ./Drivers/STM32F4xx_HAL_Driver/Src/stm32f4xx_hal_pcd_ex.o
LOAD ./Drivers/STM32F4xx_HAL_Driver/Src/stm32f4xx_hal_pwr.o
LOAD ./Drivers/STM32F4xx_HAL_Driver/Src/stm32f4xx_hal_pwr_ex.o
LOAD ./Drivers/STM32F4xx_HAL_Driver/Src/stm32f4xx_hal_rcc.o
LOAD ./Drivers/STM32F4xx_HAL_Driver/Src/stm32f4xx_hal_rcc_ex.o
LOAD ./Drivers/STM32F4xx_HAL_Driver/Src/stm32f4xx_hal_spi.o
LOAD ./Drivers/STM32F4xx_HAL_Driver/Src/stm32f4xx_hal_tim.o
LOAD ./Drivers/STM32F4xx_HAL_Driver/Src/stm32f4xx_hal_tim_ex.o
LOAD ./Drivers/STM32F4xx_HAL_Driver/Src/stm32f4xx_ll_usb.o
LOAD ./Middlewares/ST/STM32_USB_Device_Library/Class/CDC/Src/usbd_cdc.o
LOAD ./Middlewares/ST/STM32_USB_Device_Library/Core/Src/usbd_core.o
LOAD ./Middlewares/ST/STM32_USB_Device_Library/Core/Src/usbd_ctlreq.o
LOAD ./Middlewares/ST/STM32_USB_Device_Library/Core/Src/usbd_ioreq.o
LOAD ./Middlewares/Third_Party/FreeRTOS/Source/CMSIS_RTOS_V2/cmsis_os2.o
LOAD ./Middlewares/Third_Party/FreeRTOS/Source/croutine.o
LOAD ./Middlewares/Third_Party/FreeRTOS/Source/event_groups.o
LOAD ./Middlewares/Third_Party/FreeRTOS/Source/list.o
LOAD ./Middlewares/Third_Party/FreeRTOS/Source/queue.o
LOAD ./Middlewares/Third_Party/FreeRTOS/Source/stream_buffer.o
LOAD ./Middlewares/Third_Party/FreeRTOS/Source/tasks.o
LOAD ./Middlewares/Third_Party/FreeRTOS/Source/timers.o
LOAD ./Middlewares/Third_Party/FreeRTOS/Source/portable/GCC/ARM_CM4F/port.o
LOAD ./Middlewares/Third_Party/FreeRTOS/Source/portable/MemMang/heap_4.o
LOAD ./USB_DEVICE/App/usb_device.o
LOAD ./USB_DEVICE/App/usbd_cdc_if.o
LOAD ./USB_DEVICE/App/usbd_desc.o
LOAD ./USB_DEVICE/Target/usbd_conf.o
START GROUP
LOAD C:/ST/STM32CubeIDE_1.15.0/STM32CubeIDE/plugins/com.st.stm32cube.ide.mcu.externaltools.gnu-tools-for-stm32.12.3.rel1.win32_1.0.100.202403111256/tools/bin/../lib/gcc/arm-none-eabi/12.3.1/../../../../arm-none-eabi/lib/thumb/v7e-m+fp/hard\libc_nano.a
LOAD C:/ST/STM32CubeIDE_1.15.0/STM32CubeIDE/plugins/com.st.stm32cube.ide.mcu.externaltools.gnu-tools-for-stm32.12.3.rel1.win32_1.0.100.202403111256/tools/bin/../lib/gcc/arm-none-eabi/12.3.1/../../../../arm-none-eabi/lib/thumb/v7e-m+fp/hard\libm.a
END GROUP
START GROUP
LOAD C:/ST/STM32CubeIDE_1.15.0/STM32CubeIDE/plugins/com.st.stm32cube.ide.mcu.externaltools.gnu-tools-for-stm32.12.3.rel1.win32_1.0.100.202403111256/tools/bin/../lib/gcc/arm-none-eabi/12.3.1/thumb/v7e-m+fp/hard\libgcc.a
LOAD C:/ST/STM32CubeIDE_1.15.0/STM32CubeIDE/plugins/com.st.stm32cube.ide.mcu.externaltools.gnu-tools-for-stm32.12.3.rel1.win32_1.0.100.202403111256/tools/bin/../lib/gcc/arm-none-eabi/12.3.1/../../../../arm-none-eabi/lib/thumb/v7e-m+fp/hard\libc_nano.a
END GROUP
START GROUP
LOAD C:/ST/STM32CubeIDE_1.15.0/STM32CubeIDE/plugins/com.st.stm32cube.ide.mcu.externaltools.gnu-tools-for-stm32.12.3.rel1.win32_1.0.100.202403111256/tools/bin/../lib/gcc/arm-none-eabi/12.3.1/thumb/v7e-m+fp/hard\libgcc.a
LOAD C:/ST/STM32CubeIDE_1.15.0/STM32CubeIDE/plugins/com.st.stm32cube.ide.mcu.externaltools.gnu-tools-for-stm32.12.3.rel1.win32_1.0.100.202403111256/tools/bin/../lib/gcc/arm-none-eabi/12.3.1/../../../../arm-none-eabi/lib/thumb/v7e-m+fp/hard\libc_nano.a
LOAD C:/ST/STM32CubeIDE_1.15.0/STM32CubeIDE/plugins/com.st.stm32cube.ide.mcu.externaltools.gnu-tools-for-stm32.12.3.rel1.win32_1.0.100.202403111256/tools/bin/../lib/gcc/arm-none-eabi/12.3.1/../../../../arm-none-eabi/lib/thumb/v7e-m+fp/hard\libnosys.a
END GROUP
START GROUP
LOAD C:/ST/STM32CubeIDE_1.15.0/STM32CubeIDE/plugins/com.st.stm32cube.ide.mcu.externaltools.gnu-tools-for-stm32.12.3.rel1.win32_1.0.100.202403111256/tools/bin/../lib/gcc/arm-none-eabi/12.3.1/thumb/v7e-m+fp/hard\libgcc.a
LOAD C:/ST/STM32CubeIDE_1.15.0/STM32CubeIDE/plugins/com.st.stm32cube.ide.mcu.externaltools.gnu-tools-for-stm32.12.3.rel1.win32_1.0.100.202403111256/tools/bin/../lib/gcc/arm-none-eabi/12.3.1/../../../../arm-none-eabi/lib/thumb/v7e-m+fp/hard\libc_nano.a
LOAD C:/ST/STM32CubeIDE_1.15.0/STM32CubeIDE/plugins/com.st.stm32cube.ide.mcu.externaltools.gnu-tools-for-stm32.12.3.rel1.win32_1.0.100.202403111256/tools/bin/../lib/gcc/arm-none-eabi/12.3.1/../../../../arm-none-eabi/lib/thumb/v7e-m+fp/hard\libnosys.a
END GROUP
LOAD C:/ST/STM32CubeIDE_1.15.0/STM32CubeIDE/plugins/com.st.stm32cube.ide.mcu.externaltools.gnu-tools-for-stm32.12.3.rel1.win32_1.0.100.202403111256/tools/bin/../lib/gcc/arm-none-eabi/12.3.1/thumb/v7e-m+fp/hard/crtend.o
LOAD C:/ST/STM32CubeIDE_1.15.0/STM32CubeIDE/plugins/com.st.stm32cube.ide.mcu.externaltools.gnu-tools-for-stm32.12.3.rel1.win32_1.0.100.202403111256/tools/bin/../lib/gcc/arm-none-eabi/12.3.1/thumb/v7e-m+fp/hard/crtn.o
                0x20010000                        _estack = (ORIGIN (RAM) + LENGTH (RAM))
                0x00000200                        _Min_Heap_Size = 0x200
                0x00000400                        _Min_Stack_Size = 0x400

.isr_vector     0x08000000      0x194
                0x08000000                        . = ALIGN (0x4)
 *(.isr_vector)
 .isr_vector    0x08000000      0x194 ./Core/Startup/startup_stm32f401ccux.o
                0x08000000                g_pfnVectors
                0x08000194                        . = ALIGN (0x4)

.text           0x080001a0    0x1094c
                0x080001a0                        . = ALIGN (0x4)
 *(.text)
 .text          0x080001a0       0x40 C:/ST/STM32CubeIDE_1.15.0/STM32CubeIDE/plugins/com.st.stm32cube.ide.mcu.externaltools.gnu-tools-for-stm32.12.3.rel1.win32_1.0.100.202403111256/tools/bin/../lib/gcc/arm-none-eabi/12.3.1/thumb/v7e-m+fp/hard/crtbegin.o
 .text          0x080001e0       0xa0 C:/ST/STM32CubeIDE_1.15.0/STM32CubeIDE/plugins/com.st.stm32cube.ide.mcu.externaltools.gnu-tools-for-stm32.12.3.rel1.win32_1.0.100.202403111256/tools/bin/../lib/gcc/arm-none-eabi/12.3.1/../../../../arm-none-eabi/lib/thumb/v7e-m+fp/hard\libc_nano.a(libc_a-memchr.o)
                0x080001e0                memchr
 .text          0x08000280       0x10 C:/ST/STM32CubeIDE_1.15.0/STM32CubeIDE/plugins/com.st.stm32cube.ide.mcu.externaltools.gnu-tools-for-stm32.12.3.rel1.win32_1.0.100.202403111256/tools/bin/../lib/gcc/arm-none-eabi/12.3.1/../../../../arm-none-eabi/lib/thumb/v7e-m+fp/hard\libc_nano.a(libc_a-strlen.o)
                0x08000280                strlen
 .text          0x08000290      0x378 C:/ST/STM32CubeIDE_1.15.0/STM32CubeIDE/plugins/com.st.stm32cube.ide.mcu.externaltools.gnu-tools-for-stm32.12.3.rel1.win32_1.0.100.202403111256/tools/bin/../lib/gcc/arm-none-eabi/12.3.1/thumb/v7e-m+fp/hard\libgcc.a(_arm_addsubdf3.o)
                0x08000290                __aeabi_drsub
                0x08000298                __aeabi_dsub
                0x08000298                __subdf3
                0x0800029c                __aeabi_dadd
                0x0800029c                __adddf3
                0x08000514                __floatunsidf
                0x08000514                __aeabi_ui2d
                0x08000534                __floatsidf
                0x08000534                __aeabi_i2d
                0x08000558                __aeabi_f2d
                0x08000558                __extendsfdf2
                0x0800059c                __floatundidf
                0x0800059c                __aeabi_ul2d
                0x080005ac                __floatdidf
                0x080005ac                __aeabi_l2d
 .text          0x08000608      0x424 C:/ST/STM32CubeIDE_1.15.0/STM32CubeIDE/plugins/com.st.stm32cube.ide.mcu.externaltools.gnu-tools-for-stm32.12.3.rel1.win32_1.0.100.202403111256/tools/bin/../lib/gcc/arm-none-eabi/12.3.1/thumb/v7e-m+fp/hard\libgcc.a(_arm_muldivdf3.o)
                0x08000608                __aeabi_dmul
                0x08000608                __muldf3
                0x0800085c                __divdf3
                0x0800085c                __aeabi_ddiv
 .text          0x08000a2c      0x110 C:/ST/STM32CubeIDE_1.15.0/STM32CubeIDE/plugins/com.st.stm32cube.ide.mcu.externaltools.gnu-tools-for-stm32.12.3.rel1.win32_1.0.100.202403111256/tools/bin/../lib/gcc/arm-none-eabi/12.3.1/thumb/v7e-m+fp/hard\libgcc.a(_arm_cmpdf2.o)
                0x08000a2c                __gtdf2
                0x08000a2c                __gedf2
                0x08000a34                __ltdf2
                0x08000a34                __ledf2
                0x08000a3c                __nedf2
                0x08000a3c                __eqdf2
                0x08000a3c                __cmpdf2
                0x08000ab8                __aeabi_cdrcmple
                0x08000ac8                __aeabi_cdcmpeq
                0x08000ac8                __aeabi_cdcmple
                0x08000ad8                __aeabi_dcmpeq
                0x08000aec                __aeabi_dcmplt
                0x08000b00                __aeabi_dcmple
                0x08000b14                __aeabi_dcmpge
                0x08000b28                __aeabi_dcmpgt
 .text          0x08000b3c       0x2c C:/ST/STM32CubeIDE_1.15.0/STM32CubeIDE/plugins/com.st.stm32cube.ide.mcu.externaltools.gnu-tools-for-stm32.12.3.rel1.win32_1.0.100.202403111256/tools/bin/../lib/gcc/arm-none-eabi/12.3.1/thumb/v7e-m+fp/hard\libgcc.a(_arm_unorddf2.o)
                0x08000b3c                __unorddf2
                0x08000b3c                __aeabi_dcmpun
 .text          0x08000b68       0x50 C:/ST/STM32CubeIDE_1.15.0/STM32CubeIDE/plugins/com.st.stm32cube.ide.mcu.externaltools.gnu-tools-for-stm32.12.3.rel1.win32_1.0.100.202403111256/tools/bin/../lib/gcc/arm-none-eabi/12.3.1/thumb/v7e-m+fp/hard\libgcc.a(_arm_fixdfsi.o)
                0x08000b68                __aeabi_d2iz
                0x08000b68                __fixdfsi
 .text          0x08000bb8       0x30 C:/ST/STM32CubeIDE_1.15.0/STM32CubeIDE/plugins/com.st.stm32cube.ide.mcu.externaltools.gnu-tools-for-stm32.12.3.rel1.win32_1.0.100.202403111256/tools/bin/../lib/gcc/arm-none-eabi/12.3.1/thumb/v7e-m+fp/hard\libgcc.a(_aeabi_uldivmod.o)
                0x08000bb8                __aeabi_uldivmod
 .text          0x08000be8      0x2bc C:/ST/STM32CubeIDE_1.15.0/STM32CubeIDE/plugins/com.st.stm32cube.ide.mcu.externaltools.gnu-tools-for-stm32.12.3.rel1.win32_1.0.100.202403111256/tools/bin/../lib/gcc/arm-none-eabi/12.3.1/thumb/v7e-m+fp/hard\libgcc.a(_udivmoddi4.o)
                0x08000be8                __udivmoddi4
 .text          0x08000ea4        0x4 C:/ST/STM32CubeIDE_1.15.0/STM32CubeIDE/plugins/com.st.stm32cube.ide.mcu.externaltools.gnu-tools-for-stm32.12.3.rel1.win32_1.0.100.202403111256/tools/bin/../lib/gcc/arm-none-eabi/12.3.1/thumb/v7e-m+fp/hard\libgcc.a(_dvmd_tls.o)
                0x08000ea4                __aeabi_idiv0
                0x08000ea4                __aeabi_ldiv0
 *(.text*)
 .text.BNO080_GPIO_SPI_Initialization
                0x08000ea8       0x58 ./Core/Src/BNO080.o
                0x08000ea8                BNO080_GPIO_SPI_Initialization
 .text.BNO080_Initialization
                0x08000f00       0xec ./Core/Src/BNO080.o
                0x08000f00                BNO080_Initialization
 .text.SPI2_SendByte
                0x08000fec       0x2c ./Core/Src/BNO080.o
                0x08000fec                SPI2_SendByte
 .text.BNO080_dataAvailable
                0x08001018       0x5c ./Core/Src/BNO080.o
                0x08001018                BNO080_dataAvailable
 .text.BNO080_parseCommandReport
                0x08001074       0x38 ./Core/Src/BNO080.o
                0x08001074                BNO080_parseCommandReport
 .text.BNO080_parseInputReport
                0x080010ac      0x2e0 ./Core/Src/BNO080.o
                0x080010ac                BNO080_parseInputReport
 .text.BNO080_getQuatI
                0x0800138c       0x2c ./Core/Src/BNO080.o
                0x0800138c                BNO080_getQuatI
 .text.BNO080_getQuatJ
                0x080013b8       0x2c ./Core/Src/BNO080.o
                0x080013b8                BNO080_getQuatJ
 .text.BNO080_getQuatK
                0x080013e4       0x2c ./Core/Src/BNO080.o
                0x080013e4                BNO080_getQuatK
 .text.BNO080_getQuatReal
                0x08001410       0x2c ./Core/Src/BNO080.o
                0x08001410                BNO080_getQuatReal
 .text.BNO080_getQuatRadianAccuracy
                0x0800143c       0x2c ./Core/Src/BNO080.o
                0x0800143c                BNO080_getQuatRadianAccuracy
 .text.BNO080_qToFloat
                0x08001468       0x4e ./Core/Src/BNO080.o
                0x08001468                BNO080_qToFloat
 .text.BNO080_enableRotationVector
                0x080014b6       0x1e ./Core/Src/BNO080.o
                0x080014b6                BNO080_enableRotationVector
 .text.BNO080_setFeatureCommand
                0x080014d4       0xa4 ./Core/Src/BNO080.o
                0x080014d4                BNO080_setFeatureCommand
 .text.BNO080_waitForSPI
                0x08001578       0x48 ./Core/Src/BNO080.o
                0x08001578                BNO080_waitForSPI
 .text.BNO080_receivePacket
                0x080015c0       0xe4 ./Core/Src/BNO080.o
                0x080015c0                BNO080_receivePacket
 .text.BNO080_sendPacket
                0x080016a4       0xa4 ./Core/Src/BNO080.o
                0x080016a4                BNO080_sendPacket
 .text.Quaternion_Update
                0x08001748      0x284 ./Core/Src/Quaternion.o
                0x08001748                Quaternion_Update
 .text.invSqrt  0x080019cc       0x78 ./Core/Src/Quaternion.o
                0x080019cc                invSqrt
 .text.sendStringOverUSB
                0x08001a44       0x24 ./Core/Src/main.o
                0x08001a44                sendStringOverUSB
 .text.main     0x08001a68       0x98 ./Core/Src/main.o
                0x08001a68                main
 .text.SystemClock_Config
                0x08001b00       0xd8 ./Core/Src/main.o
                0x08001b00                SystemClock_Config
 .text.MX_SPI2_Init
                0x08001bd8       0x6c ./Core/Src/main.o
 .text.MX_TIM2_Init
                0x08001c44       0xc8 ./Core/Src/main.o
 .text.MX_DMA_Init
                0x08001d0c       0x50 ./Core/Src/main.o
 .text.MX_GPIO_Init
                0x08001d5c      0x148 ./Core/Src/main.o
 .text.StartDefaultTask
                0x08001ea4       0x10 ./Core/Src/main.o
                0x08001ea4                StartDefaultTask
 .text.StartTask02
                0x08001eb4       0xd0 ./Core/Src/main.o
                0x08001eb4                StartTask02
 .text.HAL_TIM_PeriodElapsedCallback
                0x08001f84       0x24 ./Core/Src/main.o
                0x08001f84                HAL_TIM_PeriodElapsedCallback
 .text.Error_Handler
                0x08001fa8        0xc ./Core/Src/main.o
                0x08001fa8                Error_Handler
 .text.HAL_MspInit
                0x08001fb4       0x58 ./Core/Src/stm32f4xx_hal_msp.o
                0x08001fb4                HAL_MspInit
 .text.HAL_SPI_MspInit
                0x0800200c      0x158 ./Core/Src/stm32f4xx_hal_msp.o
                0x0800200c                HAL_SPI_MspInit
 .text.HAL_TIM_PWM_MspInit
                0x08002164       0x4c ./Core/Src/stm32f4xx_hal_msp.o
                0x08002164                HAL_TIM_PWM_MspInit
 .text.HAL_TIM_MspPostInit
                0x080021b0       0x70 ./Core/Src/stm32f4xx_hal_msp.o
                0x080021b0                HAL_TIM_MspPostInit
 .text.HAL_InitTick
                0x08002220       0xe4 ./Core/Src/stm32f4xx_hal_timebase_tim.o
                0x08002220                HAL_InitTick
 .text.NMI_Handler
                0x08002304        0x8 ./Core/Src/stm32f4xx_it.o
                0x08002304                NMI_Handler
 .text.HardFault_Handler
                0x0800230c        0x8 ./Core/Src/stm32f4xx_it.o
                0x0800230c                HardFault_Handler
 .text.MemManage_Handler
                0x08002314        0x8 ./Core/Src/stm32f4xx_it.o
                0x08002314                MemManage_Handler
 .text.BusFault_Handler
                0x0800231c        0x8 ./Core/Src/stm32f4xx_it.o
                0x0800231c                BusFault_Handler
 .text.UsageFault_Handler
                0x08002324        0x8 ./Core/Src/stm32f4xx_it.o
                0x08002324                UsageFault_Handler
 .text.DebugMon_Handler
                0x0800232c        0xe ./Core/Src/stm32f4xx_it.o
                0x0800232c                DebugMon_Handler
 *fill*         0x0800233a        0x2 
 .text.DMA1_Stream3_IRQHandler
                0x0800233c       0x14 ./Core/Src/stm32f4xx_it.o
                0x0800233c                DMA1_Stream3_IRQHandler
 .text.DMA1_Stream4_IRQHandler
                0x08002350       0x14 ./Core/Src/stm32f4xx_it.o
                0x08002350                DMA1_Stream4_IRQHandler
 .text.TIM1_UP_TIM10_IRQHandler
                0x08002364       0x14 ./Core/Src/stm32f4xx_it.o
                0x08002364                TIM1_UP_TIM10_IRQHandler
 .text.TIM2_IRQHandler
                0x08002378       0x14 ./Core/Src/stm32f4xx_it.o
                0x08002378                TIM2_IRQHandler
 .text.EXTI15_10_IRQHandler
                0x0800238c       0x10 ./Core/Src/stm32f4xx_it.o
                0x0800238c                EXTI15_10_IRQHandler
 .text.OTG_FS_IRQHandler
                0x0800239c       0x14 ./Core/Src/stm32f4xx_it.o
                0x0800239c                OTG_FS_IRQHandler
 .text._getpid  0x080023b0       0x10 ./Core/Src/syscalls.o
                0x080023b0                _getpid
 .text._kill    0x080023c0       0x20 ./Core/Src/syscalls.o
                0x080023c0                _kill
 .text._exit    0x080023e0       0x16 ./Core/Src/syscalls.o
                0x080023e0                _exit
 .text._read    0x080023f6       0x3a ./Core/Src/syscalls.o
                0x080023f6                _read
 .text._write   0x08002430       0x38 ./Core/Src/syscalls.o
                0x08002430                _write
 .text._close   0x08002468       0x18 ./Core/Src/syscalls.o
                0x08002468                _close
 .text._fstat   0x08002480       0x20 ./Core/Src/syscalls.o
                0x08002480                _fstat
 .text._isatty  0x080024a0       0x16 ./Core/Src/syscalls.o
                0x080024a0                _isatty
 .text._lseek   0x080024b6       0x1a ./Core/Src/syscalls.o
                0x080024b6                _lseek
 .text._sbrk    0x080024d0       0x6c ./Core/Src/sysmem.o
                0x080024d0                _sbrk
 .text.SystemInit
                0x0800253c       0x24 ./Core/Src/system_stm32f4xx.o
                0x0800253c                SystemInit
 .text.Reset_Handler
                0x08002560       0x50 ./Core/Startup/startup_stm32f401ccux.o
                0x08002560                Reset_Handler
 .text.Default_Handler
                0x080025b0        0x2 ./Core/Startup/startup_stm32f401ccux.o
                0x080025b0                RTC_Alarm_IRQHandler
                0x080025b0                EXTI2_IRQHandler
                0x080025b0                SPI4_IRQHandler
                0x080025b0                TIM1_CC_IRQHandler
                0x080025b0                DMA2_Stream5_IRQHandler
                0x080025b0                DMA1_Stream5_IRQHandler
                0x080025b0                PVD_IRQHandler
                0x080025b0                SDIO_IRQHandler
                0x080025b0                TAMP_STAMP_IRQHandler
                0x080025b0                EXTI3_IRQHandler
                0x080025b0                I2C3_ER_IRQHandler
                0x080025b0                EXTI0_IRQHandler
                0x080025b0                I2C2_EV_IRQHandler
                0x080025b0                DMA1_Stream2_IRQHandler
                0x080025b0                FPU_IRQHandler
                0x080025b0                DMA2_Stream2_IRQHandler
                0x080025b0                SPI1_IRQHandler
                0x080025b0                TIM1_BRK_TIM9_IRQHandler
                0x080025b0                DMA2_Stream3_IRQHandler
                0x080025b0                USART6_IRQHandler
                0x080025b0                DMA2_Stream0_IRQHandler
                0x080025b0                TIM4_IRQHandler
                0x080025b0                I2C1_EV_IRQHandler
                0x080025b0                DMA1_Stream6_IRQHandler
                0x080025b0                DMA1_Stream1_IRQHandler
                0x080025b0                TIM3_IRQHandler
                0x080025b0                RCC_IRQHandler
                0x080025b0                Default_Handler
                0x080025b0                ADC_IRQHandler
                0x080025b0                DMA1_Stream7_IRQHandler
                0x080025b0                TIM5_IRQHandler
                0x080025b0                DMA2_Stream7_IRQHandler
                0x080025b0                I2C3_EV_IRQHandler
                0x080025b0                EXTI9_5_IRQHandler
                0x080025b0                RTC_WKUP_IRQHandler
                0x080025b0                SPI2_IRQHandler
                0x080025b0                DMA1_Stream0_IRQHandler
                0x080025b0                EXTI4_IRQHandler
                0x080025b0                WWDG_IRQHandler
                0x080025b0                OTG_FS_WKUP_IRQHandler
                0x080025b0                TIM1_TRG_COM_TIM11_IRQHandler
                0x080025b0                EXTI1_IRQHandler
                0x080025b0                USART2_IRQHandler
                0x080025b0                I2C2_ER_IRQHandler
                0x080025b0                DMA2_Stream1_IRQHandler
                0x080025b0                FLASH_IRQHandler
                0x080025b0                DMA2_Stream4_IRQHandler
                0x080025b0                USART1_IRQHandler
                0x080025b0                SPI3_IRQHandler
                0x080025b0                I2C1_ER_IRQHandler
                0x080025b0                DMA2_Stream6_IRQHandler
 *fill*         0x080025b2        0x2 
 .text.HAL_Init
                0x080025b4       0x44 ./Drivers/STM32F4xx_HAL_Driver/Src/stm32f4xx_hal.o
                0x080025b4                HAL_Init
 .text.HAL_IncTick
                0x080025f8       0x28 ./Drivers/STM32F4xx_HAL_Driver/Src/stm32f4xx_hal.o
                0x080025f8                HAL_IncTick
 .text.HAL_GetTick
                0x08002620       0x18 ./Drivers/STM32F4xx_HAL_Driver/Src/stm32f4xx_hal.o
                0x08002620                HAL_GetTick
 .text.HAL_Delay
                0x08002638       0x48 ./Drivers/STM32F4xx_HAL_Driver/Src/stm32f4xx_hal.o
                0x08002638                HAL_Delay
 .text.__NVIC_SetPriorityGrouping
                0x08002680       0x48 ./Drivers/STM32F4xx_HAL_Driver/Src/stm32f4xx_hal_cortex.o
 .text.__NVIC_GetPriorityGrouping
                0x080026c8       0x1c ./Drivers/STM32F4xx_HAL_Driver/Src/stm32f4xx_hal_cortex.o
 .text.__NVIC_EnableIRQ
                0x080026e4       0x3c ./Drivers/STM32F4xx_HAL_Driver/Src/stm32f4xx_hal_cortex.o
 .text.__NVIC_SetPriority
                0x08002720       0x54 ./Drivers/STM32F4xx_HAL_Driver/Src/stm32f4xx_hal_cortex.o
 .text.NVIC_EncodePriority
                0x08002774       0x66 ./Drivers/STM32F4xx_HAL_Driver/Src/stm32f4xx_hal_cortex.o
 .text.HAL_NVIC_SetPriorityGrouping
                0x080027da       0x16 ./Drivers/STM32F4xx_HAL_Driver/Src/stm32f4xx_hal_cortex.o
                0x080027da                HAL_NVIC_SetPriorityGrouping
 .text.HAL_NVIC_SetPriority
                0x080027f0       0x38 ./Drivers/STM32F4xx_HAL_Driver/Src/stm32f4xx_hal_cortex.o
                0x080027f0                HAL_NVIC_SetPriority
 .text.HAL_NVIC_EnableIRQ
                0x08002828       0x1c ./Drivers/STM32F4xx_HAL_Driver/Src/stm32f4xx_hal_cortex.o
                0x08002828                HAL_NVIC_EnableIRQ
 .text.HAL_DMA_Init
                0x08002844      0x15c ./Drivers/STM32F4xx_HAL_Driver/Src/stm32f4xx_hal_dma.o
                0x08002844                HAL_DMA_Init
 .text.HAL_DMA_IRQHandler
                0x080029a0      0x314 ./Drivers/STM32F4xx_HAL_Driver/Src/stm32f4xx_hal_dma.o
                0x080029a0                HAL_DMA_IRQHandler
 .text.DMA_CalcBaseAndBitshift
                0x08002cb4       0x6c ./Drivers/STM32F4xx_HAL_Driver/Src/stm32f4xx_hal_dma.o
 .text.DMA_CheckFifoParam
                0x08002d20       0xf8 ./Drivers/STM32F4xx_HAL_Driver/Src/stm32f4xx_hal_dma.o
 .text.HAL_GPIO_Init
                0x08002e18      0x308 ./Drivers/STM32F4xx_HAL_Driver/Src/stm32f4xx_hal_gpio.o
                0x08002e18                HAL_GPIO_Init
 .text.HAL_GPIO_ReadPin
                0x08003120       0x30 ./Drivers/STM32F4xx_HAL_Driver/Src/stm32f4xx_hal_gpio.o
                0x08003120                HAL_GPIO_ReadPin
 .text.HAL_GPIO_WritePin
                0x08003150       0x32 ./Drivers/STM32F4xx_HAL_Driver/Src/stm32f4xx_hal_gpio.o
                0x08003150                HAL_GPIO_WritePin
 *fill*         0x08003182        0x2 
 .text.HAL_GPIO_EXTI_IRQHandler
                0x08003184       0x30 ./Drivers/STM32F4xx_HAL_Driver/Src/stm32f4xx_hal_gpio.o
                0x08003184                HAL_GPIO_EXTI_IRQHandler
 .text.HAL_GPIO_EXTI_Callback
                0x080031b4       0x16 ./Drivers/STM32F4xx_HAL_Driver/Src/stm32f4xx_hal_gpio.o
                0x080031b4                HAL_GPIO_EXTI_Callback
 .text.HAL_PCD_Init
                0x080031ca      0x21e ./Drivers/STM32F4xx_HAL_Driver/Src/stm32f4xx_hal_pcd.o
                0x080031ca                HAL_PCD_Init
 .text.HAL_PCD_Start
                0x080033e8       0x6a ./Drivers/STM32F4xx_HAL_Driver/Src/stm32f4xx_hal_pcd.o
                0x080033e8                HAL_PCD_Start
 .text.HAL_PCD_IRQHandler
                0x08003452      0x942 ./Drivers/STM32F4xx_HAL_Driver/Src/stm32f4xx_hal_pcd.o
                0x08003452                HAL_PCD_IRQHandler
 .text.HAL_PCD_SetAddress
                0x08003d94       0x48 ./Drivers/STM32F4xx_HAL_Driver/Src/stm32f4xx_hal_pcd.o
                0x08003d94                HAL_PCD_SetAddress
 .text.HAL_PCD_EP_Open
                0x08003ddc       0xd0 ./Drivers/STM32F4xx_HAL_Driver/Src/stm32f4xx_hal_pcd.o
                0x08003ddc                HAL_PCD_EP_Open
 .text.HAL_PCD_EP_Close
                0x08003eac       0x94 ./Drivers/STM32F4xx_HAL_Driver/Src/stm32f4xx_hal_pcd.o
                0x08003eac                HAL_PCD_EP_Close
 .text.HAL_PCD_EP_Receive
                0x08003f40       0x76 ./Drivers/STM32F4xx_HAL_Driver/Src/stm32f4xx_hal_pcd.o
                0x08003f40                HAL_PCD_EP_Receive
 .text.HAL_PCD_EP_GetRxCount
                0x08003fb6       0x30 ./Drivers/STM32F4xx_HAL_Driver/Src/stm32f4xx_hal_pcd.o
                0x08003fb6                HAL_PCD_EP_GetRxCount
 .text.HAL_PCD_EP_Transmit
                0x08003fe6       0x74 ./Drivers/STM32F4xx_HAL_Driver/Src/stm32f4xx_hal_pcd.o
                0x08003fe6                HAL_PCD_EP_Transmit
 .text.HAL_PCD_EP_SetStall
                0x0800405a       0xc6 ./Drivers/STM32F4xx_HAL_Driver/Src/stm32f4xx_hal_pcd.o
                0x0800405a                HAL_PCD_EP_SetStall
 .text.HAL_PCD_EP_ClrStall
                0x08004120       0xac ./Drivers/STM32F4xx_HAL_Driver/Src/stm32f4xx_hal_pcd.o
                0x08004120                HAL_PCD_EP_ClrStall
 .text.HAL_PCD_EP_Abort
                0x080041cc       0x62 ./Drivers/STM32F4xx_HAL_Driver/Src/stm32f4xx_hal_pcd.o
                0x080041cc                HAL_PCD_EP_Abort
 .text.PCD_WriteEmptyTxFifo
                0x0800422e      0x118 ./Drivers/STM32F4xx_HAL_Driver/Src/stm32f4xx_hal_pcd.o
 *fill*         0x08004346        0x2 
 .text.PCD_EP_OutXfrComplete_int
                0x08004348      0x1d0 ./Drivers/STM32F4xx_HAL_Driver/Src/stm32f4xx_hal_pcd.o
 .text.PCD_EP_OutSetupPacket_int
                0x08004518       0x8c ./Drivers/STM32F4xx_HAL_Driver/Src/stm32f4xx_hal_pcd.o
 .text.HAL_PCDEx_SetTxFiFo
                0x080045a4       0x8e ./Drivers/STM32F4xx_HAL_Driver/Src/stm32f4xx_hal_pcd_ex.o
                0x080045a4                HAL_PCDEx_SetTxFiFo
 .text.HAL_PCDEx_SetRxFiFo
                0x08004632       0x22 ./Drivers/STM32F4xx_HAL_Driver/Src/stm32f4xx_hal_pcd_ex.o
                0x08004632                HAL_PCDEx_SetRxFiFo
 .text.HAL_PCDEx_LPM_Callback
                0x08004654       0x18 ./Drivers/STM32F4xx_HAL_Driver/Src/stm32f4xx_hal_pcd_ex.o
                0x08004654                HAL_PCDEx_LPM_Callback
 .text.HAL_RCC_OscConfig
                0x0800466c      0x4f0 ./Drivers/STM32F4xx_HAL_Driver/Src/stm32f4xx_hal_rcc.o
                0x0800466c                HAL_RCC_OscConfig
 .text.HAL_RCC_ClockConfig
                0x08004b5c      0x1cc ./Drivers/STM32F4xx_HAL_Driver/Src/stm32f4xx_hal_rcc.o
                0x08004b5c                HAL_RCC_ClockConfig
 .text.HAL_RCC_GetSysClockFreq
                0x08004d28      0x18c ./Drivers/STM32F4xx_HAL_Driver/Src/stm32f4xx_hal_rcc.o
                0x08004d28                HAL_RCC_GetSysClockFreq
 .text.HAL_RCC_GetHCLKFreq
                0x08004eb4       0x18 ./Drivers/STM32F4xx_HAL_Driver/Src/stm32f4xx_hal_rcc.o
                0x08004eb4                HAL_RCC_GetHCLKFreq
 .text.HAL_RCC_GetPCLK2Freq
                0x08004ecc       0x28 ./Drivers/STM32F4xx_HAL_Driver/Src/stm32f4xx_hal_rcc.o
                0x08004ecc                HAL_RCC_GetPCLK2Freq
 .text.HAL_RCC_GetClockConfig
                0x08004ef4       0x64 ./Drivers/STM32F4xx_HAL_Driver/Src/stm32f4xx_hal_rcc.o
                0x08004ef4                HAL_RCC_GetClockConfig
 .text.HAL_SPI_Init
                0x08004f58      0x112 ./Drivers/STM32F4xx_HAL_Driver/Src/stm32f4xx_hal_spi.o
                0x08004f58                HAL_SPI_Init
 .text.HAL_SPI_TransmitReceive
                0x0800506a      0x360 ./Drivers/STM32F4xx_HAL_Driver/Src/stm32f4xx_hal_spi.o
                0x0800506a                HAL_SPI_TransmitReceive
 *fill*         0x080053ca        0x2 
 .text.SPI_WaitFlagStateUntilTimeout
                0x080053cc      0x110 ./Drivers/STM32F4xx_HAL_Driver/Src/stm32f4xx_hal_spi.o
 .text.SPI_EndRxTxTransaction
                0x080054dc       0xa8 ./Drivers/STM32F4xx_HAL_Driver/Src/stm32f4xx_hal_spi.o
 .text.HAL_TIM_Base_Init
                0x08005584       0x9e ./Drivers/STM32F4xx_HAL_Driver/Src/stm32f4xx_hal_tim.o
                0x08005584                HAL_TIM_Base_Init
 .text.HAL_TIM_Base_MspInit
                0x08005622       0x14 ./Drivers/STM32F4xx_HAL_Driver/Src/stm32f4xx_hal_tim.o
                0x08005622                HAL_TIM_Base_MspInit
 *fill*         0x08005636        0x2 
 .text.HAL_TIM_Base_Start_IT
                0x08005638       0xc4 ./Drivers/STM32F4xx_HAL_Driver/Src/stm32f4xx_hal_tim.o
                0x08005638                HAL_TIM_Base_Start_IT
 .text.HAL_TIM_PWM_Init
                0x080056fc       0x9e ./Drivers/STM32F4xx_HAL_Driver/Src/stm32f4xx_hal_tim.o
                0x080056fc                HAL_TIM_PWM_Init
 *fill*         0x0800579a        0x2 
 .text.HAL_TIM_PWM_Start_IT
                0x0800579c      0x1fc ./Drivers/STM32F4xx_HAL_Driver/Src/stm32f4xx_hal_tim.o
                0x0800579c                HAL_TIM_PWM_Start_IT
 .text.HAL_TIM_IRQHandler
                0x08005998      0x1e0 ./Drivers/STM32F4xx_HAL_Driver/Src/stm32f4xx_hal_tim.o
                0x08005998                HAL_TIM_IRQHandler
 .text.HAL_TIM_PWM_ConfigChannel
                0x08005b78      0x184 ./Drivers/STM32F4xx_HAL_Driver/Src/stm32f4xx_hal_tim.o
                0x08005b78                HAL_TIM_PWM_ConfigChannel
 .text.HAL_TIM_OC_DelayElapsedCallback
                0x08005cfc       0x14 ./Drivers/STM32F4xx_HAL_Driver/Src/stm32f4xx_hal_tim.o
                0x08005cfc                HAL_TIM_OC_DelayElapsedCallback
 .text.HAL_TIM_IC_CaptureCallback
                0x08005d10       0x14 ./Drivers/STM32F4xx_HAL_Driver/Src/stm32f4xx_hal_tim.o
                0x08005d10                HAL_TIM_IC_CaptureCallback
 .text.HAL_TIM_PWM_PulseFinishedCallback
                0x08005d24       0x14 ./Drivers/STM32F4xx_HAL_Driver/Src/stm32f4xx_hal_tim.o
                0x08005d24                HAL_TIM_PWM_PulseFinishedCallback
 .text.HAL_TIM_TriggerCallback
                0x08005d38       0x14 ./Drivers/STM32F4xx_HAL_Driver/Src/stm32f4xx_hal_tim.o
                0x08005d38                HAL_TIM_TriggerCallback
 .text.TIM_Base_SetConfig
                0x08005d4c      0x118 ./Drivers/STM32F4xx_HAL_Driver/Src/stm32f4xx_hal_tim.o
                0x08005d4c                TIM_Base_SetConfig
 .text.TIM_OC1_SetConfig
                0x08005e64       0xcc ./Drivers/STM32F4xx_HAL_Driver/Src/stm32f4xx_hal_tim.o
 .text.TIM_OC2_SetConfig
                0x08005f30       0xd8 ./Drivers/STM32F4xx_HAL_Driver/Src/stm32f4xx_hal_tim.o
                0x08005f30                TIM_OC2_SetConfig
 .text.TIM_OC3_SetConfig
                0x08006008       0xd4 ./Drivers/STM32F4xx_HAL_Driver/Src/stm32f4xx_hal_tim.o
 .text.TIM_OC4_SetConfig
                0x080060dc       0xa0 ./Drivers/STM32F4xx_HAL_Driver/Src/stm32f4xx_hal_tim.o
 .text.TIM_CCxChannelCmd
                0x0800617c       0x4a ./Drivers/STM32F4xx_HAL_Driver/Src/stm32f4xx_hal_tim.o
                0x0800617c                TIM_CCxChannelCmd
 *fill*         0x080061c6        0x2 
 .text.HAL_TIMEx_MasterConfigSynchronization
                0x080061c8       0xdc ./Drivers/STM32F4xx_HAL_Driver/Src/stm32f4xx_hal_tim_ex.o
                0x080061c8                HAL_TIMEx_MasterConfigSynchronization
 .text.HAL_TIMEx_CommutCallback
                0x080062a4       0x14 ./Drivers/STM32F4xx_HAL_Driver/Src/stm32f4xx_hal_tim_ex.o
                0x080062a4                HAL_TIMEx_CommutCallback
 .text.HAL_TIMEx_BreakCallback
                0x080062b8       0x14 ./Drivers/STM32F4xx_HAL_Driver/Src/stm32f4xx_hal_tim_ex.o
                0x080062b8                HAL_TIMEx_BreakCallback
 .text.USB_CoreInit
                0x080062cc       0xc8 ./Drivers/STM32F4xx_HAL_Driver/Src/stm32f4xx_ll_usb.o
                0x080062cc                USB_CoreInit
 .text.USB_SetTurnaroundTime
                0x08006394      0x144 ./Drivers/STM32F4xx_HAL_Driver/Src/stm32f4xx_ll_usb.o
                0x08006394                USB_SetTurnaroundTime
 .text.USB_EnableGlobalInt
                0x080064d8       0x22 ./Drivers/STM32F4xx_HAL_Driver/Src/stm32f4xx_ll_usb.o
                0x080064d8                USB_EnableGlobalInt
 .text.USB_DisableGlobalInt
                0x080064fa       0x22 ./Drivers/STM32F4xx_HAL_Driver/Src/stm32f4xx_ll_usb.o
                0x080064fa                USB_DisableGlobalInt
 .text.USB_SetCurrentMode
                0x0800651c       0x98 ./Drivers/STM32F4xx_HAL_Driver/Src/stm32f4xx_ll_usb.o
                0x0800651c                USB_SetCurrentMode
 .text.USB_DevInit
                0x080065b4      0x2c8 ./Drivers/STM32F4xx_HAL_Driver/Src/stm32f4xx_ll_usb.o
                0x080065b4                USB_DevInit
 .text.USB_FlushTxFifo
                0x0800687c       0x64 ./Drivers/STM32F4xx_HAL_Driver/Src/stm32f4xx_ll_usb.o
                0x0800687c                USB_FlushTxFifo
 .text.USB_FlushRxFifo
                0x080068e0       0x5c ./Drivers/STM32F4xx_HAL_Driver/Src/stm32f4xx_ll_usb.o
                0x080068e0                USB_FlushRxFifo
 .text.USB_SetDevSpeed
                0x0800693c       0x32 ./Drivers/STM32F4xx_HAL_Driver/Src/stm32f4xx_ll_usb.o
                0x0800693c                USB_SetDevSpeed
 .text.USB_GetDevSpeed
                0x0800696e       0x4a ./Drivers/STM32F4xx_HAL_Driver/Src/stm32f4xx_ll_usb.o
                0x0800696e                USB_GetDevSpeed
 .text.USB_ActivateEndpoint
                0x080069b8      0x10e ./Drivers/STM32F4xx_HAL_Driver/Src/stm32f4xx_ll_usb.o
                0x080069b8                USB_ActivateEndpoint
 *fill*         0x08006ac6        0x2 
 .text.USB_DeactivateEndpoint
                0x08006ac8      0x1b8 ./Drivers/STM32F4xx_HAL_Driver/Src/stm32f4xx_ll_usb.o
                0x08006ac8                USB_DeactivateEndpoint
 .text.USB_EPStartXfer
                0x08006c80      0x530 ./Drivers/STM32F4xx_HAL_Driver/Src/stm32f4xx_ll_usb.o
                0x08006c80                USB_EPStartXfer
 .text.USB_EPStopXfer
                0x080071b0      0x154 ./Drivers/STM32F4xx_HAL_Driver/Src/stm32f4xx_ll_usb.o
                0x080071b0                USB_EPStopXfer
 .text.USB_WritePacket
                0x08007304       0x7c ./Drivers/STM32F4xx_HAL_Driver/Src/stm32f4xx_ll_usb.o
                0x08007304                USB_WritePacket
 .text.USB_ReadPacket
                0x08007380       0xb0 ./Drivers/STM32F4xx_HAL_Driver/Src/stm32f4xx_ll_usb.o
                0x08007380                USB_ReadPacket
 .text.USB_EPSetStall
                0x08007430       0xdc ./Drivers/STM32F4xx_HAL_Driver/Src/stm32f4xx_ll_usb.o
                0x08007430                USB_EPSetStall
 .text.USB_EPClearStall
                0x0800750c       0xcc ./Drivers/STM32F4xx_HAL_Driver/Src/stm32f4xx_ll_usb.o
                0x0800750c                USB_EPClearStall
 .text.USB_SetDevAddress
                0x080075d8       0x4c ./Drivers/STM32F4xx_HAL_Driver/Src/stm32f4xx_ll_usb.o
                0x080075d8                USB_SetDevAddress
 .text.USB_DevConnect
                0x08007624       0x42 ./Drivers/STM32F4xx_HAL_Driver/Src/stm32f4xx_ll_usb.o
                0x08007624                USB_DevConnect
 .text.USB_DevDisconnect
                0x08007666       0x42 ./Drivers/STM32F4xx_HAL_Driver/Src/stm32f4xx_ll_usb.o
                0x08007666                USB_DevDisconnect
 .text.USB_ReadInterrupts
                0x080076a8       0x26 ./Drivers/STM32F4xx_HAL_Driver/Src/stm32f4xx_ll_usb.o
                0x080076a8                USB_ReadInterrupts
 .text.USB_ReadDevAllOutEpInterrupt
                0x080076ce       0x34 ./Drivers/STM32F4xx_HAL_Driver/Src/stm32f4xx_ll_usb.o
                0x080076ce                USB_ReadDevAllOutEpInterrupt
 .text.USB_ReadDevAllInEpInterrupt
                0x08007702       0x34 ./Drivers/STM32F4xx_HAL_Driver/Src/stm32f4xx_ll_usb.o
                0x08007702                USB_ReadDevAllInEpInterrupt
 .text.USB_ReadDevOutEPInterrupt
                0x08007736       0x3c ./Drivers/STM32F4xx_HAL_Driver/Src/stm32f4xx_ll_usb.o
                0x08007736                USB_ReadDevOutEPInterrupt
 .text.USB_ReadDevInEPInterrupt
                0x08007772       0x5c ./Drivers/STM32F4xx_HAL_Driver/Src/stm32f4xx_ll_usb.o
                0x08007772                USB_ReadDevInEPInterrupt
 .text.USB_GetMode
                0x080077ce       0x1c ./Drivers/STM32F4xx_HAL_Driver/Src/stm32f4xx_ll_usb.o
                0x080077ce                USB_GetMode
 .text.USB_ActivateSetup
                0x080077ea       0x46 ./Drivers/STM32F4xx_HAL_Driver/Src/stm32f4xx_ll_usb.o
                0x080077ea                USB_ActivateSetup
 .text.USB_EP0_OutStart
                0x08007830       0xbc ./Drivers/STM32F4xx_HAL_Driver/Src/stm32f4xx_ll_usb.o
                0x08007830                USB_EP0_OutStart
 .text.USB_CoreReset
                0x080078ec       0x62 ./Drivers/STM32F4xx_HAL_Driver/Src/stm32f4xx_ll_usb.o
 *fill*         0x0800794e        0x2 
 .text.USBD_CDC_Init
                0x08007950      0x1f0 ./Middlewares/ST/STM32_USB_Device_Library/Class/CDC/Src/usbd_cdc.o
 .text.USBD_CDC_DeInit
                0x08007b40      0x104 ./Middlewares/ST/STM32_USB_Device_Library/Class/CDC/Src/usbd_cdc.o
 .text.USBD_CDC_Setup
                0x08007c44      0x1b8 ./Middlewares/ST/STM32_USB_Device_Library/Class/CDC/Src/usbd_cdc.o
 .text.USBD_CDC_DataIn
                0x08007dfc       0xfe ./Middlewares/ST/STM32_USB_Device_Library/Class/CDC/Src/usbd_cdc.o
 .text.USBD_CDC_DataOut
                0x08007efa       0x70 ./Middlewares/ST/STM32_USB_Device_Library/Class/CDC/Src/usbd_cdc.o
 .text.USBD_CDC_EP0_RxReady
                0x08007f6a       0x74 ./Middlewares/ST/STM32_USB_Device_Library/Class/CDC/Src/usbd_cdc.o
 *fill*         0x08007fde        0x2 
 .text.USBD_CDC_GetFSCfgDesc
                0x08007fe0       0x70 ./Middlewares/ST/STM32_USB_Device_Library/Class/CDC/Src/usbd_cdc.o
 .text.USBD_CDC_GetHSCfgDesc
                0x08008050       0x70 ./Middlewares/ST/STM32_USB_Device_Library/Class/CDC/Src/usbd_cdc.o
 .text.USBD_CDC_GetOtherSpeedCfgDesc
                0x080080c0       0x70 ./Middlewares/ST/STM32_USB_Device_Library/Class/CDC/Src/usbd_cdc.o
 .text.USBD_CDC_GetDeviceQualifierDescriptor
                0x08008130       0x20 ./Middlewares/ST/STM32_USB_Device_Library/Class/CDC/Src/usbd_cdc.o
                0x08008130                USBD_CDC_GetDeviceQualifierDescriptor
 .text.USBD_CDC_RegisterInterface
                0x08008150       0x34 ./Middlewares/ST/STM32_USB_Device_Library/Class/CDC/Src/usbd_cdc.o
                0x08008150                USBD_CDC_RegisterInterface
 .text.USBD_CDC_SetTxBuffer
                0x08008184       0x44 ./Middlewares/ST/STM32_USB_Device_Library/Class/CDC/Src/usbd_cdc.o
                0x08008184                USBD_CDC_SetTxBuffer
 .text.USBD_CDC_SetRxBuffer
                0x080081c8       0x3a ./Middlewares/ST/STM32_USB_Device_Library/Class/CDC/Src/usbd_cdc.o
                0x080081c8                USBD_CDC_SetRxBuffer
 *fill*         0x08008202        0x2 
 .text.USBD_CDC_TransmitPacket
                0x08008204       0x80 ./Middlewares/ST/STM32_USB_Device_Library/Class/CDC/Src/usbd_cdc.o
                0x08008204                USBD_CDC_TransmitPacket
 .text.USBD_CDC_ReceivePacket
                0x08008284       0x6c ./Middlewares/ST/STM32_USB_Device_Library/Class/CDC/Src/usbd_cdc.o
                0x08008284                USBD_CDC_ReceivePacket
 .text.USBD_Init
                0x080082f0       0x60 ./Middlewares/ST/STM32_USB_Device_Library/Core/Src/usbd_core.o
                0x080082f0                USBD_Init
 .text.USBD_RegisterClass
                0x08008350       0x6c ./Middlewares/ST/STM32_USB_Device_Library/Core/Src/usbd_core.o
                0x08008350                USBD_RegisterClass
 .text.USBD_Start
                0x080083bc       0x18 ./Middlewares/ST/STM32_USB_Device_Library/Core/Src/usbd_core.o
                0x080083bc                USBD_Start
 .text.USBD_RunTestMode
                0x080083d4       0x16 ./Middlewares/ST/STM32_USB_Device_Library/Core/Src/usbd_core.o
                0x080083d4                USBD_RunTestMode
 .text.USBD_SetClassConfig
                0x080083ea       0x38 ./Middlewares/ST/STM32_USB_Device_Library/Core/Src/usbd_core.o
                0x080083ea                USBD_SetClassConfig
 .text.USBD_ClrClassConfig
                0x08008422       0x34 ./Middlewares/ST/STM32_USB_Device_Library/Core/Src/usbd_core.o
                0x08008422                USBD_ClrClassConfig
 .text.USBD_LL_SetupStage
                0x08008456       0xaa ./Middlewares/ST/STM32_USB_Device_Library/Core/Src/usbd_core.o
                0x08008456                USBD_LL_SetupStage
 .text.USBD_LL_DataOutStage
                0x08008500      0x166 ./Middlewares/ST/STM32_USB_Device_Library/Core/Src/usbd_core.o
                0x08008500                USBD_LL_DataOutStage
 .text.USBD_LL_DataInStage
                0x08008666      0x164 ./Middlewares/ST/STM32_USB_Device_Library/Core/Src/usbd_core.o
                0x08008666                USBD_LL_DataInStage
 .text.USBD_LL_Reset
                0x080087ca       0xa4 ./Middlewares/ST/STM32_USB_Device_Library/Core/Src/usbd_core.o
                0x080087ca                USBD_LL_Reset
 .text.USBD_LL_SetSpeed
                0x0800886e       0x20 ./Middlewares/ST/STM32_USB_Device_Library/Core/Src/usbd_core.o
                0x0800886e                USBD_LL_SetSpeed
 .text.USBD_LL_Suspend
                0x0800888e       0x38 ./Middlewares/ST/STM32_USB_Device_Library/Core/Src/usbd_core.o
                0x0800888e                USBD_LL_Suspend
 .text.USBD_LL_Resume
                0x080088c6       0x30 ./Middlewares/ST/STM32_USB_Device_Library/Core/Src/usbd_core.o
                0x080088c6                USBD_LL_Resume
 .text.USBD_LL_SOF
                0x080088f6       0x40 ./Middlewares/ST/STM32_USB_Device_Library/Core/Src/usbd_core.o
                0x080088f6                USBD_LL_SOF
 .text.USBD_LL_IsoINIncomplete
                0x08008936       0x64 ./Middlewares/ST/STM32_USB_Device_Library/Core/Src/usbd_core.o
                0x08008936                USBD_LL_IsoINIncomplete
 .text.USBD_LL_IsoOUTIncomplete
                0x0800899a       0x64 ./Middlewares/ST/STM32_USB_Device_Library/Core/Src/usbd_core.o
                0x0800899a                USBD_LL_IsoOUTIncomplete
 .text.USBD_LL_DevConnected
                0x080089fe       0x16 ./Middlewares/ST/STM32_USB_Device_Library/Core/Src/usbd_core.o
                0x080089fe                USBD_LL_DevConnected
 .text.USBD_LL_DevDisconnected
                0x08008a14       0x46 ./Middlewares/ST/STM32_USB_Device_Library/Core/Src/usbd_core.o
                0x08008a14                USBD_LL_DevDisconnected
 .text.USBD_CoreFindIF
                0x08008a5a       0x1a ./Middlewares/ST/STM32_USB_Device_Library/Core/Src/usbd_core.o
                0x08008a5a                USBD_CoreFindIF
 .text.USBD_CoreFindEP
                0x08008a74       0x1a ./Middlewares/ST/STM32_USB_Device_Library/Core/Src/usbd_core.o
                0x08008a74                USBD_CoreFindEP
 .text.USBD_GetEpDesc
                0x08008a8e       0x70 ./Middlewares/ST/STM32_USB_Device_Library/Core/Src/usbd_core.o
                0x08008a8e                USBD_GetEpDesc
 .text.USBD_GetNextDesc
                0x08008afe       0x38 ./Middlewares/ST/STM32_USB_Device_Library/Core/Src/usbd_core.o
                0x08008afe                USBD_GetNextDesc
 .text.SWAPBYTE
                0x08008b36       0x3c ./Middlewares/ST/STM32_USB_Device_Library/Core/Src/usbd_ctlreq.o
 *fill*         0x08008b72        0x2 
 .text.USBD_StdDevReq
                0x08008b74       0xe4 ./Middlewares/ST/STM32_USB_Device_Library/Core/Src/usbd_ctlreq.o
                0x08008b74                USBD_StdDevReq
 .text.USBD_StdItfReq
                0x08008c58       0xd8 ./Middlewares/ST/STM32_USB_Device_Library/Core/Src/usbd_ctlreq.o
                0x08008c58                USBD_StdItfReq
 .text.USBD_StdEPReq
                0x08008d30      0x33a ./Middlewares/ST/STM32_USB_Device_Library/Core/Src/usbd_ctlreq.o
                0x08008d30                USBD_StdEPReq
 *fill*         0x0800906a        0x2 
 .text.USBD_GetDescriptor
                0x0800906c      0x2d4 ./Middlewares/ST/STM32_USB_Device_Library/Core/Src/usbd_ctlreq.o
 .text.USBD_SetAddress
                0x08009340       0x88 ./Middlewares/ST/STM32_USB_Device_Library/Core/Src/usbd_ctlreq.o
 .text.USBD_SetConfig
                0x080093c8      0x154 ./Middlewares/ST/STM32_USB_Device_Library/Core/Src/usbd_ctlreq.o
 .text.USBD_GetConfig
                0x0800951c       0x6c ./Middlewares/ST/STM32_USB_Device_Library/Core/Src/usbd_ctlreq.o
 .text.USBD_GetStatus
                0x08009588       0x68 ./Middlewares/ST/STM32_USB_Device_Library/Core/Src/usbd_ctlreq.o
 .text.USBD_SetFeature
                0x080095f0       0x52 ./Middlewares/ST/STM32_USB_Device_Library/Core/Src/usbd_ctlreq.o
 .text.USBD_ClrFeature
                0x08009642       0x44 ./Middlewares/ST/STM32_USB_Device_Library/Core/Src/usbd_ctlreq.o
 .text.USBD_ParseSetupRequest
                0x08009686       0x74 ./Middlewares/ST/STM32_USB_Device_Library/Core/Src/usbd_ctlreq.o
                0x08009686                USBD_ParseSetupRequest
 .text.USBD_CtlError
                0x080096fa       0x22 ./Middlewares/ST/STM32_USB_Device_Library/Core/Src/usbd_ctlreq.o
                0x080096fa                USBD_CtlError
 .text.USBD_GetString
                0x0800971c       0x8c ./Middlewares/ST/STM32_USB_Device_Library/Core/Src/usbd_ctlreq.o
                0x0800971c                USBD_GetString
 .text.USBD_GetLen
                0x080097a8       0x34 ./Middlewares/ST/STM32_USB_Device_Library/Core/Src/usbd_ctlreq.o
 .text.USBD_CtlSendData
                0x080097dc       0x36 ./Middlewares/ST/STM32_USB_Device_Library/Core/Src/usbd_ioreq.o
                0x080097dc                USBD_CtlSendData
 .text.USBD_CtlContinueSendData
                0x08009812       0x22 ./Middlewares/ST/STM32_USB_Device_Library/Core/Src/usbd_ioreq.o
                0x08009812                USBD_CtlContinueSendData
 .text.USBD_CtlPrepareRx
                0x08009834       0x3a ./Middlewares/ST/STM32_USB_Device_Library/Core/Src/usbd_ioreq.o
                0x08009834                USBD_CtlPrepareRx
 .text.USBD_CtlContinueRx
                0x0800986e       0x22 ./Middlewares/ST/STM32_USB_Device_Library/Core/Src/usbd_ioreq.o
                0x0800986e                USBD_CtlContinueRx
 .text.USBD_CtlSendStatus
                0x08009890       0x26 ./Middlewares/ST/STM32_USB_Device_Library/Core/Src/usbd_ioreq.o
                0x08009890                USBD_CtlSendStatus
 .text.USBD_CtlReceiveStatus
                0x080098b6       0x26 ./Middlewares/ST/STM32_USB_Device_Library/Core/Src/usbd_ioreq.o
                0x080098b6                USBD_CtlReceiveStatus
 .text.__NVIC_SetPriority
                0x080098dc       0x54 ./Middlewares/Third_Party/FreeRTOS/Source/CMSIS_RTOS_V2/cmsis_os2.o
 .text.SysTick_Handler
                0x08009930       0x20 ./Middlewares/Third_Party/FreeRTOS/Source/CMSIS_RTOS_V2/cmsis_os2.o
                0x08009930                SysTick_Handler
 .text.SVC_Setup
                0x08009950       0x12 ./Middlewares/Third_Party/FreeRTOS/Source/CMSIS_RTOS_V2/cmsis_os2.o
 *fill*         0x08009962        0x2 
 .text.osKernelInitialize
                0x08009964       0x48 ./Middlewares/Third_Party/FreeRTOS/Source/CMSIS_RTOS_V2/cmsis_os2.o
                0x08009964                osKernelInitialize
 .text.osKernelStart
                0x080099ac       0x4c ./Middlewares/Third_Party/FreeRTOS/Source/CMSIS_RTOS_V2/cmsis_os2.o
                0x080099ac                osKernelStart
 .text.osThreadNew
                0x080099f8      0x124 ./Middlewares/Third_Party/FreeRTOS/Source/CMSIS_RTOS_V2/cmsis_os2.o
                0x080099f8                osThreadNew
 .text.osThreadFlagsWait
                0x08009b1c      0x102 ./Middlewares/Third_Party/FreeRTOS/Source/CMSIS_RTOS_V2/cmsis_os2.o
                0x08009b1c                osThreadFlagsWait
 *fill*         0x08009c1e        0x2 
 .text.vApplicationGetIdleTaskMemory
                0x08009c20       0x34 ./Middlewares/Third_Party/FreeRTOS/Source/CMSIS_RTOS_V2/cmsis_os2.o
                0x08009c20                vApplicationGetIdleTaskMemory
 .text.vApplicationGetTimerTaskMemory
                0x08009c54       0x34 ./Middlewares/Third_Party/FreeRTOS/Source/CMSIS_RTOS_V2/cmsis_os2.o
                0x08009c54                vApplicationGetTimerTaskMemory
 .text.vListInitialise
                0x08009c88       0x40 ./Middlewares/Third_Party/FreeRTOS/Source/list.o
                0x08009c88                vListInitialise
 .text.vListInitialiseItem
                0x08009cc8       0x1a ./Middlewares/Third_Party/FreeRTOS/Source/list.o
                0x08009cc8                vListInitialiseItem
 .text.vListInsertEnd
                0x08009ce2       0x48 ./Middlewares/Third_Party/FreeRTOS/Source/list.o
                0x08009ce2                vListInsertEnd
 .text.vListInsert
                0x08009d2a       0x72 ./Middlewares/Third_Party/FreeRTOS/Source/list.o
                0x08009d2a                vListInsert
 .text.uxListRemove
                0x08009d9c       0x54 ./Middlewares/Third_Party/FreeRTOS/Source/list.o
                0x08009d9c                uxListRemove
 .text.xQueueGenericReset
                0x08009df0       0xd4 ./Middlewares/Third_Party/FreeRTOS/Source/queue.o
                0x08009df0                xQueueGenericReset
 .text.xQueueGenericCreateStatic
                0x08009ec4       0xfa ./Middlewares/Third_Party/FreeRTOS/Source/queue.o
                0x08009ec4                xQueueGenericCreateStatic
 .text.prvInitialiseNewQueue
                0x08009fbe       0x46 ./Middlewares/Third_Party/FreeRTOS/Source/queue.o
 .text.xQueueGenericSend
                0x0800a004      0x204 ./Middlewares/Third_Party/FreeRTOS/Source/queue.o
                0x0800a004                xQueueGenericSend
 .text.xQueueGenericSendFromISR
                0x0800a208      0x13c ./Middlewares/Third_Party/FreeRTOS/Source/queue.o
                0x0800a208                xQueueGenericSendFromISR
 .text.xQueueReceive
                0x0800a344      0x1c4 ./Middlewares/Third_Party/FreeRTOS/Source/queue.o
                0x0800a344                xQueueReceive
 .text.prvCopyDataToQueue
                0x0800a508       0xd4 ./Middlewares/Third_Party/FreeRTOS/Source/queue.o
 .text.prvCopyDataFromQueue
                0x0800a5dc       0x4c ./Middlewares/Third_Party/FreeRTOS/Source/queue.o
 .text.prvUnlockQueue
                0x0800a628       0xa4 ./Middlewares/Third_Party/FreeRTOS/Source/queue.o
 .text.prvIsQueueEmpty
                0x0800a6cc       0x2c ./Middlewares/Third_Party/FreeRTOS/Source/queue.o
 .text.prvIsQueueFull
                0x0800a6f8       0x30 ./Middlewares/Third_Party/FreeRTOS/Source/queue.o
 .text.vQueueAddToRegistry
                0x0800a728       0x54 ./Middlewares/Third_Party/FreeRTOS/Source/queue.o
                0x0800a728                vQueueAddToRegistry
 .text.vQueueWaitForMessageRestricted
                0x0800a77c       0x68 ./Middlewares/Third_Party/FreeRTOS/Source/queue.o
                0x0800a77c                vQueueWaitForMessageRestricted
 .text.xTaskCreateStatic
                0x0800a7e4       0xc0 ./Middlewares/Third_Party/FreeRTOS/Source/tasks.o
                0x0800a7e4                xTaskCreateStatic
 .text.xTaskCreate
                0x0800a8a4       0x8a ./Middlewares/Third_Party/FreeRTOS/Source/tasks.o
                0x0800a8a4                xTaskCreate
 *fill*         0x0800a92e        0x2 
 .text.prvInitialiseNewTask
                0x0800a930      0x150 ./Middlewares/Third_Party/FreeRTOS/Source/tasks.o
 .text.prvAddNewTaskToReadyList
                0x0800aa80       0xe0 ./Middlewares/Third_Party/FreeRTOS/Source/tasks.o
 .text.vTaskStartScheduler
                0x0800ab60       0xe0 ./Middlewares/Third_Party/FreeRTOS/Source/tasks.o
                0x0800ab60                vTaskStartScheduler
 .text.vTaskSuspendAll
                0x0800ac40       0x1c ./Middlewares/Third_Party/FreeRTOS/Source/tasks.o
                0x0800ac40                vTaskSuspendAll
 .text.xTaskResumeAll
                0x0800ac5c      0x13c ./Middlewares/Third_Party/FreeRTOS/Source/tasks.o
                0x0800ac5c                xTaskResumeAll
 .text.xTaskGetTickCount
                0x0800ad98       0x20 ./Middlewares/Third_Party/FreeRTOS/Source/tasks.o
                0x0800ad98                xTaskGetTickCount
 .text.xTaskIncrementTick
                0x0800adb8      0x174 ./Middlewares/Third_Party/FreeRTOS/Source/tasks.o
                0x0800adb8                xTaskIncrementTick
 .text.vTaskSwitchContext
                0x0800af2c       0xcc ./Middlewares/Third_Party/FreeRTOS/Source/tasks.o
                0x0800af2c                vTaskSwitchContext
 .text.vTaskPlaceOnEventList
                0x0800aff8       0x4c ./Middlewares/Third_Party/FreeRTOS/Source/tasks.o
                0x0800aff8                vTaskPlaceOnEventList
 .text.vTaskPlaceOnEventListRestricted
                0x0800b044       0x58 ./Middlewares/Third_Party/FreeRTOS/Source/tasks.o
                0x0800b044                vTaskPlaceOnEventListRestricted
 .text.xTaskRemoveFromEventList
                0x0800b09c       0xc8 ./Middlewares/Third_Party/FreeRTOS/Source/tasks.o
                0x0800b09c                xTaskRemoveFromEventList
 .text.vTaskInternalSetTimeOutState
                0x0800b164       0x2c ./Middlewares/Third_Party/FreeRTOS/Source/tasks.o
                0x0800b164                vTaskInternalSetTimeOutState
 .text.xTaskCheckForTimeOut
                0x0800b190       0xc8 ./Middlewares/Third_Party/FreeRTOS/Source/tasks.o
                0x0800b190                xTaskCheckForTimeOut
 .text.vTaskMissedYield
                0x0800b258       0x18 ./Middlewares/Third_Party/FreeRTOS/Source/tasks.o
                0x0800b258                vTaskMissedYield
 .text.prvIdleTask
                0x0800b270       0x30 ./Middlewares/Third_Party/FreeRTOS/Source/tasks.o
 .text.prvInitialiseTaskLists
                0x0800b2a0       0x80 ./Middlewares/Third_Party/FreeRTOS/Source/tasks.o
 .text.prvCheckTasksWaitingTermination
                0x0800b320       0x5c ./Middlewares/Third_Party/FreeRTOS/Source/tasks.o
 .text.prvDeleteTCB
                0x0800b37c       0x6a ./Middlewares/Third_Party/FreeRTOS/Source/tasks.o
 *fill*         0x0800b3e6        0x2 
 .text.prvResetNextTaskUnblockTime
                0x0800b3e8       0x40 ./Middlewares/Third_Party/FreeRTOS/Source/tasks.o
 .text.xTaskGetSchedulerState
                0x0800b428       0x3c ./Middlewares/Third_Party/FreeRTOS/Source/tasks.o
                0x0800b428                xTaskGetSchedulerState
 .text.xTaskPriorityDisinherit
                0x0800b464       0xe0 ./Middlewares/Third_Party/FreeRTOS/Source/tasks.o
                0x0800b464                xTaskPriorityDisinherit
 .text.xTaskNotifyWait
                0x0800b544       0xc0 ./Middlewares/Third_Party/FreeRTOS/Source/tasks.o
                0x0800b544                xTaskNotifyWait
 .text.prvAddCurrentTaskToDelayedList
                0x0800b604       0xa8 ./Middlewares/Third_Party/FreeRTOS/Source/tasks.o
 .text.xTimerCreateTimerTask
                0x0800b6ac       0x94 ./Middlewares/Third_Party/FreeRTOS/Source/timers.o
                0x0800b6ac                xTimerCreateTimerTask
 .text.xTimerGenericCommand
                0x0800b740       0x9c ./Middlewares/Third_Party/FreeRTOS/Source/timers.o
                0x0800b740                xTimerGenericCommand
 .text.prvProcessExpiredTimer
                0x0800b7dc       0x9c ./Middlewares/Third_Party/FreeRTOS/Source/timers.o
 .text.prvTimerTask
                0x0800b878       0x26 ./Middlewares/Third_Party/FreeRTOS/Source/timers.o
 *fill*         0x0800b89e        0x2 
 .text.prvProcessTimerOrBlockTask
                0x0800b8a0       0x9c ./Middlewares/Third_Party/FreeRTOS/Source/timers.o
 .text.prvGetNextExpireTime
                0x0800b93c       0x48 ./Middlewares/Third_Party/FreeRTOS/Source/timers.o
 .text.prvSampleTimeNow
                0x0800b984       0x40 ./Middlewares/Third_Party/FreeRTOS/Source/timers.o
 .text.prvInsertTimerInActiveList
                0x0800b9c4       0x84 ./Middlewares/Third_Party/FreeRTOS/Source/timers.o
 .text.prvProcessReceivedCommands
                0x0800ba48      0x1cc ./Middlewares/Third_Party/FreeRTOS/Source/timers.o
 .text.prvSwitchTimerLists
                0x0800bc14       0xcc ./Middlewares/Third_Party/FreeRTOS/Source/timers.o
 .text.prvCheckForValidListAndQueue
                0x0800bce0       0x80 ./Middlewares/Third_Party/FreeRTOS/Source/timers.o
 .text.pxPortInitialiseStack
                0x0800bd60       0x68 ./Middlewares/Third_Party/FreeRTOS/Source/portable/GCC/ARM_CM4F/port.o
                0x0800bd60                pxPortInitialiseStack
 .text.prvTaskExitError
                0x0800bdc8       0x5c ./Middlewares/Third_Party/FreeRTOS/Source/portable/GCC/ARM_CM4F/port.o
 *fill*         0x0800be24        0xc 
 .text.SVC_Handler
                0x0800be30       0x28 ./Middlewares/Third_Party/FreeRTOS/Source/portable/GCC/ARM_CM4F/port.o
                0x0800be30                SVC_Handler
 .text.prvPortStartFirstTask
                0x0800be58       0x28 ./Middlewares/Third_Party/FreeRTOS/Source/portable/GCC/ARM_CM4F/port.o
 .text.xPortStartScheduler
                0x0800be80      0x148 ./Middlewares/Third_Party/FreeRTOS/Source/portable/GCC/ARM_CM4F/port.o
                0x0800be80                xPortStartScheduler
 .text.vPortEnterCritical
                0x0800bfc8       0x64 ./Middlewares/Third_Party/FreeRTOS/Source/portable/GCC/ARM_CM4F/port.o
                0x0800bfc8                vPortEnterCritical
 .text.vPortExitCritical
                0x0800c02c       0x54 ./Middlewares/Third_Party/FreeRTOS/Source/portable/GCC/ARM_CM4F/port.o
                0x0800c02c                vPortExitCritical
 .text.PendSV_Handler
                0x0800c080       0x68 ./Middlewares/Third_Party/FreeRTOS/Source/portable/GCC/ARM_CM4F/port.o
                0x0800c080                PendSV_Handler
 .text.xPortSysTickHandler
                0x0800c0e8       0x44 ./Middlewares/Third_Party/FreeRTOS/Source/portable/GCC/ARM_CM4F/port.o
                0x0800c0e8                xPortSysTickHandler
 .text.vPortSetupTimerInterrupt
                0x0800c12c       0x48 ./Middlewares/Third_Party/FreeRTOS/Source/portable/GCC/ARM_CM4F/port.o
                0x0800c12c                vPortSetupTimerInterrupt
 .text.vPortEnableVFP
                0x0800c174       0x14 ./Middlewares/Third_Party/FreeRTOS/Source/portable/GCC/ARM_CM4F/port.o
 .text.vPortValidateInterruptPriority
                0x0800c188       0x84 ./Middlewares/Third_Party/FreeRTOS/Source/portable/GCC/ARM_CM4F/port.o
                0x0800c188                vPortValidateInterruptPriority
 .text.pvPortMalloc
                0x0800c20c      0x19c ./Middlewares/Third_Party/FreeRTOS/Source/portable/MemMang/heap_4.o
                0x0800c20c                pvPortMalloc
 .text.vPortFree
                0x0800c3a8       0xc8 ./Middlewares/Third_Party/FreeRTOS/Source/portable/MemMang/heap_4.o
                0x0800c3a8                vPortFree
 .text.prvHeapInit
                0x0800c470       0xc4 ./Middlewares/Third_Party/FreeRTOS/Source/portable/MemMang/heap_4.o
 .text.prvInsertBlockIntoFreeList
                0x0800c534       0xb4 ./Middlewares/Third_Party/FreeRTOS/Source/portable/MemMang/heap_4.o
 .text.MX_USB_DEVICE_Init
                0x0800c5e8       0x60 ./USB_DEVICE/App/usb_device.o
                0x0800c5e8                MX_USB_DEVICE_Init
 .text.CDC_Init_FS
                0x0800c648       0x28 ./USB_DEVICE/App/usbd_cdc_if.o
 .text.CDC_DeInit_FS
                0x0800c670       0x10 ./USB_DEVICE/App/usbd_cdc_if.o
 .text.CDC_Control_FS
                0x0800c680       0xbc ./USB_DEVICE/App/usbd_cdc_if.o
 .text.CDC_Receive_FS
                0x0800c73c       0x28 ./USB_DEVICE/App/usbd_cdc_if.o
 .text.CDC_Transmit_FS
                0x0800c764       0x4c ./USB_DEVICE/App/usbd_cdc_if.o
                0x0800c764                CDC_Transmit_FS
 .text.CDC_TransmitCplt_FS
                0x0800c7b0       0x22 ./USB_DEVICE/App/usbd_cdc_if.o
 *fill*         0x0800c7d2        0x2 
 .text.USBD_FS_DeviceDescriptor
                0x0800c7d4       0x24 ./USB_DEVICE/App/usbd_desc.o
                0x0800c7d4                USBD_FS_DeviceDescriptor
 .text.USBD_FS_LangIDStrDescriptor
                0x0800c7f8       0x24 ./USB_DEVICE/App/usbd_desc.o
                0x0800c7f8                USBD_FS_LangIDStrDescriptor
 .text.USBD_FS_ProductStrDescriptor
                0x0800c81c       0x3c ./USB_DEVICE/App/usbd_desc.o
                0x0800c81c                USBD_FS_ProductStrDescriptor
 .text.USBD_FS_ManufacturerStrDescriptor
                0x0800c858       0x28 ./USB_DEVICE/App/usbd_desc.o
                0x0800c858                USBD_FS_ManufacturerStrDescriptor
 .text.USBD_FS_SerialStrDescriptor
                0x0800c880       0x24 ./USB_DEVICE/App/usbd_desc.o
                0x0800c880                USBD_FS_SerialStrDescriptor
 .text.USBD_FS_ConfigStrDescriptor
                0x0800c8a4       0x3c ./USB_DEVICE/App/usbd_desc.o
                0x0800c8a4                USBD_FS_ConfigStrDescriptor
 .text.USBD_FS_InterfaceStrDescriptor
                0x0800c8e0       0x3c ./USB_DEVICE/App/usbd_desc.o
                0x0800c8e0                USBD_FS_InterfaceStrDescriptor
 .text.Get_SerialNum
                0x0800c91c       0x58 ./USB_DEVICE/App/usbd_desc.o
 .text.IntToUnicode
                0x0800c974       0x7e ./USB_DEVICE/App/usbd_desc.o
 *fill*         0x0800c9f2        0x2 
 .text.HAL_PCD_MspInit
                0x0800c9f4       0xa8 ./USB_DEVICE/Target/usbd_conf.o
                0x0800c9f4                HAL_PCD_MspInit
 .text.HAL_PCD_SetupStageCallback
                0x0800ca9c       0x24 ./USB_DEVICE/Target/usbd_conf.o
                0x0800ca9c                HAL_PCD_SetupStageCallback
 .text.HAL_PCD_DataOutStageCallback
                0x0800cac0       0x36 ./USB_DEVICE/Target/usbd_conf.o
                0x0800cac0                HAL_PCD_DataOutStageCallback
 .text.HAL_PCD_DataInStageCallback
                0x0800caf6       0x34 ./USB_DEVICE/Target/usbd_conf.o
                0x0800caf6                HAL_PCD_DataInStageCallback
 .text.HAL_PCD_SOFCallback
                0x0800cb2a       0x1c ./USB_DEVICE/Target/usbd_conf.o
                0x0800cb2a                HAL_PCD_SOFCallback
 .text.HAL_PCD_ResetCallback
                0x0800cb46       0x3c ./USB_DEVICE/Target/usbd_conf.o
                0x0800cb46                HAL_PCD_ResetCallback
 *fill*         0x0800cb82        0x2 
 .text.HAL_PCD_SuspendCallback
                0x0800cb84       0x4c ./USB_DEVICE/Target/usbd_conf.o
                0x0800cb84                HAL_PCD_SuspendCallback
 .text.HAL_PCD_ResumeCallback
                0x0800cbd0       0x1c ./USB_DEVICE/Target/usbd_conf.o
                0x0800cbd0                HAL_PCD_ResumeCallback
 .text.HAL_PCD_ISOOUTIncompleteCallback
                0x0800cbec       0x24 ./USB_DEVICE/Target/usbd_conf.o
                0x0800cbec                HAL_PCD_ISOOUTIncompleteCallback
 .text.HAL_PCD_ISOINIncompleteCallback
                0x0800cc10       0x24 ./USB_DEVICE/Target/usbd_conf.o
                0x0800cc10                HAL_PCD_ISOINIncompleteCallback
 .text.HAL_PCD_ConnectCallback
                0x0800cc34       0x1c ./USB_DEVICE/Target/usbd_conf.o
                0x0800cc34                HAL_PCD_ConnectCallback
 .text.HAL_PCD_DisconnectCallback
                0x0800cc50       0x1c ./USB_DEVICE/Target/usbd_conf.o
                0x0800cc50                HAL_PCD_DisconnectCallback
 .text.USBD_LL_Init
                0x0800cc6c       0x98 ./USB_DEVICE/Target/usbd_conf.o
                0x0800cc6c                USBD_LL_Init
 .text.USBD_LL_Start
                0x0800cd04       0x36 ./USB_DEVICE/Target/usbd_conf.o
                0x0800cd04                USBD_LL_Start
 .text.USBD_LL_OpenEP
                0x0800cd3a       0x4c ./USB_DEVICE/Target/usbd_conf.o
                0x0800cd3a                USBD_LL_OpenEP
 .text.USBD_LL_CloseEP
                0x0800cd86       0x3e ./USB_DEVICE/Target/usbd_conf.o
                0x0800cd86                USBD_LL_CloseEP
 .text.USBD_LL_StallEP
                0x0800cdc4       0x3e ./USB_DEVICE/Target/usbd_conf.o
                0x0800cdc4                USBD_LL_StallEP
 .text.USBD_LL_ClearStallEP
                0x0800ce02       0x3e ./USB_DEVICE/Target/usbd_conf.o
                0x0800ce02                USBD_LL_ClearStallEP
 .text.USBD_LL_IsStallEP
                0x0800ce40       0x58 ./USB_DEVICE/Target/usbd_conf.o
                0x0800ce40                USBD_LL_IsStallEP
 .text.USBD_LL_SetUSBAddress
                0x0800ce98       0x3e ./USB_DEVICE/Target/usbd_conf.o
                0x0800ce98                USBD_LL_SetUSBAddress
 .text.USBD_LL_Transmit
                0x0800ced6       0x42 ./USB_DEVICE/Target/usbd_conf.o
                0x0800ced6                USBD_LL_Transmit
 .text.USBD_LL_PrepareReceive
                0x0800cf18       0x42 ./USB_DEVICE/Target/usbd_conf.o
                0x0800cf18                USBD_LL_PrepareReceive
 .text.USBD_LL_GetRxDataSize
                0x0800cf5a       0x26 ./USB_DEVICE/Target/usbd_conf.o
                0x0800cf5a                USBD_LL_GetRxDataSize
 .text.USBD_static_malloc
                0x0800cf80       0x1c ./USB_DEVICE/Target/usbd_conf.o
                0x0800cf80                USBD_static_malloc
 .text.USBD_static_free
                0x0800cf9c       0x14 ./USB_DEVICE/Target/usbd_conf.o
                0x0800cf9c                USBD_static_free
 .text.USBD_Get_USB_Status
                0x0800cfb0       0x58 ./USB_DEVICE/Target/usbd_conf.o
                0x0800cfb0                USBD_Get_USB_Status
 .text.__cvt    0x0800d008       0xca C:/ST/STM32CubeIDE_1.15.0/STM32CubeIDE/plugins/com.st.stm32cube.ide.mcu.externaltools.gnu-tools-for-stm32.12.3.rel1.win32_1.0.100.202403111256/tools/bin/../lib/gcc/arm-none-eabi/12.3.1/../../../../arm-none-eabi/lib/thumb/v7e-m+fp/hard\libc_nano.a(libc_a-nano-vfprintf_float.o)
                0x0800d008                __cvt
 .text.__exponent
                0x0800d0d2       0x74 C:/ST/STM32CubeIDE_1.15.0/STM32CubeIDE/plugins/com.st.stm32cube.ide.mcu.externaltools.gnu-tools-for-stm32.12.3.rel1.win32_1.0.100.202403111256/tools/bin/../lib/gcc/arm-none-eabi/12.3.1/../../../../arm-none-eabi/lib/thumb/v7e-m+fp/hard\libc_nano.a(libc_a-nano-vfprintf_float.o)
                0x0800d0d2                __exponent
 *fill*         0x0800d146        0x2 
 .text._printf_float
                0x0800d148      0x454 C:/ST/STM32CubeIDE_1.15.0/STM32CubeIDE/plugins/com.st.stm32cube.ide.mcu.externaltools.gnu-tools-for-stm32.12.3.rel1.win32_1.0.100.202403111256/tools/bin/../lib/gcc/arm-none-eabi/12.3.1/../../../../arm-none-eabi/lib/thumb/v7e-m+fp/hard\libc_nano.a(libc_a-nano-vfprintf_float.o)
                0x0800d148                _printf_float
 .text._printf_common
                0x0800d59c       0xda C:/ST/STM32CubeIDE_1.15.0/STM32CubeIDE/plugins/com.st.stm32cube.ide.mcu.externaltools.gnu-tools-for-stm32.12.3.rel1.win32_1.0.100.202403111256/tools/bin/../lib/gcc/arm-none-eabi/12.3.1/../../../../arm-none-eabi/lib/thumb/v7e-m+fp/hard\libc_nano.a(libc_a-nano-vfprintf_i.o)
                0x0800d59c                _printf_common
 *fill*         0x0800d676        0x2 
 .text._printf_i
                0x0800d678      0x240 C:/ST/STM32CubeIDE_1.15.0/STM32CubeIDE/plugins/com.st.stm32cube.ide.mcu.externaltools.gnu-tools-for-stm32.12.3.rel1.win32_1.0.100.202403111256/tools/bin/../lib/gcc/arm-none-eabi/12.3.1/../../../../arm-none-eabi/lib/thumb/v7e-m+fp/hard\libc_nano.a(libc_a-nano-vfprintf_i.o)
                0x0800d678                _printf_i
 .text.std      0x0800d8b8       0x6c C:/ST/STM32CubeIDE_1.15.0/STM32CubeIDE/plugins/com.st.stm32cube.ide.mcu.externaltools.gnu-tools-for-stm32.12.3.rel1.win32_1.0.100.202403111256/tools/bin/../lib/gcc/arm-none-eabi/12.3.1/../../../../arm-none-eabi/lib/thumb/v7e-m+fp/hard\libc_nano.a(libc_a-findfp.o)
 .text.stdio_exit_handler
                0x0800d924       0x18 C:/ST/STM32CubeIDE_1.15.0/STM32CubeIDE/plugins/com.st.stm32cube.ide.mcu.externaltools.gnu-tools-for-stm32.12.3.rel1.win32_1.0.100.202403111256/tools/bin/../lib/gcc/arm-none-eabi/12.3.1/../../../../arm-none-eabi/lib/thumb/v7e-m+fp/hard\libc_nano.a(libc_a-findfp.o)
 .text.cleanup_stdio
                0x0800d93c       0x40 C:/ST/STM32CubeIDE_1.15.0/STM32CubeIDE/plugins/com.st.stm32cube.ide.mcu.externaltools.gnu-tools-for-stm32.12.3.rel1.win32_1.0.100.202403111256/tools/bin/../lib/gcc/arm-none-eabi/12.3.1/../../../../arm-none-eabi/lib/thumb/v7e-m+fp/hard\libc_nano.a(libc_a-findfp.o)
 .text.global_stdio_init.part.0
                0x0800d97c       0x3c C:/ST/STM32CubeIDE_1.15.0/STM32CubeIDE/plugins/com.st.stm32cube.ide.mcu.externaltools.gnu-tools-for-stm32.12.3.rel1.win32_1.0.100.202403111256/tools/bin/../lib/gcc/arm-none-eabi/12.3.1/../../../../arm-none-eabi/lib/thumb/v7e-m+fp/hard\libc_nano.a(libc_a-findfp.o)
 .text.__sfp_lock_acquire
                0x0800d9b8        0xc C:/ST/STM32CubeIDE_1.15.0/STM32CubeIDE/plugins/com.st.stm32cube.ide.mcu.externaltools.gnu-tools-for-stm32.12.3.rel1.win32_1.0.100.202403111256/tools/bin/../lib/gcc/arm-none-eabi/12.3.1/../../../../arm-none-eabi/lib/thumb/v7e-m+fp/hard\libc_nano.a(libc_a-findfp.o)
                0x0800d9b8                __sfp_lock_acquire
 .text.__sfp_lock_release
                0x0800d9c4        0xc C:/ST/STM32CubeIDE_1.15.0/STM32CubeIDE/plugins/com.st.stm32cube.ide.mcu.externaltools.gnu-tools-for-stm32.12.3.rel1.win32_1.0.100.202403111256/tools/bin/../lib/gcc/arm-none-eabi/12.3.1/../../../../arm-none-eabi/lib/thumb/v7e-m+fp/hard\libc_nano.a(libc_a-findfp.o)
                0x0800d9c4                __sfp_lock_release
 .text.__sinit  0x0800d9d0       0x30 C:/ST/STM32CubeIDE_1.15.0/STM32CubeIDE/plugins/com.st.stm32cube.ide.mcu.externaltools.gnu-tools-for-stm32.12.3.rel1.win32_1.0.100.202403111256/tools/bin/../lib/gcc/arm-none-eabi/12.3.1/../../../../arm-none-eabi/lib/thumb/v7e-m+fp/hard\libc_nano.a(libc_a-findfp.o)
                0x0800d9d0                __sinit
 .text._fwalk_sglue
                0x0800da00       0x3c C:/ST/STM32CubeIDE_1.15.0/STM32CubeIDE/plugins/com.st.stm32cube.ide.mcu.externaltools.gnu-tools-for-stm32.12.3.rel1.win32_1.0.100.202403111256/tools/bin/../lib/gcc/arm-none-eabi/12.3.1/../../../../arm-none-eabi/lib/thumb/v7e-m+fp/hard\libc_nano.a(libc_a-fwalk.o)
                0x0800da00                _fwalk_sglue
 .text.printf   0x0800da3c       0x24 C:/ST/STM32CubeIDE_1.15.0/STM32CubeIDE/plugins/com.st.stm32cube.ide.mcu.externaltools.gnu-tools-for-stm32.12.3.rel1.win32_1.0.100.202403111256/tools/bin/../lib/gcc/arm-none-eabi/12.3.1/../../../../arm-none-eabi/lib/thumb/v7e-m+fp/hard\libc_nano.a(libc_a-printf.o)
                0x0800da3c                iprintf
                0x0800da3c                printf
 .text._puts_r  0x0800da60       0xaa C:/ST/STM32CubeIDE_1.15.0/STM32CubeIDE/plugins/com.st.stm32cube.ide.mcu.externaltools.gnu-tools-for-stm32.12.3.rel1.win32_1.0.100.202403111256/tools/bin/../lib/gcc/arm-none-eabi/12.3.1/../../../../arm-none-eabi/lib/thumb/v7e-m+fp/hard\libc_nano.a(libc_a-puts.o)
                0x0800da60                _puts_r
 *fill*         0x0800db0a        0x2 
 .text.puts     0x0800db0c       0x10 C:/ST/STM32CubeIDE_1.15.0/STM32CubeIDE/plugins/com.st.stm32cube.ide.mcu.externaltools.gnu-tools-for-stm32.12.3.rel1.win32_1.0.100.202403111256/tools/bin/../lib/gcc/arm-none-eabi/12.3.1/../../../../arm-none-eabi/lib/thumb/v7e-m+fp/hard\libc_nano.a(libc_a-puts.o)
                0x0800db0c                puts
 .text.sprintf  0x0800db1c       0x40 C:/ST/STM32CubeIDE_1.15.0/STM32CubeIDE/plugins/com.st.stm32cube.ide.mcu.externaltools.gnu-tools-for-stm32.12.3.rel1.win32_1.0.100.202403111256/tools/bin/../lib/gcc/arm-none-eabi/12.3.1/../../../../arm-none-eabi/lib/thumb/v7e-m+fp/hard\libc_nano.a(libc_a-sprintf.o)
                0x0800db1c                siprintf
                0x0800db1c                sprintf
 .text.__sread  0x0800db5c       0x22 C:/ST/STM32CubeIDE_1.15.0/STM32CubeIDE/plugins/com.st.stm32cube.ide.mcu.externaltools.gnu-tools-for-stm32.12.3.rel1.win32_1.0.100.202403111256/tools/bin/../lib/gcc/arm-none-eabi/12.3.1/../../../../arm-none-eabi/lib/thumb/v7e-m+fp/hard\libc_nano.a(libc_a-stdio.o)
                0x0800db5c                __sread
 .text.__swrite
                0x0800db7e       0x38 C:/ST/STM32CubeIDE_1.15.0/STM32CubeIDE/plugins/com.st.stm32cube.ide.mcu.externaltools.gnu-tools-for-stm32.12.3.rel1.win32_1.0.100.202403111256/tools/bin/../lib/gcc/arm-none-eabi/12.3.1/../../../../arm-none-eabi/lib/thumb/v7e-m+fp/hard\libc_nano.a(libc_a-stdio.o)
                0x0800db7e                __swrite
 .text.__sseek  0x0800dbb6       0x24 C:/ST/STM32CubeIDE_1.15.0/STM32CubeIDE/plugins/com.st.stm32cube.ide.mcu.externaltools.gnu-tools-for-stm32.12.3.rel1.win32_1.0.100.202403111256/tools/bin/../lib/gcc/arm-none-eabi/12.3.1/../../../../arm-none-eabi/lib/thumb/v7e-m+fp/hard\libc_nano.a(libc_a-stdio.o)
                0x0800dbb6                __sseek
 .text.__sclose
                0x0800dbda        0x8 C:/ST/STM32CubeIDE_1.15.0/STM32CubeIDE/plugins/com.st.stm32cube.ide.mcu.externaltools.gnu-tools-for-stm32.12.3.rel1.win32_1.0.100.202403111256/tools/bin/../lib/gcc/arm-none-eabi/12.3.1/../../../../arm-none-eabi/lib/thumb/v7e-m+fp/hard\libc_nano.a(libc_a-stdio.o)
                0x0800dbda                __sclose
 .text.__swbuf_r
                0x0800dbe2       0x7c C:/ST/STM32CubeIDE_1.15.0/STM32CubeIDE/plugins/com.st.stm32cube.ide.mcu.externaltools.gnu-tools-for-stm32.12.3.rel1.win32_1.0.100.202403111256/tools/bin/../lib/gcc/arm-none-eabi/12.3.1/../../../../arm-none-eabi/lib/thumb/v7e-m+fp/hard\libc_nano.a(libc_a-wbuf.o)
                0x0800dbe2                __swbuf_r
 *fill*         0x0800dc5e        0x2 
 .text.__swsetup_r
                0x0800dc60       0xac C:/ST/STM32CubeIDE_1.15.0/STM32CubeIDE/plugins/com.st.stm32cube.ide.mcu.externaltools.gnu-tools-for-stm32.12.3.rel1.win32_1.0.100.202403111256/tools/bin/../lib/gcc/arm-none-eabi/12.3.1/../../../../arm-none-eabi/lib/thumb/v7e-m+fp/hard\libc_nano.a(libc_a-wsetup.o)
                0x0800dc60                __swsetup_r
 .text.memset   0x0800dd0c       0x10 C:/ST/STM32CubeIDE_1.15.0/STM32CubeIDE/plugins/com.st.stm32cube.ide.mcu.externaltools.gnu-tools-for-stm32.12.3.rel1.win32_1.0.100.202403111256/tools/bin/../lib/gcc/arm-none-eabi/12.3.1/../../../../arm-none-eabi/lib/thumb/v7e-m+fp/hard\libc_nano.a(libc_a-memset.o)
                0x0800dd0c                memset
 .text._localeconv_r
                0x0800dd1c        0x8 C:/ST/STM32CubeIDE_1.15.0/STM32CubeIDE/plugins/com.st.stm32cube.ide.mcu.externaltools.gnu-tools-for-stm32.12.3.rel1.win32_1.0.100.202403111256/tools/bin/../lib/gcc/arm-none-eabi/12.3.1/../../../../arm-none-eabi/lib/thumb/v7e-m+fp/hard\libc_nano.a(libc_a-localeconv.o)
                0x0800dd1c                _localeconv_r
 .text._close_r
                0x0800dd24       0x20 C:/ST/STM32CubeIDE_1.15.0/STM32CubeIDE/plugins/com.st.stm32cube.ide.mcu.externaltools.gnu-tools-for-stm32.12.3.rel1.win32_1.0.100.202403111256/tools/bin/../lib/gcc/arm-none-eabi/12.3.1/../../../../arm-none-eabi/lib/thumb/v7e-m+fp/hard\libc_nano.a(libc_a-closer.o)
                0x0800dd24                _close_r
 .text._reclaim_reent
                0x0800dd44       0xac C:/ST/STM32CubeIDE_1.15.0/STM32CubeIDE/plugins/com.st.stm32cube.ide.mcu.externaltools.gnu-tools-for-stm32.12.3.rel1.win32_1.0.100.202403111256/tools/bin/../lib/gcc/arm-none-eabi/12.3.1/../../../../arm-none-eabi/lib/thumb/v7e-m+fp/hard\libc_nano.a(libc_a-reent.o)
                0x0800dd44                _reclaim_reent
 .text._lseek_r
                0x0800ddf0       0x24 C:/ST/STM32CubeIDE_1.15.0/STM32CubeIDE/plugins/com.st.stm32cube.ide.mcu.externaltools.gnu-tools-for-stm32.12.3.rel1.win32_1.0.100.202403111256/tools/bin/../lib/gcc/arm-none-eabi/12.3.1/../../../../arm-none-eabi/lib/thumb/v7e-m+fp/hard\libc_nano.a(libc_a-lseekr.o)
                0x0800ddf0                _lseek_r
 .text._read_r  0x0800de14       0x24 C:/ST/STM32CubeIDE_1.15.0/STM32CubeIDE/plugins/com.st.stm32cube.ide.mcu.externaltools.gnu-tools-for-stm32.12.3.rel1.win32_1.0.100.202403111256/tools/bin/../lib/gcc/arm-none-eabi/12.3.1/../../../../arm-none-eabi/lib/thumb/v7e-m+fp/hard\libc_nano.a(libc_a-readr.o)
                0x0800de14                _read_r
 .text._write_r
                0x0800de38       0x24 C:/ST/STM32CubeIDE_1.15.0/STM32CubeIDE/plugins/com.st.stm32cube.ide.mcu.externaltools.gnu-tools-for-stm32.12.3.rel1.win32_1.0.100.202403111256/tools/bin/../lib/gcc/arm-none-eabi/12.3.1/../../../../arm-none-eabi/lib/thumb/v7e-m+fp/hard\libc_nano.a(libc_a-writer.o)
                0x0800de38                _write_r
 .text.__errno  0x0800de5c        0xc C:/ST/STM32CubeIDE_1.15.0/STM32CubeIDE/plugins/com.st.stm32cube.ide.mcu.externaltools.gnu-tools-for-stm32.12.3.rel1.win32_1.0.100.202403111256/tools/bin/../lib/gcc/arm-none-eabi/12.3.1/../../../../arm-none-eabi/lib/thumb/v7e-m+fp/hard\libc_nano.a(libc_a-errno.o)
                0x0800de5c                __errno
 .text.__libc_init_array
                0x0800de68       0x48 C:/ST/STM32CubeIDE_1.15.0/STM32CubeIDE/plugins/com.st.stm32cube.ide.mcu.externaltools.gnu-tools-for-stm32.12.3.rel1.win32_1.0.100.202403111256/tools/bin/../lib/gcc/arm-none-eabi/12.3.1/../../../../arm-none-eabi/lib/thumb/v7e-m+fp/hard\libc_nano.a(libc_a-init.o)
                0x0800de68                __libc_init_array
 .text.__retarget_lock_init_recursive
                0x0800deb0        0x2 C:/ST/STM32CubeIDE_1.15.0/STM32CubeIDE/plugins/com.st.stm32cube.ide.mcu.externaltools.gnu-tools-for-stm32.12.3.rel1.win32_1.0.100.202403111256/tools/bin/../lib/gcc/arm-none-eabi/12.3.1/../../../../arm-none-eabi/lib/thumb/v7e-m+fp/hard\libc_nano.a(libc_a-lock.o)
                0x0800deb0                __retarget_lock_init_recursive
 .text.__retarget_lock_acquire_recursive
                0x0800deb2        0x2 C:/ST/STM32CubeIDE_1.15.0/STM32CubeIDE/plugins/com.st.stm32cube.ide.mcu.externaltools.gnu-tools-for-stm32.12.3.rel1.win32_1.0.100.202403111256/tools/bin/../lib/gcc/arm-none-eabi/12.3.1/../../../../arm-none-eabi/lib/thumb/v7e-m+fp/hard\libc_nano.a(libc_a-lock.o)
                0x0800deb2                __retarget_lock_acquire_recursive
 .text.__retarget_lock_release_recursive
                0x0800deb4        0x2 C:/ST/STM32CubeIDE_1.15.0/STM32CubeIDE/plugins/com.st.stm32cube.ide.mcu.externaltools.gnu-tools-for-stm32.12.3.rel1.win32_1.0.100.202403111256/tools/bin/../lib/gcc/arm-none-eabi/12.3.1/../../../../arm-none-eabi/lib/thumb/v7e-m+fp/hard\libc_nano.a(libc_a-lock.o)
                0x0800deb4                __retarget_lock_release_recursive
 .text.memcpy   0x0800deb6       0x1c C:/ST/STM32CubeIDE_1.15.0/STM32CubeIDE/plugins/com.st.stm32cube.ide.mcu.externaltools.gnu-tools-for-stm32.12.3.rel1.win32_1.0.100.202403111256/tools/bin/../lib/gcc/arm-none-eabi/12.3.1/../../../../arm-none-eabi/lib/thumb/v7e-m+fp/hard\libc_nano.a(libc_a-memcpy-stub.o)
                0x0800deb6                memcpy
 .text.quorem   0x0800ded2      0x110 C:/ST/STM32CubeIDE_1.15.0/STM32CubeIDE/plugins/com.st.stm32cube.ide.mcu.externaltools.gnu-tools-for-stm32.12.3.rel1.win32_1.0.100.202403111256/tools/bin/../lib/gcc/arm-none-eabi/12.3.1/../../../../arm-none-eabi/lib/thumb/v7e-m+fp/hard\libc_nano.a(libc_a-dtoa.o)
 *fill*         0x0800dfe2        0x6 
 .text._dtoa_r  0x0800dfe8      0xb88 C:/ST/STM32CubeIDE_1.15.0/STM32CubeIDE/plugins/com.st.stm32cube.ide.mcu.externaltools.gnu-tools-for-stm32.12.3.rel1.win32_1.0.100.202403111256/tools/bin/../lib/gcc/arm-none-eabi/12.3.1/../../../../arm-none-eabi/lib/thumb/v7e-m+fp/hard\libc_nano.a(libc_a-dtoa.o)
                0x0800dfe8                _dtoa_r
 .text._free_r  0x0800eb70       0x94 C:/ST/STM32CubeIDE_1.15.0/STM32CubeIDE/plugins/com.st.stm32cube.ide.mcu.externaltools.gnu-tools-for-stm32.12.3.rel1.win32_1.0.100.202403111256/tools/bin/../lib/gcc/arm-none-eabi/12.3.1/../../../../arm-none-eabi/lib/thumb/v7e-m+fp/hard\libc_nano.a(libc_a-freer.o)
                0x0800eb70                _free_r
 .text.malloc   0x0800ec04       0x10 C:/ST/STM32CubeIDE_1.15.0/STM32CubeIDE/plugins/com.st.stm32cube.ide.mcu.externaltools.gnu-tools-for-stm32.12.3.rel1.win32_1.0.100.202403111256/tools/bin/../lib/gcc/arm-none-eabi/12.3.1/../../../../arm-none-eabi/lib/thumb/v7e-m+fp/hard\libc_nano.a(libc_a-malloc.o)
                0x0800ec04                malloc
 .text.sbrk_aligned
                0x0800ec14       0x44 C:/ST/STM32CubeIDE_1.15.0/STM32CubeIDE/plugins/com.st.stm32cube.ide.mcu.externaltools.gnu-tools-for-stm32.12.3.rel1.win32_1.0.100.202403111256/tools/bin/../lib/gcc/arm-none-eabi/12.3.1/../../../../arm-none-eabi/lib/thumb/v7e-m+fp/hard\libc_nano.a(libc_a-mallocr.o)
 .text._malloc_r
                0x0800ec58      0x100 C:/ST/STM32CubeIDE_1.15.0/STM32CubeIDE/plugins/com.st.stm32cube.ide.mcu.externaltools.gnu-tools-for-stm32.12.3.rel1.win32_1.0.100.202403111256/tools/bin/../lib/gcc/arm-none-eabi/12.3.1/../../../../arm-none-eabi/lib/thumb/v7e-m+fp/hard\libc_nano.a(libc_a-mallocr.o)
                0x0800ec58                _malloc_r
 .text.__malloc_lock
                0x0800ed58        0xc C:/ST/STM32CubeIDE_1.15.0/STM32CubeIDE/plugins/com.st.stm32cube.ide.mcu.externaltools.gnu-tools-for-stm32.12.3.rel1.win32_1.0.100.202403111256/tools/bin/../lib/gcc/arm-none-eabi/12.3.1/../../../../arm-none-eabi/lib/thumb/v7e-m+fp/hard\libc_nano.a(libc_a-mlock.o)
                0x0800ed58                __malloc_lock
 .text.__malloc_unlock
                0x0800ed64        0xc C:/ST/STM32CubeIDE_1.15.0/STM32CubeIDE/plugins/com.st.stm32cube.ide.mcu.externaltools.gnu-tools-for-stm32.12.3.rel1.win32_1.0.100.202403111256/tools/bin/../lib/gcc/arm-none-eabi/12.3.1/../../../../arm-none-eabi/lib/thumb/v7e-m+fp/hard\libc_nano.a(libc_a-mlock.o)
                0x0800ed64                __malloc_unlock
 .text._Balloc  0x0800ed70       0x80 C:/ST/STM32CubeIDE_1.15.0/STM32CubeIDE/plugins/com.st.stm32cube.ide.mcu.externaltools.gnu-tools-for-stm32.12.3.rel1.win32_1.0.100.202403111256/tools/bin/../lib/gcc/arm-none-eabi/12.3.1/../../../../arm-none-eabi/lib/thumb/v7e-m+fp/hard\libc_nano.a(libc_a-mprec.o)
                0x0800ed70                _Balloc
 .text._Bfree   0x0800edf0       0x44 C:/ST/STM32CubeIDE_1.15.0/STM32CubeIDE/plugins/com.st.stm32cube.ide.mcu.externaltools.gnu-tools-for-stm32.12.3.rel1.win32_1.0.100.202403111256/tools/bin/../lib/gcc/arm-none-eabi/12.3.1/../../../../arm-none-eabi/lib/thumb/v7e-m+fp/hard\libc_nano.a(libc_a-mprec.o)
                0x0800edf0                _Bfree
 .text.__multadd
                0x0800ee34       0x8c C:/ST/STM32CubeIDE_1.15.0/STM32CubeIDE/plugins/com.st.stm32cube.ide.mcu.externaltools.gnu-tools-for-stm32.12.3.rel1.win32_1.0.100.202403111256/tools/bin/../lib/gcc/arm-none-eabi/12.3.1/../../../../arm-none-eabi/lib/thumb/v7e-m+fp/hard\libc_nano.a(libc_a-mprec.o)
                0x0800ee34                __multadd
 .text.__hi0bits
                0x0800eec0       0x3e C:/ST/STM32CubeIDE_1.15.0/STM32CubeIDE/plugins/com.st.stm32cube.ide.mcu.externaltools.gnu-tools-for-stm32.12.3.rel1.win32_1.0.100.202403111256/tools/bin/../lib/gcc/arm-none-eabi/12.3.1/../../../../arm-none-eabi/lib/thumb/v7e-m+fp/hard\libc_nano.a(libc_a-mprec.o)
                0x0800eec0                __hi0bits
 .text.__lo0bits
                0x0800eefe       0x5a C:/ST/STM32CubeIDE_1.15.0/STM32CubeIDE/plugins/com.st.stm32cube.ide.mcu.externaltools.gnu-tools-for-stm32.12.3.rel1.win32_1.0.100.202403111256/tools/bin/../lib/gcc/arm-none-eabi/12.3.1/../../../../arm-none-eabi/lib/thumb/v7e-m+fp/hard\libc_nano.a(libc_a-mprec.o)
                0x0800eefe                __lo0bits
 .text.__i2b    0x0800ef58       0x2c C:/ST/STM32CubeIDE_1.15.0/STM32CubeIDE/plugins/com.st.stm32cube.ide.mcu.externaltools.gnu-tools-for-stm32.12.3.rel1.win32_1.0.100.202403111256/tools/bin/../lib/gcc/arm-none-eabi/12.3.1/../../../../arm-none-eabi/lib/thumb/v7e-m+fp/hard\libc_nano.a(libc_a-mprec.o)
                0x0800ef58                __i2b
 .text.__multiply
                0x0800ef84      0x154 C:/ST/STM32CubeIDE_1.15.0/STM32CubeIDE/plugins/com.st.stm32cube.ide.mcu.externaltools.gnu-tools-for-stm32.12.3.rel1.win32_1.0.100.202403111256/tools/bin/../lib/gcc/arm-none-eabi/12.3.1/../../../../arm-none-eabi/lib/thumb/v7e-m+fp/hard\libc_nano.a(libc_a-mprec.o)
                0x0800ef84                __multiply
 .text.__pow5mult
                0x0800f0d8       0xb4 C:/ST/STM32CubeIDE_1.15.0/STM32CubeIDE/plugins/com.st.stm32cube.ide.mcu.externaltools.gnu-tools-for-stm32.12.3.rel1.win32_1.0.100.202403111256/tools/bin/../lib/gcc/arm-none-eabi/12.3.1/../../../../arm-none-eabi/lib/thumb/v7e-m+fp/hard\libc_nano.a(libc_a-mprec.o)
                0x0800f0d8                __pow5mult
 .text.__lshift
                0x0800f18c       0xd8 C:/ST/STM32CubeIDE_1.15.0/STM32CubeIDE/plugins/com.st.stm32cube.ide.mcu.externaltools.gnu-tools-for-stm32.12.3.rel1.win32_1.0.100.202403111256/tools/bin/../lib/gcc/arm-none-eabi/12.3.1/../../../../arm-none-eabi/lib/thumb/v7e-m+fp/hard\libc_nano.a(libc_a-mprec.o)
                0x0800f18c                __lshift
 .text.__mcmp   0x0800f264       0x36 C:/ST/STM32CubeIDE_1.15.0/STM32CubeIDE/plugins/com.st.stm32cube.ide.mcu.externaltools.gnu-tools-for-stm32.12.3.rel1.win32_1.0.100.202403111256/tools/bin/../lib/gcc/arm-none-eabi/12.3.1/../../../../arm-none-eabi/lib/thumb/v7e-m+fp/hard\libc_nano.a(libc_a-mprec.o)
                0x0800f264                __mcmp
 *fill*         0x0800f29a        0x2 
 .text.__mdiff  0x0800f29c      0x128 C:/ST/STM32CubeIDE_1.15.0/STM32CubeIDE/plugins/com.st.stm32cube.ide.mcu.externaltools.gnu-tools-for-stm32.12.3.rel1.win32_1.0.100.202403111256/tools/bin/../lib/gcc/arm-none-eabi/12.3.1/../../../../arm-none-eabi/lib/thumb/v7e-m+fp/hard\libc_nano.a(libc_a-mprec.o)
                0x0800f29c                __mdiff
 .text.__d2b    0x0800f3c4       0xb0 C:/ST/STM32CubeIDE_1.15.0/STM32CubeIDE/plugins/com.st.stm32cube.ide.mcu.externaltools.gnu-tools-for-stm32.12.3.rel1.win32_1.0.100.202403111256/tools/bin/../lib/gcc/arm-none-eabi/12.3.1/../../../../arm-none-eabi/lib/thumb/v7e-m+fp/hard\libc_nano.a(libc_a-mprec.o)
                0x0800f3c4                __d2b
 .text.__ssputs_r
                0x0800f474       0xb6 C:/ST/STM32CubeIDE_1.15.0/STM32CubeIDE/plugins/com.st.stm32cube.ide.mcu.externaltools.gnu-tools-for-stm32.12.3.rel1.win32_1.0.100.202403111256/tools/bin/../lib/gcc/arm-none-eabi/12.3.1/../../../../arm-none-eabi/lib/thumb/v7e-m+fp/hard\libc_nano.a(libc_a-nano-svfprintf.o)
                0x0800f474                __ssputs_r
 *fill*         0x0800f52a        0x2 
 .text._svfprintf_r
                0x0800f52c      0x1f8 C:/ST/STM32CubeIDE_1.15.0/STM32CubeIDE/plugins/com.st.stm32cube.ide.mcu.externaltools.gnu-tools-for-stm32.12.3.rel1.win32_1.0.100.202403111256/tools/bin/../lib/gcc/arm-none-eabi/12.3.1/../../../../arm-none-eabi/lib/thumb/v7e-m+fp/hard\libc_nano.a(libc_a-nano-svfprintf.o)
                0x0800f52c                _svfiprintf_r
                0x0800f52c                _svfprintf_r
 .text.__sfputc_r
                0x0800f724       0x2e C:/ST/STM32CubeIDE_1.15.0/STM32CubeIDE/plugins/com.st.stm32cube.ide.mcu.externaltools.gnu-tools-for-stm32.12.3.rel1.win32_1.0.100.202403111256/tools/bin/../lib/gcc/arm-none-eabi/12.3.1/../../../../arm-none-eabi/lib/thumb/v7e-m+fp/hard\libc_nano.a(libc_a-nano-vfprintf.o)
 .text.__sfputs_r
                0x0800f752       0x24 C:/ST/STM32CubeIDE_1.15.0/STM32CubeIDE/plugins/com.st.stm32cube.ide.mcu.externaltools.gnu-tools-for-stm32.12.3.rel1.win32_1.0.100.202403111256/tools/bin/../lib/gcc/arm-none-eabi/12.3.1/../../../../arm-none-eabi/lib/thumb/v7e-m+fp/hard\libc_nano.a(libc_a-nano-vfprintf.o)
                0x0800f752                __sfputs_r
 *fill*         0x0800f776        0x2 
 .text._vfprintf_r
                0x0800f778      0x230 C:/ST/STM32CubeIDE_1.15.0/STM32CubeIDE/plugins/com.st.stm32cube.ide.mcu.externaltools.gnu-tools-for-stm32.12.3.rel1.win32_1.0.100.202403111256/tools/bin/../lib/gcc/arm-none-eabi/12.3.1/../../../../arm-none-eabi/lib/thumb/v7e-m+fp/hard\libc_nano.a(libc_a-nano-vfprintf.o)
                0x0800f778                _vfprintf_r
                0x0800f778                _vfiprintf_r
 .text.__sflush_r
                0x0800f9a8      0x108 C:/ST/STM32CubeIDE_1.15.0/STM32CubeIDE/plugins/com.st.stm32cube.ide.mcu.externaltools.gnu-tools-for-stm32.12.3.rel1.win32_1.0.100.202403111256/tools/bin/../lib/gcc/arm-none-eabi/12.3.1/../../../../arm-none-eabi/lib/thumb/v7e-m+fp/hard\libc_nano.a(libc_a-fflush.o)
                0x0800f9a8                __sflush_r
 .text._fflush_r
                0x0800fab0       0x50 C:/ST/STM32CubeIDE_1.15.0/STM32CubeIDE/plugins/com.st.stm32cube.ide.mcu.externaltools.gnu-tools-for-stm32.12.3.rel1.win32_1.0.100.202403111256/tools/bin/../lib/gcc/arm-none-eabi/12.3.1/../../../../arm-none-eabi/lib/thumb/v7e-m+fp/hard\libc_nano.a(libc_a-fflush.o)
                0x0800fab0                _fflush_r
 .text.__swhatbuf_r
                0x0800fb00       0x4c C:/ST/STM32CubeIDE_1.15.0/STM32CubeIDE/plugins/com.st.stm32cube.ide.mcu.externaltools.gnu-tools-for-stm32.12.3.rel1.win32_1.0.100.202403111256/tools/bin/../lib/gcc/arm-none-eabi/12.3.1/../../../../arm-none-eabi/lib/thumb/v7e-m+fp/hard\libc_nano.a(libc_a-makebuf.o)
                0x0800fb00                __swhatbuf_r
 .text.__smakebuf_r
                0x0800fb4c       0x78 C:/ST/STM32CubeIDE_1.15.0/STM32CubeIDE/plugins/com.st.stm32cube.ide.mcu.externaltools.gnu-tools-for-stm32.12.3.rel1.win32_1.0.100.202403111256/tools/bin/../lib/gcc/arm-none-eabi/12.3.1/../../../../arm-none-eabi/lib/thumb/v7e-m+fp/hard\libc_nano.a(libc_a-makebuf.o)
                0x0800fb4c                __smakebuf_r
 .text.memmove  0x0800fbc4       0x34 C:/ST/STM32CubeIDE_1.15.0/STM32CubeIDE/plugins/com.st.stm32cube.ide.mcu.externaltools.gnu-tools-for-stm32.12.3.rel1.win32_1.0.100.202403111256/tools/bin/../lib/gcc/arm-none-eabi/12.3.1/../../../../arm-none-eabi/lib/thumb/v7e-m+fp/hard\libc_nano.a(libc_a-memmove.o)