23:33:30 **** Incremental Build of configuration Debug for project F401_test_board ****
make -j12 all 
arm-none-eabi-gcc "../Core/Src/main.c" -mcpu=cortex-m4 -std=gnu11 -g3 -DDEBUG -DUSE_HAL_DRIVER -DSTM32F401xC -c -I../Core/Inc -I../Drivers/STM32F4xx_HAL_Driver/Inc -I../Drivers/STM32F4xx_HAL_Driver/Inc/Legacy -I../Drivers/CMSIS/Device/ST/STM32F4xx/Include -I../Drivers/CMSIS/Include -I../Middlewares/Third_Party/FreeRTOS/Source/include -I../Middlewares/Third_Party/FreeRTOS/Source/CMSIS_RTOS_V2 -I../Middlewares/Third_Party/FreeRTOS/Source/portable/GCC/ARM_CM4F -I../USB_DEVICE/App -I../USB_DEVICE/Target -I../Middlewares/ST/STM32_USB_Device_Library/Core/Inc -I../Middlewares/ST/STM32_USB_Device_Library/Class/CDC/Inc -O0 -ffunction-sections -fdata-sections -Wall -fstack-usage -fcyclomatic-complexity -MMD -MP -MF"Core/Src/main.d" -MT"Core/Src/main.o" --specs=nano.specs -mfpu=fpv4-sp-d16 -mfloat-abi=hard -mthumb -o "Core/Src/main.o"
arm-none-eabi-gcc -o "F401_test_board.elf" @"objects.list"   -mcpu=cortex-m4 -T"C:\Users\bnarb\STM32CubeIDE\workspace_1.15.0\F401_test_board\STM32F401CCUX_FLASH.ld" --specs=nosys.specs -Wl,-Map="F401_test_board.map" -Wl,--gc-sections -static --specs=nano.specs -mfpu=fpv4-sp-d16 -mfloat-abi=hard -mthumb -u _printf_float -Wl,--start-group -lc -lm -Wl,--end-group
Finished building target: F401_test_board.elf
 
arm-none-eabi-size  F401_test_board.elf 
arm-none-eabi-objdump -h -S F401_test_board.elf  > "F401_test_board.list"
   text	   data	    bss	    dec	    hex	filename
  69712	    716	  26684	  97112	  17b58	F401_test_board.elf
Finished building: default.size.stdout
 
Finished building: F401_test_board.list
 

23:33:31 Build Finished. 0 errors, 0 warnings. (took 1s.199ms)

