21:29:08 **** Incremental Build of configuration Debug for project test_board_usb_test ****
make -j12 all 
arm-none-eabi-gcc "../Core/Src/main.c" -mcpu=cortex-m4 -std=gnu11 -g3 -DDEBUG -DUSE_HAL_DRIVER -DSTM32F405xx -c -I../Core/Inc -I../Drivers/STM32F4xx_HAL_Driver/Inc -I../Drivers/STM32F4xx_HAL_Driver/Inc/Legacy -I../Drivers/CMSIS/Device/ST/STM32F4xx/Include -I../Drivers/CMSIS/Include -I../USB_DEVICE/App -I../USB_DEVICE/Target -I../Middlewares/ST/STM32_USB_Device_Library/Core/Inc -I../Middlewares/ST/STM32_USB_Device_Library/Class/CDC/Inc -O0 -ffunction-sections -fdata-sections -Wall -fstack-usage -fcyclomatic-complexity -MMD -MP -MF"Core/Src/main.d" -MT"Core/Src/main.o" --specs=nano.specs -mfpu=fpv4-sp-d16 -mfloat-abi=hard -mthumb -o "Core/Src/main.o"
arm-none-eabi-gcc -o "test_board_usb_test.elf" @"objects.list"   -mcpu=cortex-m4 -T"C:\Users\bnarb\STM32CubeIDE\workspace_1.15.0\test_board_usb_test\STM32F405RGTX_FLASH.ld" --specs=nosys.specs -Wl,-Map="test_board_usb_test.map" -Wl,--gc-sections -static --specs=nano.specs -mfpu=fpv4-sp-d16 -mfloat-abi=hard -mthumb -Wl,--start-group -lc -lm -Wl,--end-group
Finished building target: test_board_usb_test.elf
 
arm-none-eabi-size  test_board_usb_test.elf 
arm-none-eabi-objdump -h -S test_board_usb_test.elf  > "test_board_usb_test.list"
   text	   data	    bss	    dec	    hex	filename
  30536	    332	   9044	  39912	   9be8	test_board_usb_test.elf
Finished building: default.size.stdout
 
Finished building: test_board_usb_test.list
 
21:29:51 **** Incremental Build of configuration Debug for project test_board_usb_test ****
make -j12 all 
arm-none-eabi-size  test_board_usb_test.elf 
   text	   data	    bss	    dec	    hex	filename
  30536	    332	   9044	  39912	   9be8	test_board_usb_test.elf
Finished building: default.size.stdout
 
21:30:05 **** Incremental Build of configuration Debug for project test_board_usb_test ****
make -j12 all 
arm-none-eabi-size  test_board_usb_test.elf 
   text	   data	    bss	    dec	    hex	filename
  30536	    332	   9044	  39912	   9be8	test_board_usb_test.elf
Finished building: default.size.stdout
 
21:32:38 **** Incremental Build of configuration Debug for project test_board_usb_test ****
make -j12 all 
arm-none-eabi-gcc "../Core/Src/main.c" -mcpu=cortex-m4 -std=gnu11 -g3 -DDEBUG -DUSE_HAL_DRIVER -DSTM32F405xx -c -I../Core/Inc -I../Drivers/STM32F4xx_HAL_Driver/Inc -I../Drivers/STM32F4xx_HAL_Driver/Inc/Legacy -I../Drivers/CMSIS/Device/ST/STM32F4xx/Include -I../Drivers/CMSIS/Include -I../USB_DEVICE/App -I../USB_DEVICE/Target -I../Middlewares/ST/STM32_USB_Device_Library/Core/Inc -I../Middlewares/ST/STM32_USB_Device_Library/Class/CDC/Inc -O0 -ffunction-sections -fdata-sections -Wall -fstack-usage -fcyclomatic-complexity -MMD -MP -MF"Core/Src/main.d" -MT"Core/Src/main.o" --specs=nano.specs -mfpu=fpv4-sp-d16 -mfloat-abi=hard -mthumb -o "Core/Src/main.o"
arm-none-eabi-gcc -o "test_board_usb_test.elf" @"objects.list"   -mcpu=cortex-m4 -T"C:\Users\bnarb\STM32CubeIDE\workspace_1.15.0\test_board_usb_test\STM32F405RGTX_FLASH.ld" --specs=nosys.specs -Wl,-Map="test_board_usb_test.map" -Wl,--gc-sections -static --specs=nano.specs -mfpu=fpv4-sp-d16 -mfloat-abi=hard -mthumb -Wl,--start-group -lc -lm -Wl,--end-group
Finished building target: test_board_usb_test.elf
 
arm-none-eabi-size  test_board_usb_test.elf 
arm-none-eabi-objdump -h -S test_board_usb_test.elf  > "test_board_usb_test.list"
   text	   data	    bss	    dec	    hex	filename
  30528	    332	   9044	  39904	   9be0	test_board_usb_test.elf
Finished building: default.size.stdout
 
Finished building: test_board_usb_test.list
 
21:33:08 **** Incremental Build of configuration Debug for project test_board_usb_test ****
make -j12 all 
arm-none-eabi-size  test_board_usb_test.elf 
   text	   data	    bss	    dec	    hex	filename
  30528	    332	   9044	  39904	   9be0	test_board_usb_test.elf
Finished building: default.size.stdout
 
21:40:28 **** Incremental Build of configuration Debug for project test_board_usb_test ****
make -j12 all 
arm-none-eabi-gcc "../Core/Src/main.c" -mcpu=cortex-m4 -std=gnu11 -g3 -DDEBUG -DUSE_HAL_DRIVER -DSTM32F405xx -c -I../Core/Inc -I../Drivers/STM32F4xx_HAL_Driver/Inc -I../Drivers/STM32F4xx_HAL_Driver/Inc/Legacy -I../Drivers/CMSIS/Device/ST/STM32F4xx/Include -I../Drivers/CMSIS/Include -I../USB_DEVICE/App -I../USB_DEVICE/Target -I../Middlewares/ST/STM32_USB_Device_Library/Core/Inc -I../Middlewares/ST/STM32_USB_Device_Library/Class/CDC/Inc -O0 -ffunction-sections -fdata-sections -Wall -fstack-usage -fcyclomatic-complexity -MMD -MP -MF"Core/Src/main.d" -MT"Core/Src/main.o" --specs=nano.specs -mfpu=fpv4-sp-d16 -mfloat-abi=hard -mthumb -o "Core/Src/main.o"
arm-none-eabi-gcc -o "test_board_usb_test.elf" @"objects.list"   -mcpu=cortex-m4 -T"C:\Users\bnarb\STM32CubeIDE\workspace_1.15.0\test_board_usb_test\STM32F405RGTX_FLASH.ld" --specs=nosys.specs -Wl,-Map="test_board_usb_test.map" -Wl,--gc-sections -static --specs=nano.specs -mfpu=fpv4-sp-d16 -mfloat-abi=hard -mthumb -Wl,--start-group -lc -lm -Wl,--end-group
Finished building target: test_board_usb_test.elf
 
arm-none-eabi-size  test_board_usb_test.elf 
arm-none-eabi-objdump -h -S test_board_usb_test.elf  > "test_board_usb_test.list"
   text	   data	    bss	    dec	    hex	filename
  30556	    332	   9044	  39932	   9bfc	test_board_usb_test.elf
Finished building: default.size.stdout
 
Finished building: test_board_usb_test.list
 
